192.168.5.148 - - [02/Apr/2014:07:42:27 +0100] "GET /chat/php/ajax.php?action=getChats&lastID=68 HTTP/1.1" 200 439 "http://192.168.5.1/chat/ajax-chat.html" "Mozilla/5.0 (Linux; Android 4.1.2; SHV-E210L Build/JZO54K) AppleWebKit/537.36 (KHTML, like Gecko) Chrome/33.0.1750.170 Mobile Safari/537.36"
192.168.5.148 - - [02/Apr/2014:07:42:28 +0100] "GET /chat/php/ajax.php?action=getChats&lastID=68 HTTP/1.1" 200 439 "http://192.168.5.1/chat/ajax-chat.html" "Mozilla/5.0 (Linux; Android 4.1.2; SHV-E210L Build/JZO54K) AppleWebKit/537.36 (KHTML, like Gecko) Chrome/33.0.1750.170 Mobile Safari/537.36"
192.168.5.148 - - [02/Apr/2014:07:42:29 +0100] "GET /chat/php/ajax.php?action=getChats&lastID=68 HTTP/1.1" 200 439 "http://192.168.5.1/chat/ajax-chat.html" "Mozilla/5.0 (Linux; Android 4.1.2; SHV-E210L Build/JZO54K) AppleWebKit/537.36 (KHTML, like Gecko) Chrome/33.0.1750.170 Mobile Safari/537.36"
192.168.5.148 - - [02/Apr/2014:07:42:31 +0100] "GET /chat/php/ajax.php?action=getChats&lastID=68 HTTP/1.1" 200 439 "http://192.168.5.1/chat/ajax-chat.html" "Mozilla/5.0 (Linux; Android 4.1.2; SHV-E210L Build/JZO54K) AppleWebKit/537.36 (KHTML, like Gecko) Chrome/33.0.1750.170 Mobile Safari/537.36"
192.168.5.148 - - [02/Apr/2014:07:42:33 +0100] "GET /chat/php/ajax.php?action=getChats&lastID=68 HTTP/1.1" 200 439 "http://192.168.5.1/chat/ajax-chat.html" "Mozilla/5.0 (Linux; Android 4.1.2; SHV-E210L Build/JZO54K) AppleWebKit/537.36 (KHTML, like Gecko) Chrome/33.0.1750.170 Mobile Safari/537.36"
192.168.5.148 - - [02/Apr/2014:07:42:35 +0100] "GET /chat/php/ajax.php?action=getChats&lastID=68 HTTP/1.1" 200 439 "http://192.168.5.1/chat/ajax-chat.html" "Mozilla/5.0 (Linux; Android 4.1.2; SHV-E210L Build/JZO54K) AppleWebKit/537.36 (KHTML, like Gecko) Chrome/33.0.1750.170 Mobile Safari/537.36"
192.168.5.148 - - [02/Apr/2014:07:42:37 +0100] "GET /chat/php/ajax.php?action=getUsers HTTP/1.1" 200 632 "http://192.168.5.1/chat/ajax-chat.html" "Mozilla/5.0 (Linux; Android 4.1.2; SHV-E210L Build/JZO54K) AppleWebKit/537.36 (KHTML, like Gecko) Chrome/33.0.1750.170 Mobile Safari/537.36"
192.168.5.148 - - [02/Apr/2014:07:42:37 +0100] "GET /avatar/a7b5bcdb77dffe452d922b454a63b4c3?size=30&default=http%3A%2F%2Fwww.gravatar.com%2Favatar%2Fad516503a11cd5ca435acc9bb6523536%3Fsize%3D30 HTTP/1.1" 404 1292 "http://192.168.5.1/chat/ajax-chat.html" "Mozilla/5.0 (Linux; Android 4.1.2; SHV-E210L Build/JZO54K) AppleWebKit/537.36 (KHTML, like Gecko) Chrome/33.0.1750.170 Mobile Safari/537.36"
192.168.5.148 - - [02/Apr/2014:07:42:38 +0100] "GET /chat/php/ajax.php?action=getChats&lastID=68 HTTP/1.1" 200 439 "http://192.168.5.1/chat/ajax-chat.html" "Mozilla/5.0 (Linux; Android 4.1.2; SHV-E210L Build/JZO54K) AppleWebKit/537.36 (KHTML, like Gecko) Chrome/33.0.1750.170 Mobile Safari/537.36"
192.168.5.148 - - [02/Apr/2014:07:42:40 +0100] "GET /chat/php/ajax.php?action=getChats&lastID=68 HTTP/1.1" 200 439 "http://192.168.5.1/chat/ajax-chat.html" "Mozilla/5.0 (Linux; Android 4.1.2; SHV-E210L Build/JZO54K) AppleWebKit/537.36 (KHTML, like Gecko) Chrome/33.0.1750.170 Mobile Safari/537.36"
192.168.5.148 - - [02/Apr/2014:07:42:42 +0100] "GET /chat/php/ajax.php?action=getChats&lastID=68 HTTP/1.1" 200 439 "http://192.168.5.1/chat/ajax-chat.html" "Mozilla/5.0 (Linux; Android 4.1.2; SHV-E210L Build/JZO54K) AppleWebKit/537.36 (KHTML, like Gecko) Chrome/33.0.1750.170 Mobile Safari/537.36"
192.168.5.148 - - [02/Apr/2014:07:42:44 +0100] "GET /chat/php/ajax.php?action=getChats&lastID=68 HTTP/1.1" 200 439 "http://192.168.5.1/chat/ajax-chat.html" "Mozilla/5.0 (Linux; Android 4.1.2; SHV-E210L Build/JZO54K) AppleWebKit/537.36 (KHTML, like Gecko) Chrome/33.0.1750.170 Mobile Safari/537.36"
192.168.5.148 - - [02/Apr/2014:07:42:48 +0100] "GET /generate_204 HTTP/1.1" 200 2005 "-" "Dalvik/1.6.0 (Linux; U; Android 4.1.2; SHV-E210L Build/JZO54K)"
192.168.5.148 - - [02/Apr/2014:07:42:49 +0100] "GET /chat/php/ajax.php?action=getChats&lastID=68 HTTP/1.1" 200 440 "http://192.168.5.1/chat/ajax-chat.html" "Mozilla/5.0 (Linux; Android 4.1.2; SHV-E210L Build/JZO54K) AppleWebKit/537.36 (KHTML, like Gecko) Chrome/33.0.1750.170 Mobile Safari/537.36"
192.168.5.148 - - [02/Apr/2014:07:42:53 +0100] "GET /chat/php/ajax.php?action=getUsers HTTP/1.1" 200 632 "http://192.168.5.1/chat/ajax-chat.html" "Mozilla/5.0 (Linux; Android 4.1.2; SHV-E210L Build/JZO54K) AppleWebKit/537.36 (KHTML, like Gecko) Chrome/33.0.1750.170 Mobile Safari/537.36"
192.168.5.148 - - [02/Apr/2014:07:42:53 +0100] "GET /avatar/a7b5bcdb77dffe452d922b454a63b4c3?size=30&default=http%3A%2F%2Fwww.gravatar.com%2Favatar%2Fad516503a11cd5ca435acc9bb6523536%3Fsize%3D30 HTTP/1.1" 404 1292 "http://192.168.5.1/chat/ajax-chat.html" "Mozilla/5.0 (Linux; Android 4.1.2; SHV-E210L Build/JZO54K) AppleWebKit/537.36 (KHTML, like Gecko) Chrome/33.0.1750.170 Mobile Safari/537.36"
192.168.5.148 - - [02/Apr/2014:07:42:54 +0100] "GET /chat/php/ajax.php?action=getChats&lastID=68 HTTP/1.1" 200 439 "http://192.168.5.1/chat/ajax-chat.html" "Mozilla/5.0 (Linux; Android 4.1.2; SHV-E210L Build/JZO54K) AppleWebKit/537.36 (KHTML, like Gecko) Chrome/33.0.1750.170 Mobile Safari/537.36"
192.168.5.134 - - [02/Apr/2014:07:42:57 +0100] "-" 408 0 "-" "-"
192.168.5.148 - - [02/Apr/2014:07:43:00 +0100] "GET /chat/php/ajax.php?action=getChats&lastID=68 HTTP/1.1" 200 440 "http://192.168.5.1/chat/ajax-chat.html" "Mozilla/5.0 (Linux; Android 4.1.2; SHV-E210L Build/JZO54K) AppleWebKit/537.36 (KHTML, like Gecko) Chrome/33.0.1750.170 Mobile Safari/537.36"
192.168.5.148 - - [02/Apr/2014:07:43:06 +0100] "GET /chat/php/ajax.php?action=getChats&lastID=68 HTTP/1.1" 200 440 "http://192.168.5.1/chat/ajax-chat.html" "Mozilla/5.0 (Linux; Android 4.1.2; SHV-E210L Build/JZO54K) AppleWebKit/537.36 (KHTML, like Gecko) Chrome/33.0.1750.170 Mobile Safari/537.36"
192.168.5.148 - - [02/Apr/2014:07:43:08 +0100] "GET /chat/php/ajax.php?action=getUsers HTTP/1.1" 200 633 "http://192.168.5.1/chat/ajax-chat.html" "Mozilla/5.0 (Linux; Android 4.1.2; SHV-E210L Build/JZO54K) AppleWebKit/537.36 (KHTML, like Gecko) Chrome/33.0.1750.170 Mobile Safari/537.36"
192.168.5.148 - - [02/Apr/2014:07:43:08 +0100] "GET /avatar/a7b5bcdb77dffe452d922b454a63b4c3?size=30&default=http%3A%2F%2Fwww.gravatar.com%2Favatar%2Fad516503a11cd5ca435acc9bb6523536%3Fsize%3D30 HTTP/1.1" 404 1292 "http://192.168.5.1/chat/ajax-chat.html" "Mozilla/5.0 (Linux; Android 4.1.2; SHV-E210L Build/JZO54K) AppleWebKit/537.36 (KHTML, like Gecko) Chrome/33.0.1750.170 Mobile Safari/537.36"
192.168.5.148 - - [02/Apr/2014:07:43:12 +0100] "GET /chat/php/ajax.php?action=getChats&lastID=68 HTTP/1.1" 200 439 "http://192.168.5.1/chat/ajax-chat.html" "Mozilla/5.0 (Linux; Android 4.1.2; SHV-E210L Build/JZO54K) AppleWebKit/537.36 (KHTML, like Gecko) Chrome/33.0.1750.170 Mobile Safari/537.36"
192.168.5.148 - - [02/Apr/2014:07:43:18 +0100] "GET /chat/php/ajax.php?action=getChats&lastID=68 HTTP/1.1" 200 440 "http://192.168.5.1/chat/ajax-chat.html" "Mozilla/5.0 (Linux; Android 4.1.2; SHV-E210L Build/JZO54K) AppleWebKit/537.36 (KHTML, like Gecko) Chrome/33.0.1750.170 Mobile Safari/537.36"
192.168.5.148 - - [02/Apr/2014:07:43:24 +0100] "GET /chat/php/ajax.php?action=getUsers HTTP/1.1" 200 633 "http://192.168.5.1/chat/ajax-chat.html" "Mozilla/5.0 (Linux; Android 4.1.2; SHV-E210L Build/JZO54K) AppleWebKit/537.36 (KHTML, like Gecko) Chrome/33.0.1750.170 Mobile Safari/537.36"
192.168.5.148 - - [02/Apr/2014:07:43:24 +0100] "GET /chat/php/ajax.php?action=getChats&lastID=68 HTTP/1.1" 200 440 "http://192.168.5.1/chat/ajax-chat.html" "Mozilla/5.0 (Linux; Android 4.1.2; SHV-E210L Build/JZO54K) AppleWebKit/537.36 (KHTML, like Gecko) Chrome/33.0.1750.170 Mobile Safari/537.36"
192.168.5.148 - - [02/Apr/2014:07:43:24 +0100] "GET /avatar/a7b5bcdb77dffe452d922b454a63b4c3?size=30&default=http%3A%2F%2Fwww.gravatar.com%2Favatar%2Fad516503a11cd5ca435acc9bb6523536%3Fsize%3D30 HTTP/1.1" 404 1292 "http://192.168.5.1/chat/ajax-chat.html" "Mozilla/5.0 (Linux; Android 4.1.2; SHV-E210L Build/JZO54K) AppleWebKit/537.36 (KHTML, like Gecko) Chrome/33.0.1750.170 Mobile Safari/537.36"
192.168.5.148 - - [02/Apr/2014:07:43:30 +0100] "GET /chat/php/ajax.php?action=getChats&lastID=68 HTTP/1.1" 200 440 "http://192.168.5.1/chat/ajax-chat.html" "Mozilla/5.0 (Linux; Android 4.1.2; SHV-E210L Build/JZO54K) AppleWebKit/537.36 (KHTML, like Gecko) Chrome/33.0.1750.170 Mobile Safari/537.36"
192.168.5.148 - - [02/Apr/2014:07:43:36 +0100] "GET /chat/php/ajax.php?action=getChats&lastID=68 HTTP/1.1" 200 440 "http://192.168.5.1/chat/ajax-chat.html" "Mozilla/5.0 (Linux; Android 4.1.2; SHV-E210L Build/JZO54K) AppleWebKit/537.36 (KHTML, like Gecko) Chrome/33.0.1750.170 Mobile Safari/537.36"
192.168.5.148 - - [02/Apr/2014:07:43:40 +0100] "GET /chat/php/ajax.php?action=getUsers HTTP/1.1" 200 632 "http://192.168.5.1/chat/ajax-chat.html" "Mozilla/5.0 (Linux; Android 4.1.2; SHV-E210L Build/JZO54K) AppleWebKit/537.36 (KHTML, like Gecko) Chrome/33.0.1750.170 Mobile Safari/537.36"
192.168.5.148 - - [02/Apr/2014:07:43:40 +0100] "GET /avatar/a7b5bcdb77dffe452d922b454a63b4c3?size=30&default=http%3A%2F%2Fwww.gravatar.com%2Favatar%2Fad516503a11cd5ca435acc9bb6523536%3Fsize%3D30 HTTP/1.1" 404 1292 "http://192.168.5.1/chat/ajax-chat.html" "Mozilla/5.0 (Linux; Android 4.1.2; SHV-E210L Build/JZO54K) AppleWebKit/537.36 (KHTML, like Gecko) Chrome/33.0.1750.170 Mobile Safari/537.36"
192.168.5.148 - - [02/Apr/2014:07:43:42 +0100] "GET /chat/php/ajax.php?action=getChats&lastID=68 HTTP/1.1" 200 439 "http://192.168.5.1/chat/ajax-chat.html" "Mozilla/5.0 (Linux; Android 4.1.2; SHV-E210L Build/JZO54K) AppleWebKit/537.36 (KHTML, like Gecko) Chrome/33.0.1750.170 Mobile Safari/537.36"
192.168.5.148 - - [02/Apr/2014:07:43:48 +0100] "GET /generate_204 HTTP/1.1" 200 2005 "-" "Dalvik/1.6.0 (Linux; U; Android 4.1.2; SHV-E210L Build/JZO54K)"
::1 - - [02/Apr/2014:07:43:50 +0100] "OPTIONS * HTTP/1.0" 200 126 "-" "Apache/2.2.22 (Debian) (internal dummy connection)"
192.168.5.148 - - [02/Apr/2014:07:43:56 +0100] "GET /chat/php/ajax.php?action=getUsers HTTP/1.1" 200 633 "http://192.168.5.1/chat/ajax-chat.html" "Mozilla/5.0 (Linux; Android 4.1.2; SHV-E210L Build/JZO54K) AppleWebKit/537.36 (KHTML, like Gecko) Chrome/33.0.1750.170 Mobile Safari/537.36"
192.168.5.148 - - [02/Apr/2014:07:43:56 +0100] "GET /avatar/a7b5bcdb77dffe452d922b454a63b4c3?size=30&default=http%3A%2F%2Fwww.gravatar.com%2Favatar%2Fad516503a11cd5ca435acc9bb6523536%3Fsize%3D30 HTTP/1.1" 404 1292 "http://192.168.5.1/chat/ajax-chat.html" "Mozilla/5.0 (Linux; Android 4.1.2; SHV-E210L Build/JZO54K) AppleWebKit/537.36 (KHTML, like Gecko) Chrome/33.0.1750.170 Mobile Safari/537.36"
192.168.5.148 - - [02/Apr/2014:07:43:58 +0100] "GET /chat/php/ajax.php?action=getChats&lastID=68 HTTP/1.1" 200 439 "http://192.168.5.1/chat/ajax-chat.html" "Mozilla/5.0 (Linux; Android 4.1.2; SHV-E210L Build/JZO54K) AppleWebKit/537.36 (KHTML, like Gecko) Chrome/33.0.1750.170 Mobile Safari/537.36"
192.168.5.148 - - [02/Apr/2014:07:44:12 +0100] "GET /chat/php/ajax.php?action=getUsers HTTP/1.1" 200 633 "http://192.168.5.1/chat/ajax-chat.html" "Mozilla/5.0 (Linux; Android 4.1.2; SHV-E210L Build/JZO54K) AppleWebKit/537.36 (KHTML, like Gecko) Chrome/33.0.1750.170 Mobile Safari/537.36"
192.168.5.148 - - [02/Apr/2014:07:44:12 +0100] "GET /avatar/a7b5bcdb77dffe452d922b454a63b4c3?size=30&default=http%3A%2F%2Fwww.gravatar.com%2Favatar%2Fad516503a11cd5ca435acc9bb6523536%3Fsize%3D30 HTTP/1.1" 404 1292 "http://192.168.5.1/chat/ajax-chat.html" "Mozilla/5.0 (Linux; Android 4.1.2; SHV-E210L Build/JZO54K) AppleWebKit/537.36 (KHTML, like Gecko) Chrome/33.0.1750.170 Mobile Safari/537.36"
192.168.5.148 - - [02/Apr/2014:07:44:14 +0100] "GET /chat/php/ajax.php?action=getChats&lastID=68 HTTP/1.1" 200 439 "http://192.168.5.1/chat/ajax-chat.html" "Mozilla/5.0 (Linux; Android 4.1.2; SHV-E210L Build/JZO54K) AppleWebKit/537.36 (KHTML, like Gecko) Chrome/33.0.1750.170 Mobile Safari/537.36"
192.168.5.38 - - [02/Apr/2014:07:48:37 +0100] "GET /m/gne/suggest/v2?q=&hl=es&app=iss&appv=133247963&platform=android&gl=CO&feeds=qs,list,ns HTTP/1.1" 404 1292 "-" "Android/1.0 (GT-S5360L GINGERBREAD)"
192.168.5.38 - - [02/Apr/2014:07:48:37 +0100] "GET /generate_204 HTTP/1.1" 200 2005 "-" "Dalvik/1.4.0 (Linux; U; Android 2.3.6; GT-S5360L Build/GINGERBREAD)"
192.168.5.148 - - [02/Apr/2014:07:49:01 +0100] "GET /generate_204 HTTP/1.1" 200 2005 "-" "Dalvik/1.6.0 (Linux; U; Android 4.1.2; SHV-E210L Build/JZO54K)"
192.168.5.232 - - [02/Apr/2014:07:49:04 +0100] "GET /generate_204 HTTP/1.1" 200 2005 "-" "Dalvik/1.6.0 (Linux; U; Android 4.1.2; C5302 Build/12.0.A.2.254)"
192.168.5.232 - - [02/Apr/2014:07:49:05 +0100] "GET /pagead/conversion/1001680686/?label=4dahCKKczAYQrt7R3QM&value=&muid=iIOzGQq6zx7Bv97OBdV6Bw&bundleid=com.google.android.youtube&appversion=5.3.32&osversion=4.1.2&sdkversion=ct-sdk-a-v1.1.0&remarketing_only=1&timestamp=1396458470&data=screen_name%3D%3CAndroid_YT_Open_App%3E HTTP/1.1" 404 1292 "-" "Dalvik/1.6.0 (Linux; U; Android 4.1.2; C5302 Build/12.0.A.2.254)"
192.168.5.148 - - [02/Apr/2014:07:49:05 +0100] "GET /generate_204 HTTP/1.1" 200 2005 "-" "Dalvik/1.6.0 (Linux; U; Android 4.1.2; SHV-E210L Build/JZO54K)"
192.168.5.148 - - [02/Apr/2014:07:49:08 +0100] "HEAD / HTTP/1.1" 200 338 "-" "Mozilla/5.0 (Linux; Android 4.1.2; SHV-E210L Build/JZO54K) AppleWebKit/537.36 (KHTML, like Gecko) Chrome/33.0.1750.170 Mobile Safari/537.36"
192.168.5.148 - - [02/Apr/2014:07:49:08 +0100] "HEAD / HTTP/1.1" 200 338 "-" "Mozilla/5.0 (Linux; Android 4.1.2; SHV-E210L Build/JZO54K) AppleWebKit/537.36 (KHTML, like Gecko) Chrome/33.0.1750.170 Mobile Safari/537.36"
192.168.5.148 - - [02/Apr/2014:07:49:08 +0100] "HEAD / HTTP/1.1" 200 338 "-" "Mozilla/5.0 (Linux; Android 4.1.2; SHV-E210L Build/JZO54K) AppleWebKit/537.36 (KHTML, like Gecko) Chrome/33.0.1750.170 Mobile Safari/537.36"
192.168.5.232 - - [02/Apr/2014:07:49:09 +0100] "GET /pagead/conversion/1001680686/?label=4dahCKKczAYQrt7R3QM&value=&muid=iIOzGQq6zx7Bv97OBdV6Bw&bundleid=com.google.android.youtube&appversion=5.3.32&osversion=4.1.2&sdkversion=ct-sdk-a-v1.1.0&remarketing_only=1&timestamp=1396458473&data=screen_name%3D%3CAndroid_YT_Open_App%3E HTTP/1.1" 404 1292 "-" "Dalvik/1.6.0 (Linux; U; Android 4.1.2; C5302 Build/12.0.A.2.254)"
192.168.5.232 - - [02/Apr/2014:07:49:09 +0100] "GET /generate_204 HTTP/1.1" 200 2005 "-" "Dalvik/1.6.0 (Linux; U; Android 4.1.2; C5302 Build/12.0.A.2.254)"
192.168.5.148 - - [02/Apr/2014:07:49:13 +0100] "GET /generate_204 HTTP/1.1" 304 187 "-" "Mozilla/5.0 (Linux; Android 4.1.2; SHV-E210L Build/JZO54K) AppleWebKit/537.36 (KHTML, like Gecko) Chrome/33.0.1750.170 Mobile Safari/537.36"
192.168.5.148 - - [02/Apr/2014:07:49:15 +0100] "GET /chat/js/script.js HTTP/1.1" 304 211 "http://192.168.5.1/chat/ajax-chat.html" "Mozilla/5.0 (Linux; Android 4.1.2; SHV-E210L Build/JZO54K) AppleWebKit/537.36 (KHTML, like Gecko) Chrome/33.0.1750.170 Mobile Safari/537.36"
192.168.5.148 - - [02/Apr/2014:07:49:15 +0100] "GET /chat/php/ajax.php?action=checkLogged HTTP/1.1" 200 595 "http://192.168.5.1/chat/ajax-chat.html" "Mozilla/5.0 (Linux; Android 4.1.2; SHV-E210L Build/JZO54K) AppleWebKit/537.36 (KHTML, like Gecko) Chrome/33.0.1750.170 Mobile Safari/537.36"
192.168.5.148 - - [02/Apr/2014:07:49:15 +0100] "GET /chat/php/ajax.php?action=getChats&lastID=0 HTTP/1.1" 200 670 "http://192.168.5.1/chat/ajax-chat.html" "Mozilla/5.0 (Linux; Android 4.1.2; SHV-E210L Build/JZO54K) AppleWebKit/537.36 (KHTML, like Gecko) Chrome/33.0.1750.170 Mobile Safari/537.36"
192.168.5.148 - - [02/Apr/2014:07:49:15 +0100] "GET /chat/php/ajax.php?action=getUsers HTTP/1.1" 200 633 "http://192.168.5.1/chat/ajax-chat.html" "Mozilla/5.0 (Linux; Android 4.1.2; SHV-E210L Build/JZO54K) AppleWebKit/537.36 (KHTML, like Gecko) Chrome/33.0.1750.170 Mobile Safari/537.36"
192.168.5.148 - - [02/Apr/2014:07:49:15 +0100] "GET /avatar/a7b5bcdb77dffe452d922b454a63b4c3?size=23&default=http%3A%2F%2Fwww.gravatar.com%2Favatar%2Fad516503a11cd5ca435acc9bb6523536%3Fsize%3D23 HTTP/1.1" 404 1292 "http://192.168.5.1/chat/ajax-chat.html" "Mozilla/5.0 (Linux; Android 4.1.2; SHV-E210L Build/JZO54K) AppleWebKit/537.36 (KHTML, like Gecko) Chrome/33.0.1750.170 Mobile Safari/537.36"
192.168.5.148 - - [02/Apr/2014:07:49:15 +0100] "GET /avatar/ad516503a11cd5ca435acc9bb6523536?size=23 HTTP/1.1" 404 1292 "http://192.168.5.1/chat/ajax-chat.html" "Mozilla/5.0 (Linux; Android 4.1.2; SHV-E210L Build/JZO54K) AppleWebKit/537.36 (KHTML, like Gecko) Chrome/33.0.1750.170 Mobile Safari/537.36"
192.168.5.148 - - [02/Apr/2014:07:49:15 +0100] "GET /avatar/a7b5bcdb77dffe452d922b454a63b4c3?size=30&default=http%3A%2F%2Fwww.gravatar.com%2Favatar%2Fad516503a11cd5ca435acc9bb6523536%3Fsize%3D30 HTTP/1.1" 404 1291 "http://192.168.5.1/chat/ajax-chat.html" "Mozilla/5.0 (Linux; Android 4.1.2; SHV-E210L Build/JZO54K) AppleWebKit/537.36 (KHTML, like Gecko) Chrome/33.0.1750.170 Mobile Safari/537.36"
192.168.5.148 - - [02/Apr/2014:07:49:15 +0100] "GET /avatar/ad516503a11cd5ca435acc9bb6523536?size=30 HTTP/1.1" 404 1291 "http://192.168.5.1/chat/ajax-chat.html" "Mozilla/5.0 (Linux; Android 4.1.2; SHV-E210L Build/JZO54K) AppleWebKit/537.36 (KHTML, like Gecko) Chrome/33.0.1750.170 Mobile Safari/537.36"
192.168.5.148 - - [02/Apr/2014:07:49:16 +0100] "GET /chat/php/ajax.php?action=getChats&lastID=68 HTTP/1.1" 200 439 "http://192.168.5.1/chat/ajax-chat.html" "Mozilla/5.0 (Linux; Android 4.1.2; SHV-E210L Build/JZO54K) AppleWebKit/537.36 (KHTML, like Gecko) Chrome/33.0.1750.170 Mobile Safari/537.36"
192.168.5.148 - - [02/Apr/2014:07:49:17 +0100] "GET /chat/php/ajax.php?action=getChats&lastID=68 HTTP/1.1" 200 439 "http://192.168.5.1/chat/ajax-chat.html" "Mozilla/5.0 (Linux; Android 4.1.2; SHV-E210L Build/JZO54K) AppleWebKit/537.36 (KHTML, like Gecko) Chrome/33.0.1750.170 Mobile Safari/537.36"
192.168.5.148 - - [02/Apr/2014:07:49:18 +0100] "GET /chat/php/ajax.php?action=getChats&lastID=68 HTTP/1.1" 200 439 "http://192.168.5.1/chat/ajax-chat.html" "Mozilla/5.0 (Linux; Android 4.1.2; SHV-E210L Build/JZO54K) AppleWebKit/537.36 (KHTML, like Gecko) Chrome/33.0.1750.170 Mobile Safari/537.36"
192.168.5.148 - - [02/Apr/2014:07:49:19 +0100] "GET /chat/php/ajax.php?action=getChats&lastID=68 HTTP/1.1" 200 439 "http://192.168.5.1/chat/ajax-chat.html" "Mozilla/5.0 (Linux; Android 4.1.2; SHV-E210L Build/JZO54K) AppleWebKit/537.36 (KHTML, like Gecko) Chrome/33.0.1750.170 Mobile Safari/537.36"
192.168.5.148 - - [02/Apr/2014:07:49:20 +0100] "\x16\x03\x01" 501 290 "-" "-"
192.168.5.148 - - [02/Apr/2014:07:49:22 +0100] "GET /chat/php/ajax.php?action=getChats&lastID=68 HTTP/1.1" 200 439 "http://192.168.5.1/chat/ajax-chat.html" "Mozilla/5.0 (Linux; Android 4.1.2; SHV-E210L Build/JZO54K) AppleWebKit/537.36 (KHTML, like Gecko) Chrome/33.0.1750.170 Mobile Safari/537.36"
192.168.5.148 - - [02/Apr/2014:07:49:24 +0100] "GET /chat/php/ajax.php?action=getChats&lastID=68 HTTP/1.1" 200 439 "http://192.168.5.1/chat/ajax-chat.html" "Mozilla/5.0 (Linux; Android 4.1.2; SHV-E210L Build/JZO54K) AppleWebKit/537.36 (KHTML, like Gecko) Chrome/33.0.1750.170 Mobile Safari/537.36"
192.168.5.148 - - [02/Apr/2014:07:49:26 +0100] "GET /chat/php/ajax.php?action=getChats&lastID=68 HTTP/1.1" 200 439 "http://192.168.5.1/chat/ajax-chat.html" "Mozilla/5.0 (Linux; Android 4.1.2; SHV-E210L Build/JZO54K) AppleWebKit/537.36 (KHTML, like Gecko) Chrome/33.0.1750.170 Mobile Safari/537.36"
192.168.5.148 - - [02/Apr/2014:07:49:28 +0100] "GET /chat/php/ajax.php?action=getChats&lastID=68 HTTP/1.1" 200 439 "http://192.168.5.1/chat/ajax-chat.html" "Mozilla/5.0 (Linux; Android 4.1.2; SHV-E210L Build/JZO54K) AppleWebKit/537.36 (KHTML, like Gecko) Chrome/33.0.1750.170 Mobile Safari/537.36"
192.168.5.148 - - [02/Apr/2014:07:49:30 +0100] "GET /chat/php/ajax.php?action=getChats&lastID=68 HTTP/1.1" 200 439 "http://192.168.5.1/chat/ajax-chat.html" "Mozilla/5.0 (Linux; Android 4.1.2; SHV-E210L Build/JZO54K) AppleWebKit/537.36 (KHTML, like Gecko) Chrome/33.0.1750.170 Mobile Safari/537.36"
192.168.5.148 - - [02/Apr/2014:07:49:30 +0100] "GET /chat/php/ajax.php?action=getUsers HTTP/1.1" 200 630 "http://192.168.5.1/chat/ajax-chat.html" "Mozilla/5.0 (Linux; Android 4.1.2; SHV-E210L Build/JZO54K) AppleWebKit/537.36 (KHTML, like Gecko) Chrome/33.0.1750.170 Mobile Safari/537.36"
192.168.5.148 - - [02/Apr/2014:07:49:30 +0100] "GET /avatar/a7b5bcdb77dffe452d922b454a63b4c3?size=30&default=http%3A%2F%2Fwww.gravatar.com%2Favatar%2Fad516503a11cd5ca435acc9bb6523536%3Fsize%3D30 HTTP/1.1" 404 1292 "http://192.168.5.1/chat/ajax-chat.html" "Mozilla/5.0 (Linux; Android 4.1.2; SHV-E210L Build/JZO54K) AppleWebKit/537.36 (KHTML, like Gecko) Chrome/33.0.1750.170 Mobile Safari/537.36"
192.168.5.148 - - [02/Apr/2014:07:49:32 +0100] "GET /chat/php/ajax.php?action=getChats&lastID=68 HTTP/1.1" 200 439 "http://192.168.5.1/chat/ajax-chat.html" "Mozilla/5.0 (Linux; Android 4.1.2; SHV-E210L Build/JZO54K) AppleWebKit/537.36 (KHTML, like Gecko) Chrome/33.0.1750.170 Mobile Safari/537.36"
192.168.5.232 - - [02/Apr/2014:07:49:33 +0100] "GET /blacklist HTTP/1.1" 404 1255 "-" "Dolphin http client/10.2.4(268) (Android)"
192.168.5.232 - - [02/Apr/2014:07:49:34 +0100] "GET /api/addons.json?pn=mobi.mgeek.TunnyBrowser&src=ofw&mt=0 HTTP/1.1" 404 1255 "-" "Dolphin http client/10.2.4(268) (Android)"
192.168.5.148 - - [02/Apr/2014:07:49:35 +0100] "GET /chat/php/ajax.php?action=getChats&lastID=68 HTTP/1.1" 200 439 "http://192.168.5.1/chat/ajax-chat.html" "Mozilla/5.0 (Linux; Android 4.1.2; SHV-E210L Build/JZO54K) AppleWebKit/537.36 (KHTML, like Gecko) Chrome/33.0.1750.170 Mobile Safari/537.36"
192.168.5.232 - - [02/Apr/2014:07:49:36 +0100] "GET / HTTP/1.1" 200 1271 "-" "Mozilla/5.0 (Linux; U; Android 4.1.2; es-co; C5302 Build/12.0.A.2.254) AppleWebKit/534.30 (KHTML, like Gecko) Version/4.0 Mobile Safari/534.30"
192.168.5.232 - - [02/Apr/2014:07:49:37 +0100] "GET /api/1/topsite.json?pn=mobi.mgeek.TunnyBrowser&vn=268&mt=1392360196 HTTP/1.1" 404 1255 "-" "Dolphin http client/10.2.4(268) (Android)"
192.168.5.232 - - [02/Apr/2014:07:49:37 +0100] "GET /api/1/webapp/notification.json?pn=mobi.mgeek.TunnyBrowser&vn=268&src=ofw&locale=es_CO&mt=1395996965 HTTP/1.1" 404 1255 "-" "Dolphin http client/10.2.4(268) (Android)"
192.168.5.148 - - [02/Apr/2014:07:49:40 +0100] "\x16\x03\x01" 501 290 "-" "-"
192.168.5.148 - - [02/Apr/2014:07:49:41 +0100] "GET /chat/php/ajax.php?action=getChats&lastID=68 HTTP/1.1" 200 440 "http://192.168.5.1/chat/ajax-chat.html" "Mozilla/5.0 (Linux; Android 4.1.2; SHV-E210L Build/JZO54K) AppleWebKit/537.36 (KHTML, like Gecko) Chrome/33.0.1750.170 Mobile Safari/537.36"
192.168.5.148 - - [02/Apr/2014:07:49:46 +0100] "GET /chat/php/ajax.php?action=getUsers HTTP/1.1" 200 632 "http://192.168.5.1/chat/ajax-chat.html" "Mozilla/5.0 (Linux; Android 4.1.2; SHV-E210L Build/JZO54K) AppleWebKit/537.36 (KHTML, like Gecko) Chrome/33.0.1750.170 Mobile Safari/537.36"
192.168.5.148 - - [02/Apr/2014:07:49:46 +0100] "GET /avatar/a7b5bcdb77dffe452d922b454a63b4c3?size=30&default=http%3A%2F%2Fwww.gravatar.com%2Favatar%2Fad516503a11cd5ca435acc9bb6523536%3Fsize%3D30 HTTP/1.1" 404 1292 "http://192.168.5.1/chat/ajax-chat.html" "Mozilla/5.0 (Linux; Android 4.1.2; SHV-E210L Build/JZO54K) AppleWebKit/537.36 (KHTML, like Gecko) Chrome/33.0.1750.170 Mobile Safari/537.36"
192.168.5.148 - - [02/Apr/2014:07:49:47 +0100] "GET /chat/php/ajax.php?action=getChats&lastID=68 HTTP/1.1" 200 439 "http://192.168.5.1/chat/ajax-chat.html" "Mozilla/5.0 (Linux; Android 4.1.2; SHV-E210L Build/JZO54K) AppleWebKit/537.36 (KHTML, like Gecko) Chrome/33.0.1750.170 Mobile Safari/537.36"
192.168.5.38 - - [02/Apr/2014:07:49:50 +0100] "GET /generate_204 HTTP/1.1" 200 2005 "-" "Dalvik/1.4.0 (Linux; U; Android 2.3.6; GT-S5360L Build/GINGERBREAD)"
192.168.5.148 - - [02/Apr/2014:07:49:53 +0100] "GET /chat/php/ajax.php?action=getChats&lastID=68 HTTP/1.1" 200 440 "http://192.168.5.1/chat/ajax-chat.html" "Mozilla/5.0 (Linux; Android 4.1.2; SHV-E210L Build/JZO54K) AppleWebKit/537.36 (KHTML, like Gecko) Chrome/33.0.1750.170 Mobile Safari/537.36"
192.168.5.232 - - [02/Apr/2014:07:49:53 +0100] "GET /help/dolphin-about.html?l=es_CO HTTP/1.1" 404 1255 "-" "Dolphin http client/10.2.4(268) (Android)"
192.168.5.232 - - [02/Apr/2014:07:49:57 +0100] "GET /chat/ajax-chat.html HTTP/1.1" 200 824 "http://www.google.com/" "Mozilla/5.0 (Linux; U; Android 4.1.2; es-co; C5302 Build/12.0.A.2.254) AppleWebKit/534.30 (KHTML, like Gecko) Version/4.0 Mobile Safari/534.30"
192.168.5.232 - - [02/Apr/2014:07:49:57 +0100] "GET /chat/js/jScrollPane/jScrollPane.min.js HTTP/1.1" 200 4381 "http://192.168.5.1/chat/ajax-chat.html" "Mozilla/5.0 (Linux; U; Android 4.1.2; es-co; C5302 Build/12.0.A.2.254) AppleWebKit/534.30 (KHTML, like Gecko) Version/4.0 Mobile Safari/534.30"
192.168.5.232 - - [02/Apr/2014:07:49:57 +0100] "GET /chat/css/page.css HTTP/1.1" 200 838 "http://192.168.5.1/chat/ajax-chat.html" "Mozilla/5.0 (Linux; U; Android 4.1.2; es-co; C5302 Build/12.0.A.2.254) AppleWebKit/534.30 (KHTML, like Gecko) Version/4.0 Mobile Safari/534.30"
192.168.5.232 - - [02/Apr/2014:07:49:57 +0100] "GET /chat/js/jScrollPane/jScrollPane.css HTTP/1.1" 200 911 "http://192.168.5.1/chat/ajax-chat.html" "Mozilla/5.0 (Linux; U; Android 4.1.2; es-co; C5302 Build/12.0.A.2.254) AppleWebKit/534.30 (KHTML, like Gecko) Version/4.0 Mobile Safari/534.30"
192.168.5.232 - - [02/Apr/2014:07:49:57 +0100] "GET /chat/css/chat.css HTTP/1.1" 200 1709 "http://192.168.5.1/chat/ajax-chat.html" "Mozilla/5.0 (Linux; U; Android 4.1.2; es-co; C5302 Build/12.0.A.2.254) AppleWebKit/534.30 (KHTML, like Gecko) Version/4.0 Mobile Safari/534.30"
192.168.5.232 - - [02/Apr/2014:07:49:57 +0100] "GET /chat/js/jScrollPane/jquery.mousewheel.js HTTP/1.1" 200 1273 "http://192.168.5.1/chat/ajax-chat.html" "Mozilla/5.0 (Linux; U; Android 4.1.2; es-co; C5302 Build/12.0.A.2.254) AppleWebKit/534.30 (KHTML, like Gecko) Version/4.0 Mobile Safari/534.30"
192.168.5.232 - - [02/Apr/2014:07:49:57 +0100] "GET /chat/img/solid_gray.jpg HTTP/1.1" 200 623 "http://192.168.5.1/chat/ajax-chat.html" "Mozilla/5.0 (Linux; U; Android 4.1.2; es-co; C5302 Build/12.0.A.2.254) AppleWebKit/534.30 (KHTML, like Gecko) Version/4.0 Mobile Safari/534.30"
192.168.5.232 - - [02/Apr/2014:07:49:57 +0100] "GET /chat/img/input_bg.jpg HTTP/1.1" 200 625 "http://192.168.5.1/chat/ajax-chat.html" "Mozilla/5.0 (Linux; U; Android 4.1.2; es-co; C5302 Build/12.0.A.2.254) AppleWebKit/534.30 (KHTML, like Gecko) Version/4.0 Mobile Safari/534.30"
192.168.5.232 - - [02/Apr/2014:07:49:57 +0100] "GET /chat/img/page_bg.jpg HTTP/1.1" 200 955 "http://192.168.5.1/chat/ajax-chat.html" "Mozilla/5.0 (Linux; U; Android 4.1.2; es-co; C5302 Build/12.0.A.2.254) AppleWebKit/534.30 (KHTML, like Gecko) Version/4.0 Mobile Safari/534.30"
192.168.5.232 - - [02/Apr/2014:07:49:57 +0100] "GET /chat/img/button_blue.png HTTP/1.1" 200 1180 "http://192.168.5.1/chat/ajax-chat.html" "Mozilla/5.0 (Linux; U; Android 4.1.2; es-co; C5302 Build/12.0.A.2.254) AppleWebKit/534.30 (KHTML, like Gecko) Version/4.0 Mobile Safari/534.30"
192.168.5.232 - - [02/Apr/2014:07:49:57 +0100] "GET /chat/js/script.js HTTP/1.1" 200 3333 "http://192.168.5.1/chat/ajax-chat.html" "Mozilla/5.0 (Linux; U; Android 4.1.2; es-co; C5302 Build/12.0.A.2.254) AppleWebKit/534.30 (KHTML, like Gecko) Version/4.0 Mobile Safari/534.30"
192.168.5.232 - - [02/Apr/2014:07:49:57 +0100] "GET /chat/js/jquery.min.js HTTP/1.1" 200 24961 "http://192.168.5.1/chat/ajax-chat.html" "Mozilla/5.0 (Linux; U; Android 4.1.2; es-co; C5302 Build/12.0.A.2.254) AppleWebKit/534.30 (KHTML, like Gecko) Version/4.0 Mobile Safari/534.30"
192.168.5.232 - - [02/Apr/2014:07:49:58 +0100] "GET /favicon.ico HTTP/1.1" 404 1291 "http://192.168.5.1/chat/ajax-chat.html" "Mozilla/5.0 (Linux; U; Android 4.1.2; es-co; C5302 Build/12.0.A.2.254) AppleWebKit/534.30 (KHTML, like Gecko) Version/4.0 Mobile Safari/534.30"
192.168.5.232 - - [02/Apr/2014:07:49:58 +0100] "GET /chat/php/ajax.php?action=checkLogged HTTP/1.1" 200 499 "http://192.168.5.1/chat/ajax-chat.html" "Mozilla/5.0 (Linux; U; Android 4.1.2; es-co; C5302 Build/12.0.A.2.254) AppleWebKit/534.30 (KHTML, like Gecko) Version/4.0 Mobile Safari/534.30"
192.168.5.232 - - [02/Apr/2014:07:49:58 +0100] "GET /chat/php/ajax.php?action=getChats&lastID=0 HTTP/1.1" 200 495 "http://192.168.5.1/chat/ajax-chat.html" "Mozilla/5.0 (Linux; U; Android 4.1.2; es-co; C5302 Build/12.0.A.2.254) AppleWebKit/534.30 (KHTML, like Gecko) Version/4.0 Mobile Safari/534.30"
192.168.5.232 - - [02/Apr/2014:07:49:58 +0100] "GET /chat/php/ajax.php?action=getUsers HTTP/1.1" 200 688 "http://192.168.5.1/chat/ajax-chat.html" "Mozilla/5.0 (Linux; U; Android 4.1.2; es-co; C5302 Build/12.0.A.2.254) AppleWebKit/534.30 (KHTML, like Gecko) Version/4.0 Mobile Safari/534.30"
192.168.5.232 - - [02/Apr/2014:07:49:58 +0100] "GET /avatar/ad516503a11cd5ca435acc9bb6523536?size=30 HTTP/1.1" 404 1292 "http://192.168.5.1/chat/ajax-chat.html" "Mozilla/5.0 (Linux; U; Android 4.1.2; es-co; C5302 Build/12.0.A.2.254) AppleWebKit/534.30 (KHTML, like Gecko) Version/4.0 Mobile Safari/534.30"
192.168.5.232 - - [02/Apr/2014:07:49:58 +0100] "GET /avatar/a7b5bcdb77dffe452d922b454a63b4c3?size=30&default=http%3A%2F%2Fwww.gravatar.com%2Favatar%2Fad516503a11cd5ca435acc9bb6523536%3Fsize%3D30 HTTP/1.1" 404 1292 "http://192.168.5.1/chat/ajax-chat.html" "Mozilla/5.0 (Linux; U; Android 4.1.2; es-co; C5302 Build/12.0.A.2.254) AppleWebKit/534.30 (KHTML, like Gecko) Version/4.0 Mobile Safari/534.30"
192.168.5.148 - - [02/Apr/2014:07:49:59 +0100] "GET /chat/php/ajax.php?action=getChats&lastID=68 HTTP/1.1" 200 440 "http://192.168.5.1/chat/ajax-chat.html" "Mozilla/5.0 (Linux; Android 4.1.2; SHV-E210L Build/JZO54K) AppleWebKit/537.36 (KHTML, like Gecko) Chrome/33.0.1750.170 Mobile Safari/537.36"
192.168.5.232 - - [02/Apr/2014:07:49:59 +0100] "GET /chat/php/ajax.php?action=getChats&lastID=0 HTTP/1.1" 200 439 "http://192.168.5.1/chat/ajax-chat.html" "Mozilla/5.0 (Linux; U; Android 4.1.2; es-co; C5302 Build/12.0.A.2.254) AppleWebKit/534.30 (KHTML, like Gecko) Version/4.0 Mobile Safari/534.30"
192.168.5.148 - - [02/Apr/2014:07:50:00 +0100] "\x16\x03\x01" 501 290 "-" "-"
192.168.5.232 - - [02/Apr/2014:07:50:00 +0100] "GET /chat/php/ajax.php?action=getChats&lastID=0 HTTP/1.1" 200 439 "http://192.168.5.1/chat/ajax-chat.html" "Mozilla/5.0 (Linux; U; Android 4.1.2; es-co; C5302 Build/12.0.A.2.254) AppleWebKit/534.30 (KHTML, like Gecko) Version/4.0 Mobile Safari/534.30"
192.168.5.148 - - [02/Apr/2014:07:50:01 +0100] "GET /generate_204 HTTP/1.1" 200 2005 "-" "Dalvik/1.6.0 (Linux; U; Android 4.1.2; SHV-E210L Build/JZO54K)"
192.168.5.232 - - [02/Apr/2014:07:50:01 +0100] "GET /chat/php/ajax.php?action=getChats&lastID=0 HTTP/1.1" 200 439 "http://192.168.5.1/chat/ajax-chat.html" "Mozilla/5.0 (Linux; U; Android 4.1.2; es-co; C5302 Build/12.0.A.2.254) AppleWebKit/534.30 (KHTML, like Gecko) Version/4.0 Mobile Safari/534.30"
192.168.5.148 - - [02/Apr/2014:07:50:02 +0100] "GET /chat/php/ajax.php?action=getUsers HTTP/1.1" 200 632 "http://192.168.5.1/chat/ajax-chat.html" "Mozilla/5.0 (Linux; Android 4.1.2; SHV-E210L Build/JZO54K) AppleWebKit/537.36 (KHTML, like Gecko) Chrome/33.0.1750.170 Mobile Safari/537.36"
192.168.5.148 - - [02/Apr/2014:07:50:02 +0100] "GET /avatar/a7b5bcdb77dffe452d922b454a63b4c3?size=30&default=http%3A%2F%2Fwww.gravatar.com%2Favatar%2Fad516503a11cd5ca435acc9bb6523536%3Fsize%3D30 HTTP/1.1" 404 1292 "http://192.168.5.1/chat/ajax-chat.html" "Mozilla/5.0 (Linux; Android 4.1.2; SHV-E210L Build/JZO54K) AppleWebKit/537.36 (KHTML, like Gecko) Chrome/33.0.1750.170 Mobile Safari/537.36"
192.168.5.232 - - [02/Apr/2014:07:50:04 +0100] "POST /api/voice/1/suggestWords HTTP/1.1" 404 1255 "-" "Dolphin http client/10.2.4(268) (Android)"
192.168.5.232 - - [02/Apr/2014:07:50:04 +0100] "GET /address/en/mobi.mgeek.TunnyBrowser/268/ofw HTTP/1.1" 404 1255 "-" "Dolphin http client/10.2.4(268) (Android)"
192.168.5.232 - - [02/Apr/2014:07:50:04 +0100] "GET /chat/php/ajax.php?action=getChats&lastID=0 HTTP/1.1" 200 439 "http://192.168.5.1/chat/ajax-chat.html" "Mozilla/5.0 (Linux; U; Android 4.1.2; es-co; C5302 Build/12.0.A.2.254) AppleWebKit/534.30 (KHTML, like Gecko) Version/4.0 Mobile Safari/534.30"
::1 - - [02/Apr/2014:07:50:04 +0100] "OPTIONS * HTTP/1.0" 200 126 "-" "Apache/2.2.22 (Debian) (internal dummy connection)"
192.168.5.148 - - [02/Apr/2014:07:50:05 +0100] "GET /chat/php/ajax.php?action=getChats&lastID=68 HTTP/1.1" 200 439 "http://192.168.5.1/chat/ajax-chat.html" "Mozilla/5.0 (Linux; Android 4.1.2; SHV-E210L Build/JZO54K) AppleWebKit/537.36 (KHTML, like Gecko) Chrome/33.0.1750.170 Mobile Safari/537.36"
::1 - - [02/Apr/2014:07:50:06 +0100] "OPTIONS * HTTP/1.0" 200 126 "-" "Apache/2.2.22 (Debian) (internal dummy connection)"
192.168.5.232 - - [02/Apr/2014:07:50:06 +0100] "GET /chat/php/ajax.php?action=getChats&lastID=0 HTTP/1.1" 200 439 "http://192.168.5.1/chat/ajax-chat.html" "Mozilla/5.0 (Linux; U; Android 4.1.2; es-co; C5302 Build/12.0.A.2.254) AppleWebKit/534.30 (KHTML, like Gecko) Version/4.0 Mobile Safari/534.30"
192.168.5.232 - - [02/Apr/2014:07:50:08 +0100] "GET /chat/php/ajax.php?action=getChats&lastID=0 HTTP/1.1" 200 439 "http://192.168.5.1/chat/ajax-chat.html" "Mozilla/5.0 (Linux; U; Android 4.1.2; es-co; C5302 Build/12.0.A.2.254) AppleWebKit/534.30 (KHTML, like Gecko) Version/4.0 Mobile Safari/534.30"
192.168.5.232 - - [02/Apr/2014:07:50:09 +0100] "GET /generate_204 HTTP/1.1" 200 2005 "-" "Dalvik/1.6.0 (Linux; U; Android 4.1.2; C5302 Build/12.0.A.2.254)"
::1 - - [02/Apr/2014:07:50:10 +0100] "OPTIONS * HTTP/1.0" 200 126 "-" "Apache/2.2.22 (Debian) (internal dummy connection)"
::1 - - [02/Apr/2014:07:50:11 +0100] "OPTIONS * HTTP/1.0" 200 126 "-" "Apache/2.2.22 (Debian) (internal dummy connection)"
192.168.5.148 - - [02/Apr/2014:07:50:11 +0100] "GET /chat/php/ajax.php?action=getChats&lastID=68 HTTP/1.1" 200 440 "http://192.168.5.1/chat/ajax-chat.html" "Mozilla/5.0 (Linux; Android 4.1.2; SHV-E210L Build/JZO54K) AppleWebKit/537.36 (KHTML, like Gecko) Chrome/33.0.1750.170 Mobile Safari/537.36"
192.168.5.232 - - [02/Apr/2014:07:50:13 +0100] "GET /api/2/push/message.json?pn=mobi.mgeek.TunnyBrowser&src=ofw&vn=268&op=732101&lc=es_CO&avn=16&msgid=0&es=1 HTTP/1.1" 404 1255 "-" "Dolphin http client/10.2.4(268) (Android)"
192.168.5.148 - - [02/Apr/2014:07:50:17 +0100] "GET /chat/php/ajax.php?action=getChats&lastID=68 HTTP/1.1" 200 440 "http://192.168.5.1/chat/ajax-chat.html" "Mozilla/5.0 (Linux; Android 4.1.2; SHV-E210L Build/JZO54K) AppleWebKit/537.36 (KHTML, like Gecko) Chrome/33.0.1750.170 Mobile Safari/537.36"
192.168.5.148 - - [02/Apr/2014:07:50:18 +0100] "GET /chat/php/ajax.php?action=getUsers HTTP/1.1" 200 633 "http://192.168.5.1/chat/ajax-chat.html" "Mozilla/5.0 (Linux; Android 4.1.2; SHV-E210L Build/JZO54K) AppleWebKit/537.36 (KHTML, like Gecko) Chrome/33.0.1750.170 Mobile Safari/537.36"
192.168.5.148 - - [02/Apr/2014:07:50:18 +0100] "GET /avatar/a7b5bcdb77dffe452d922b454a63b4c3?size=30&default=http%3A%2F%2Fwww.gravatar.com%2Favatar%2Fad516503a11cd5ca435acc9bb6523536%3Fsize%3D30 HTTP/1.1" 404 1292 "http://192.168.5.1/chat/ajax-chat.html" "Mozilla/5.0 (Linux; Android 4.1.2; SHV-E210L Build/JZO54K) AppleWebKit/537.36 (KHTML, like Gecko) Chrome/33.0.1750.170 Mobile Safari/537.36"
192.168.5.148 - - [02/Apr/2014:07:50:20 +0100] "\x16\x03\x01" 501 290 "-" "-"
192.168.5.148 - - [02/Apr/2014:07:50:23 +0100] "GET /chat/php/ajax.php?action=getChats&lastID=68 HTTP/1.1" 200 439 "http://192.168.5.1/chat/ajax-chat.html" "Mozilla/5.0 (Linux; Android 4.1.2; SHV-E210L Build/JZO54K) AppleWebKit/537.36 (KHTML, like Gecko) Chrome/33.0.1750.170 Mobile Safari/537.36"
::1 - - [02/Apr/2014:07:50:29 +0100] "OPTIONS * HTTP/1.0" 200 126 "-" "Apache/2.2.22 (Debian) (internal dummy connection)"
192.168.5.148 - - [02/Apr/2014:07:50:29 +0100] "GET /chat/php/ajax.php?action=getChats&lastID=68 HTTP/1.1" 200 440 "http://192.168.5.1/chat/ajax-chat.html" "Mozilla/5.0 (Linux; Android 4.1.2; SHV-E210L Build/JZO54K) AppleWebKit/537.36 (KHTML, like Gecko) Chrome/33.0.1750.170 Mobile Safari/537.36"
192.168.5.148 - - [02/Apr/2014:07:50:34 +0100] "GET /chat/php/ajax.php?action=getUsers HTTP/1.1" 200 632 "http://192.168.5.1/chat/ajax-chat.html" "Mozilla/5.0 (Linux; Android 4.1.2; SHV-E210L Build/JZO54K) AppleWebKit/537.36 (KHTML, like Gecko) Chrome/33.0.1750.170 Mobile Safari/537.36"
192.168.5.148 - - [02/Apr/2014:07:50:34 +0100] "GET /avatar/a7b5bcdb77dffe452d922b454a63b4c3?size=30&default=http%3A%2F%2Fwww.gravatar.com%2Favatar%2Fad516503a11cd5ca435acc9bb6523536%3Fsize%3D30 HTTP/1.1" 404 1292 "http://192.168.5.1/chat/ajax-chat.html" "Mozilla/5.0 (Linux; Android 4.1.2; SHV-E210L Build/JZO54K) AppleWebKit/537.36 (KHTML, like Gecko) Chrome/33.0.1750.170 Mobile Safari/537.36"
192.168.5.148 - - [02/Apr/2014:07:50:35 +0100] "GET /chat/php/ajax.php?action=getChats&lastID=68 HTTP/1.1" 200 439 "http://192.168.5.1/chat/ajax-chat.html" "Mozilla/5.0 (Linux; Android 4.1.2; SHV-E210L Build/JZO54K) AppleWebKit/537.36 (KHTML, like Gecko) Chrome/33.0.1750.170 Mobile Safari/537.36"
192.168.5.148 - - [02/Apr/2014:07:50:41 +0100] "\x16\x03\x01" 501 290 "-" "-"
192.168.5.148 - - [02/Apr/2014:07:50:42 +0100] "POST /galaxy/xml/set_app_list.jsp HTTP/1.1" 404 2073 "-" "Apache-HttpClient/UNAVAILABLE (java 1.4)"
192.168.5.148 - - [02/Apr/2014:07:50:50 +0100] "GET /chat/php/ajax.php?action=getUsers HTTP/1.1" 200 632 "http://192.168.5.1/chat/ajax-chat.html" "Mozilla/5.0 (Linux; Android 4.1.2; SHV-E210L Build/JZO54K) AppleWebKit/537.36 (KHTML, like Gecko) Chrome/33.0.1750.170 Mobile Safari/537.36"
192.168.5.148 - - [02/Apr/2014:07:50:50 +0100] "GET /avatar/a7b5bcdb77dffe452d922b454a63b4c3?size=30&default=http%3A%2F%2Fwww.gravatar.com%2Favatar%2Fad516503a11cd5ca435acc9bb6523536%3Fsize%3D30 HTTP/1.1" 404 1292 "http://192.168.5.1/chat/ajax-chat.html" "Mozilla/5.0 (Linux; Android 4.1.2; SHV-E210L Build/JZO54K) AppleWebKit/537.36 (KHTML, like Gecko) Chrome/33.0.1750.170 Mobile Safari/537.36"
192.168.5.148 - - [02/Apr/2014:07:50:51 +0100] "GET /chat/php/ajax.php?action=getChats&lastID=68 HTTP/1.1" 200 439 "http://192.168.5.1/chat/ajax-chat.html" "Mozilla/5.0 (Linux; Android 4.1.2; SHV-E210L Build/JZO54K) AppleWebKit/537.36 (KHTML, like Gecko) Chrome/33.0.1750.170 Mobile Safari/537.36"
192.168.5.38 - - [02/Apr/2014:07:51:18 +0100] "GET /generate_204 HTTP/1.1" 200 2005 "-" "Dalvik/1.4.0 (Linux; U; Android 2.3.6; GT-S5360L Build/GINGERBREAD)"
192.168.5.37 - - [02/Apr/2014:07:56:20 +0100] "POST /v1/34921/1 HTTP/1.1" 404 2073 "-" "Mozilla/5.0 (LG-C365 AppleWebkit/531 Browser/Phantom/V2.0 Widget/LGMW/3.0 MMS/LG-MMS-V1.0/1.2 Java/ASVM/1.1 Profile/MIDP-2.1 Configuration/CLDC-1.1)"
192.168.5.37 - - [02/Apr/2014:07:56:20 +0100] "POST /v1/34921/2 HTTP/1.1" 404 2073 "-" "Mozilla/5.0 (LG-C365 AppleWebkit/531 Browser/Phantom/V2.0 Widget/LGMW/3.0 MMS/LG-MMS-V1.0/1.2 Java/ASVM/1.1 Profile/MIDP-2.1 Configuration/CLDC-1.1)"
192.168.5.37 - - [02/Apr/2014:07:56:20 +0100] "POST /v1/34921/3 HTTP/1.1" 404 2073 "-" "Mozilla/5.0 (LG-C365 AppleWebkit/531 Browser/Phantom/V2.0 Widget/LGMW/3.0 MMS/LG-MMS-V1.0/1.2 Java/ASVM/1.1 Profile/MIDP-2.1 Configuration/CLDC-1.1)"
192.168.5.37 - - [02/Apr/2014:07:56:21 +0100] "POST /v1/34921/4 HTTP/1.1" 404 2073 "-" "Mozilla/5.0 (LG-C365 AppleWebkit/531 Browser/Phantom/V2.0 Widget/LGMW/3.0 MMS/LG-MMS-V1.0/1.2 Java/ASVM/1.1 Profile/MIDP-2.1 Configuration/CLDC-1.1)"
192.168.5.37 - - [02/Apr/2014:07:56:21 +0100] "POST /v1/34921/5 HTTP/1.1" 404 2073 "-" "Mozilla/5.0 (LG-C365 AppleWebkit/531 Browser/Phantom/V2.0 Widget/LGMW/3.0 MMS/LG-MMS-V1.0/1.2 Java/ASVM/1.1 Profile/MIDP-2.1 Configuration/CLDC-1.1)"
192.168.5.37 - - [02/Apr/2014:07:56:21 +0100] "POST /v1/34921/6 HTTP/1.1" 404 2073 "-" "Mozilla/5.0 (LG-C365 AppleWebkit/531 Browser/Phantom/V2.0 Widget/LGMW/3.0 MMS/LG-MMS-V1.0/1.2 Java/ASVM/1.1 Profile/MIDP-2.1 Configuration/CLDC-1.1)"
192.168.5.37 - - [02/Apr/2014:07:56:21 +0100] "POST /v1/34921/7 HTTP/1.1" 404 2073 "-" "Mozilla/5.0 (LG-C365 AppleWebkit/531 Browser/Phantom/V2.0 Widget/LGMW/3.0 MMS/LG-MMS-V1.0/1.2 Java/ASVM/1.1 Profile/MIDP-2.1 Configuration/CLDC-1.1)"
192.168.5.37 - - [02/Apr/2014:07:56:22 +0100] "POST /v1/34921/8 HTTP/1.1" 404 2073 "-" "Mozilla/5.0 (LG-C365 AppleWebkit/531 Browser/Phantom/V2.0 Widget/LGMW/3.0 MMS/LG-MMS-V1.0/1.2 Java/ASVM/1.1 Profile/MIDP-2.1 Configuration/CLDC-1.1)"
192.168.5.37 - - [02/Apr/2014:07:56:22 +0100] "POST /v1/34921/9 HTTP/1.1" 404 2073 "-" "Mozilla/5.0 (LG-C365 AppleWebkit/531 Browser/Phantom/V2.0 Widget/LGMW/3.0 MMS/LG-MMS-V1.0/1.2 Java/ASVM/1.1 Profile/MIDP-2.1 Configuration/CLDC-1.1)"
192.168.5.37 - - [02/Apr/2014:07:56:22 +0100] "POST /v1/34921/10 HTTP/1.1" 404 2073 "-" "Mozilla/5.0 (LG-C365 AppleWebkit/531 Browser/Phantom/V2.0 Widget/LGMW/3.0 MMS/LG-MMS-V1.0/1.2 Java/ASVM/1.1 Profile/MIDP-2.1 Configuration/CLDC-1.1)"
192.168.5.37 - - [02/Apr/2014:07:56:22 +0100] "POST /v1/34921/11 HTTP/1.1" 404 2073 "-" "Mozilla/5.0 (LG-C365 AppleWebkit/531 Browser/Phantom/V2.0 Widget/LGMW/3.0 MMS/LG-MMS-V1.0/1.2 Java/ASVM/1.1 Profile/MIDP-2.1 Configuration/CLDC-1.1)"
192.168.5.37 - - [02/Apr/2014:07:56:22 +0100] "POST /v1/34921/12 HTTP/1.1" 404 2073 "-" "Mozilla/5.0 (LG-C365 AppleWebkit/531 Browser/Phantom/V2.0 Widget/LGMW/3.0 MMS/LG-MMS-V1.0/1.2 Java/ASVM/1.1 Profile/MIDP-2.1 Configuration/CLDC-1.1)"
192.168.5.37 - - [02/Apr/2014:07:56:23 +0100] "POST /v1/34921/13 HTTP/1.1" 404 2073 "-" "Mozilla/5.0 (LG-C365 AppleWebkit/531 Browser/Phantom/V2.0 Widget/LGMW/3.0 MMS/LG-MMS-V1.0/1.2 Java/ASVM/1.1 Profile/MIDP-2.1 Configuration/CLDC-1.1)"
192.168.5.37 - - [02/Apr/2014:07:56:23 +0100] "POST /v1/34921/14 HTTP/1.1" 404 2073 "-" "Mozilla/5.0 (LG-C365 AppleWebkit/531 Browser/Phantom/V2.0 Widget/LGMW/3.0 MMS/LG-MMS-V1.0/1.2 Java/ASVM/1.1 Profile/MIDP-2.1 Configuration/CLDC-1.1)"
192.168.5.37 - - [02/Apr/2014:07:56:23 +0100] "POST /v1/34921/15 HTTP/1.1" 404 2073 "-" "Mozilla/5.0 (LG-C365 AppleWebkit/531 Browser/Phantom/V2.0 Widget/LGMW/3.0 MMS/LG-MMS-V1.0/1.2 Java/ASVM/1.1 Profile/MIDP-2.1 Configuration/CLDC-1.1)"
192.168.5.37 - - [02/Apr/2014:07:56:23 +0100] "POST /v1/34921/16 HTTP/1.1" 404 2073 "-" "Mozilla/5.0 (LG-C365 AppleWebkit/531 Browser/Phantom/V2.0 Widget/LGMW/3.0 MMS/LG-MMS-V1.0/1.2 Java/ASVM/1.1 Profile/MIDP-2.1 Configuration/CLDC-1.1)"
192.168.5.37 - - [02/Apr/2014:07:56:24 +0100] "POST /v1/34921/17 HTTP/1.1" 404 2073 "-" "Mozilla/5.0 (LG-C365 AppleWebkit/531 Browser/Phantom/V2.0 Widget/LGMW/3.0 MMS/LG-MMS-V1.0/1.2 Java/ASVM/1.1 Profile/MIDP-2.1 Configuration/CLDC-1.1)"
192.168.5.37 - - [02/Apr/2014:07:56:25 +0100] "POST /v1/34921/18 HTTP/1.1" 404 2073 "-" "Mozilla/5.0 (LG-C365 AppleWebkit/531 Browser/Phantom/V2.0 Widget/LGMW/3.0 MMS/LG-MMS-V1.0/1.2 Java/ASVM/1.1 Profile/MIDP-2.1 Configuration/CLDC-1.1)"
192.168.5.37 - - [02/Apr/2014:07:56:25 +0100] "POST /v1/34921/19 HTTP/1.1" 404 2073 "-" "Mozilla/5.0 (LG-C365 AppleWebkit/531 Browser/Phantom/V2.0 Widget/LGMW/3.0 MMS/LG-MMS-V1.0/1.2 Java/ASVM/1.1 Profile/MIDP-2.1 Configuration/CLDC-1.1)"
192.168.5.37 - - [02/Apr/2014:07:56:25 +0100] "POST /v1/34921/20 HTTP/1.1" 404 2073 "-" "Mozilla/5.0 (LG-C365 AppleWebkit/531 Browser/Phantom/V2.0 Widget/LGMW/3.0 MMS/LG-MMS-V1.0/1.2 Java/ASVM/1.1 Profile/MIDP-2.1 Configuration/CLDC-1.1)"
192.168.5.148 - - [02/Apr/2014:08:02:20 +0100] "GET /generate_204 HTTP/1.1" 200 2005 "-" "Dalvik/1.6.0 (Linux; U; Android 4.1.2; SHV-E210L Build/JZO54K)"
192.168.5.148 - - [02/Apr/2014:08:02:21 +0100] "GET /generate_204 HTTP/1.1" 200 2005 "-" "Dalvik/1.6.0 (Linux; U; Android 4.1.2; SHV-E210L Build/JZO54K)"
192.168.5.148 - - [02/Apr/2014:08:02:28 +0100] "GET /generate_204 HTTP/1.1" 304 187 "-" "Mozilla/5.0 (Linux; Android 4.1.2; SHV-E210L Build/JZO54K) AppleWebKit/537.36 (KHTML, like Gecko) Chrome/33.0.1750.170 Mobile Safari/537.36"
192.168.5.148 - - [02/Apr/2014:08:02:28 +0100] "HEAD / HTTP/1.1" 200 338 "-" "Mozilla/5.0 (Linux; Android 4.1.2; SHV-E210L Build/JZO54K) AppleWebKit/537.36 (KHTML, like Gecko) Chrome/33.0.1750.170 Mobile Safari/537.36"
192.168.5.148 - - [02/Apr/2014:08:02:28 +0100] "HEAD / HTTP/1.1" 200 338 "-" "Mozilla/5.0 (Linux; Android 4.1.2; SHV-E210L Build/JZO54K) AppleWebKit/537.36 (KHTML, like Gecko) Chrome/33.0.1750.170 Mobile Safari/537.36"
192.168.5.148 - - [02/Apr/2014:08:02:28 +0100] "HEAD / HTTP/1.1" 200 338 "-" "Mozilla/5.0 (Linux; Android 4.1.2; SHV-E210L Build/JZO54K) AppleWebKit/537.36 (KHTML, like Gecko) Chrome/33.0.1750.170 Mobile Safari/537.36"
192.168.5.148 - - [02/Apr/2014:08:02:29 +0100] "GET /gen204?nca=te_li&client=te_lib&logld=v23 HTTP/1.1" 404 1292 "http://clients3.google.com/generate_204" "Mozilla/5.0 (Linux; Android 4.1.2; SHV-E210L Build/JZO54K) AppleWebKit/537.36 (KHTML, like Gecko) Chrome/33.0.1750.170 Mobile Safari/537.36"
192.168.5.148 - - [02/Apr/2014:08:02:30 +0100] "GET /mapi/v10/status/info HTTP/1.1" 404 1292 "-" "androidapp.line/4.1.2 (Linux; U; Android 4.1.2; en-US; SHV-E210L Build/JZO54K)"
192.168.5.148 - - [02/Apr/2014:08:02:33 +0100] "GET /gen204?nca=l4312i2l4312i2l4312i2&client=te_lib&logld=v23 HTTP/1.1" 404 1291 "http://clients3.google.com/generate_204" "Mozilla/5.0 (Linux; Android 4.1.2; SHV-E210L Build/JZO54K) AppleWebKit/537.36 (KHTML, like Gecko) Chrome/33.0.1750.170 Mobile Safari/537.36"
192.168.5.148 - - [02/Apr/2014:08:02:33 +0100] "GET /chat/php/ajax.php?action=checkLogged HTTP/1.1" 200 596 "http://192.168.5.1/chat/ajax-chat.html" "Mozilla/5.0 (Linux; Android 4.1.2; SHV-E210L Build/JZO54K) AppleWebKit/537.36 (KHTML, like Gecko) Chrome/33.0.1750.170 Mobile Safari/537.36"
192.168.5.148 - - [02/Apr/2014:08:02:33 +0100] "GET /chat/php/ajax.php?action=getChats&lastID=0 HTTP/1.1" 200 440 "http://192.168.5.1/chat/ajax-chat.html" "Mozilla/5.0 (Linux; Android 4.1.2; SHV-E210L Build/JZO54K) AppleWebKit/537.36 (KHTML, like Gecko) Chrome/33.0.1750.170 Mobile Safari/537.36"
192.168.5.148 - - [02/Apr/2014:08:02:33 +0100] "GET /chat/php/ajax.php?action=getUsers HTTP/1.1" 200 633 "http://192.168.5.1/chat/ajax-chat.html" "Mozilla/5.0 (Linux; Android 4.1.2; SHV-E210L Build/JZO54K) AppleWebKit/537.36 (KHTML, like Gecko) Chrome/33.0.1750.170 Mobile Safari/537.36"
192.168.5.148 - - [02/Apr/2014:08:02:33 +0100] "GET /avatar/a7b5bcdb77dffe452d922b454a63b4c3?size=23&default=http%3A%2F%2Fwww.gravatar.com%2Favatar%2Fad516503a11cd5ca435acc9bb6523536%3Fsize%3D23 HTTP/1.1" 404 1292 "http://192.168.5.1/chat/ajax-chat.html" "Mozilla/5.0 (Linux; Android 4.1.2; SHV-E210L Build/JZO54K) AppleWebKit/537.36 (KHTML, like Gecko) Chrome/33.0.1750.170 Mobile Safari/537.36"
192.168.5.148 - - [02/Apr/2014:08:02:33 +0100] "GET /avatar/a7b5bcdb77dffe452d922b454a63b4c3?size=30&default=http%3A%2F%2Fwww.gravatar.com%2Favatar%2Fad516503a11cd5ca435acc9bb6523536%3Fsize%3D30 HTTP/1.1" 404 1291 "http://192.168.5.1/chat/ajax-chat.html" "Mozilla/5.0 (Linux; Android 4.1.2; SHV-E210L Build/JZO54K) AppleWebKit/537.36 (KHTML, like Gecko) Chrome/33.0.1750.170 Mobile Safari/537.36"
192.168.5.148 - - [02/Apr/2014:08:02:33 +0100] "GET /avatar/ad516503a11cd5ca435acc9bb6523536?size=30 HTTP/1.1" 404 1291 "http://192.168.5.1/chat/ajax-chat.html" "Mozilla/5.0 (Linux; Android 4.1.2; SHV-E210L Build/JZO54K) AppleWebKit/537.36 (KHTML, like Gecko) Chrome/33.0.1750.170 Mobile Safari/537.36"
192.168.5.148 - - [02/Apr/2014:08:02:34 +0100] "GET /v1/line/android?notificationLocalRv=883006&noticeNewTerm=3 HTTP/1.1" 404 1292 "-" "LAN/0.2.7 (line; 4.1.2; android; 4.1; SHV-E210L; googleplay; en; CO; adf4ef993afe419b4505054754d1de3d605c103d)"
192.168.5.148 - - [02/Apr/2014:08:02:34 +0100] "GET /chat/php/ajax.php?action=getChats&lastID=0 HTTP/1.1" 200 439 "http://192.168.5.1/chat/ajax-chat.html" "Mozilla/5.0 (Linux; Android 4.1.2; SHV-E210L Build/JZO54K) AppleWebKit/537.36 (KHTML, like Gecko) Chrome/33.0.1750.170 Mobile Safari/537.36"
192.168.5.148 - - [02/Apr/2014:08:02:34 +0100] "\x16\x03\x01" 501 290 "-" "-"
192.168.5.148 - - [02/Apr/2014:08:02:35 +0100] "GET /chat/php/ajax.php?action=getChats&lastID=0 HTTP/1.1" 200 439 "http://192.168.5.1/chat/ajax-chat.html" "Mozilla/5.0 (Linux; Android 4.1.2; SHV-E210L Build/JZO54K) AppleWebKit/537.36 (KHTML, like Gecko) Chrome/33.0.1750.170 Mobile Safari/537.36"
192.168.5.148 - - [02/Apr/2014:08:02:36 +0100] "GET /chat/php/ajax.php?action=getChats&lastID=0 HTTP/1.1" 200 439 "http://192.168.5.1/chat/ajax-chat.html" "Mozilla/5.0 (Linux; Android 4.1.2; SHV-E210L Build/JZO54K) AppleWebKit/537.36 (KHTML, like Gecko) Chrome/33.0.1750.170 Mobile Safari/537.36"
192.168.5.148 - - [02/Apr/2014:08:02:38 +0100] "GET /chat/php/ajax.php?action=getChats&lastID=0 HTTP/1.1" 200 439 "http://192.168.5.1/chat/ajax-chat.html" "Mozilla/5.0 (Linux; Android 4.1.2; SHV-E210L Build/JZO54K) AppleWebKit/537.36 (KHTML, like Gecko) Chrome/33.0.1750.170 Mobile Safari/537.36"
::1 - - [02/Apr/2014:08:02:40 +0100] "OPTIONS * HTTP/1.0" 200 126 "-" "Apache/2.2.22 (Debian) (internal dummy connection)"
192.168.5.148 - - [02/Apr/2014:08:02:41 +0100] "GET /chat/php/ajax.php?action=getChats&lastID=0 HTTP/1.1" 200 439 "http://192.168.5.1/chat/ajax-chat.html" "Mozilla/5.0 (Linux; Android 4.1.2; SHV-E210L Build/JZO54K) AppleWebKit/537.36 (KHTML, like Gecko) Chrome/33.0.1750.170 Mobile Safari/537.36"
::1 - - [02/Apr/2014:08:02:41 +0100] "OPTIONS * HTTP/1.0" 200 126 "-" "Apache/2.2.22 (Debian) (internal dummy connection)"
192.168.5.232 - - [02/Apr/2014:08:02:41 +0100] "GET /generate_204 HTTP/1.1" 200 2005 "-" "Dalvik/1.6.0 (Linux; U; Android 4.1.2; C5302 Build/12.0.A.2.254)"
192.168.5.232 - - [02/Apr/2014:08:02:41 +0100] "GET /generate_204 HTTP/1.1" 200 2005 "-" "Dalvik/1.6.0 (Linux; U; Android 4.1.2; C5302 Build/12.0.A.2.254)"
192.168.5.148 - - [02/Apr/2014:08:02:43 +0100] "GET /chat/php/ajax.php?action=getChats&lastID=0 HTTP/1.1" 200 439 "http://192.168.5.1/chat/ajax-chat.html" "Mozilla/5.0 (Linux; Android 4.1.2; SHV-E210L Build/JZO54K) AppleWebKit/537.36 (KHTML, like Gecko) Chrome/33.0.1750.170 Mobile Safari/537.36"
192.168.5.148 - - [02/Apr/2014:08:02:44 +0100] "GET /avatar/a7b5bcdb77dffe452d922b454a63b4c3?size=23&default=http%3A%2F%2Fwww.gravatar.com%2Favatar%2Fad516503a11cd5ca435acc9bb6523536%3Fsize%3D23 HTTP/1.1" 404 1292 "http://192.168.5.1/chat/ajax-chat.html" "Mozilla/5.0 (Linux; Android 4.1.2; SHV-E210L Build/JZO54K) AppleWebKit/537.36 (KHTML, like Gecko) Chrome/33.0.1750.170 Mobile Safari/537.36"
