192.168.5.203 - - [02/Apr/2014:10:27:40 +0100] "GET /select/wifiloginsuccess/ HTTP/1.1" 404 2036 "-" "BlackBerry9300/6.0.0.526 Profile/MIDP-2.1 Configuration/CLDC-1.1 VendorID/382"
192.168.5.203 - - [02/Apr/2014:10:27:40 +0100] "GET / HTTP/1.1" 200 2015 "-" "BlackBerry9300/6.0.0.526 Profile/MIDP-2.1 Configuration/CLDC-1.1 VendorID/382"
192.168.5.203 - - [02/Apr/2014:10:29:10 +0100] "GET /select/wifiloginsuccess/ HTTP/1.1" 404 2036 "-" "BlackBerry9300/6.0.0.526 Profile/MIDP-2.1 Configuration/CLDC-1.1 VendorID/382"
192.168.5.203 - - [02/Apr/2014:10:29:10 +0100] "GET / HTTP/1.1" 200 2015 "-" "BlackBerry9300/6.0.0.526 Profile/MIDP-2.1 Configuration/CLDC-1.1 VendorID/382"
192.168.5.203 - - [02/Apr/2014:10:32:01 +0100] "POST /chat HTTP/1.1" 408 595 "-" "Mozilla/5.0 (compatible; WAChat/1.2; +http://www.whatsapp.com/contact)"
192.168.5.125 - - [02/Apr/2014:11:00:07 +0100] "GET /generate_204 HTTP/1.1" 200 2005 "-" "Dalvik/1.6.0 (Linux; U; Android 4.2.2; Android Build/JDQ39)"
192.168.5.125 - - [02/Apr/2014:11:00:16 +0100] "GET /generate_204 HTTP/1.1" 200 2005 "-" "Dalvik/1.6.0 (Linux; U; Android 4.2.2; Android Build/JDQ39)"
192.168.5.214 - - [02/Apr/2014:11:41:48 +0100] "GET /select/wifiloginsuccess/ HTTP/1.1" 404 2036 "-" "BlackBerry8520/5.0.0.681 Profile/MIDP-2.1 Configuration/CLDC-1.1 VendorID/214"
192.168.5.214 - - [02/Apr/2014:11:41:49 +0100] "GET / HTTP/1.1" 200 2015 "-" "BlackBerry8520/5.0.0.681 Profile/MIDP-2.1 Configuration/CLDC-1.1 VendorID/214"
192.168.5.214 - - [02/Apr/2014:11:46:12 +0100] "WA\x01\x04" 501 291 "-" "-"
192.168.5.214 - - [02/Apr/2014:11:59:59 +0100] "GET /select/wifiloginsuccess/ HTTP/1.1" 404 2036 "-" "BlackBerry8520/5.0.0.681 Profile/MIDP-2.1 Configuration/CLDC-1.1 VendorID/214"
192.168.5.214 - - [02/Apr/2014:12:00:00 +0100] "GET / HTTP/1.1" 200 2015 "-" "BlackBerry8520/5.0.0.681 Profile/MIDP-2.1 Configuration/CLDC-1.1 VendorID/214"
192.168.5.173 - - [02/Apr/2014:12:04:10 +0100] "GET /generate_204 HTTP/1.1" 200 2005 "-" "Dalvik/1.6.0 (Linux; U; Android 4.1.2; GT-S6310L Build/JZO54K)"
192.168.5.173 - - [02/Apr/2014:12:04:12 +0100] "GET /generate_204 HTTP/1.1" 200 2005 "-" "Dalvik/1.6.0 (Linux; U; Android 4.1.2; GT-S6310L Build/JZO54K)"
192.168.5.173 - - [02/Apr/2014:12:04:18 +0100] "GET /generate_204 HTTP/1.1" 200 2005 "-" "Dalvik/1.6.0 (Linux; U; Android 4.1.2; GT-S6310L Build/JZO54K)"
192.168.5.173 - - [02/Apr/2014:12:04:22 +0100] "GET /generate_204 HTTP/1.1" 200 2005 "-" "Dalvik/1.6.0 (Linux; U; Android 4.1.2; GT-S6310L Build/JZO54K)"
192.168.5.173 - - [02/Apr/2014:12:04:33 +0100] "GET /leanback_ajax?action_environment=1 HTTP/1.1" 404 2073 "-" "com.google.android.youtube/5.3.32(Linux; U; Android 4.1.2; es_US; GT-S6310L Build/JZO54K) gzip"
192.168.5.173 - - [02/Apr/2014:12:05:06 +0100] "HEAD / HTTP/1.1" 200 338 "-" "Mozilla/5.0 (Linux; Android 4.1.2; GT-S6310L Build/JZO54K) AppleWebKit/537.36 (KHTML, like Gecko) Chrome/33.0.1750.170 Mobile Safari/537.36"
192.168.5.173 - - [02/Apr/2014:12:05:06 +0100] "HEAD / HTTP/1.1" 200 338 "-" "Mozilla/5.0 (Linux; Android 4.1.2; GT-S6310L Build/JZO54K) AppleWebKit/537.36 (KHTML, like Gecko) Chrome/33.0.1750.170 Mobile Safari/537.36"
192.168.5.173 - - [02/Apr/2014:12:05:06 +0100] "HEAD / HTTP/1.1" 200 338 "-" "Mozilla/5.0 (Linux; Android 4.1.2; GT-S6310L Build/JZO54K) AppleWebKit/537.36 (KHTML, like Gecko) Chrome/33.0.1750.170 Mobile Safari/537.36"
192.168.5.237 - - [02/Apr/2014:12:05:14 +0100] "GET /ncsi.txt HTTP/1.1" 404 2036 "-" "Microsoft NCSI"
192.168.5.173 - - [02/Apr/2014:12:05:14 +0100] "GET /video/xydakb_hey-class-president-drama-cd-manga-vol-4-7_creation HTTP/1.1" 404 1292 "-" "Mozilla/5.0 (Linux; Android 4.1.2; GT-S6310L Build/JZO54K) AppleWebKit/537.36 (KHTML, like Gecko) Chrome/33.0.1750.170 Mobile Safari/537.36"
192.168.5.237 - - [02/Apr/2014:12:05:14 +0100] "GET /redirect HTTP/1.1" 404 2073 "-" "WISPR!Microsoft Hotspot Authentication"
192.168.5.173 - - [02/Apr/2014:12:05:19 +0100] "GET /favicon.ico HTTP/1.1" 404 1292 "-" "Mozilla/5.0 (Linux; Android 4.1.2; GT-S6310L Build/JZO54K) AppleWebKit/537.36 (KHTML, like Gecko) Chrome/33.0.1750.170 Mobile Safari/537.36"
192.168.5.237 - - [02/Apr/2014:12:05:20 +0100] "GET /fwlink/?LinkID=219472&clcid=0x409 HTTP/1.1" 404 1292 "-" "Mozilla/5.0 (Windows NT 6.2; WOW64) AppleWebKit/537.36 (KHTML, like Gecko) Chrome/33.0.1750.154 Safari/537.36"
192.168.5.237 - - [02/Apr/2014:12:05:21 +0100] "GET /favicon.ico HTTP/1.1" 404 1291 "-" "Mozilla/5.0 (Windows NT 6.2; WOW64) AppleWebKit/537.36 (KHTML, like Gecko) Chrome/33.0.1750.154 Safari/537.36"
192.168.5.173 - - [02/Apr/2014:12:05:33 +0100] "GET /generate_204 HTTP/1.1" 200 2005 "-" "Dalvik/1.6.0 (Linux; U; Android 4.1.2; GT-S6310L Build/JZO54K)"
192.168.5.237 - - [02/Apr/2014:12:05:37 +0100] "GET /ncsi.txt HTTP/1.1" 404 2036 "-" "Microsoft NCSI"
192.168.5.173 - - [02/Apr/2014:12:05:47 +0100] "GET /q/startup.php?app=120680291565&language=es&appVersion=3.0&os=android&ref=android HTTP/1.1" 404 1292 "-" "android-async-http/1.4.1 (http://loopj.com/android-async-http)"
192.168.5.237 - - [02/Apr/2014:12:05:56 +0100] "GET /pki/mscorp/crl/mswww(6).crl HTTP/1.1" 404 2073 "-" "Microsoft-CryptoAPI/6.2"
192.168.5.237 - - [02/Apr/2014:12:06:08 +0100] "GET /ncsi.txt HTTP/1.1" 404 2036 "-" "Microsoft NCSI"
192.168.5.173 - - [02/Apr/2014:12:06:10 +0100] "-" 408 0 "-" "-"
192.168.5.51 - - [02/Apr/2014:12:06:15 +0100] "GET / HTTP/1.1" 304 210 "-" "Mozilla/5.0 (iPad; CPU OS 5_1_1 like Mac OS X) AppleWebKit/534.46 (KHTML, like Gecko) CriOS/28.0.1500.16 Mobile/9B206 Safari/7534.48.3"
192.168.5.51 - - [02/Apr/2014:12:06:15 +0100] "GET /apple-touch-icon-precomposed.png HTTP/1.1" 404 1291 "-" "Mozilla/5.0 (iPad; CPU OS 5_1_1 like Mac OS X) AppleWebKit/534.46 (KHTML, like Gecko) CriOS/28.0.1500.16 Mobile/9B206 Safari/7534.48.3"
192.168.5.51 - - [02/Apr/2014:12:06:16 +0100] "GET /chat/ajax-chat.html HTTP/1.1" 304 210 "http://www.hotmail.com/" "Mozilla/5.0 (iPad; CPU OS 5_1_1 like Mac OS X) AppleWebKit/534.46 (KHTML, like Gecko) CriOS/28.0.1500.16 Mobile/9B206 Safari/7534.48.3"
192.168.5.51 - - [02/Apr/2014:12:06:17 +0100] "GET /chat/js/jScrollPane/jScrollPane.css HTTP/1.1" 304 209 "http://192.168.5.1/chat/ajax-chat.html" "Mozilla/5.0 (iPad; CPU OS 5_1_1 like Mac OS X) AppleWebKit/534.46 (KHTML, like Gecko) CriOS/28.0.1500.16 Mobile/9B206 Safari/7534.48.3"
192.168.5.51 - - [02/Apr/2014:12:06:17 +0100] "GET /chat/css/page.css HTTP/1.1" 304 209 "http://192.168.5.1/chat/ajax-chat.html" "Mozilla/5.0 (iPad; CPU OS 5_1_1 like Mac OS X) AppleWebKit/534.46 (KHTML, like Gecko) CriOS/28.0.1500.16 Mobile/9B206 Safari/7534.48.3"
192.168.5.51 - - [02/Apr/2014:12:06:17 +0100] "GET /chat/css/chat.css HTTP/1.1" 304 211 "http://192.168.5.1/chat/ajax-chat.html" "Mozilla/5.0 (iPad; CPU OS 5_1_1 like Mac OS X) AppleWebKit/534.46 (KHTML, like Gecko) CriOS/28.0.1500.16 Mobile/9B206 Safari/7534.48.3"
192.168.5.51 - - [02/Apr/2014:12:06:17 +0100] "GET /chat/js/jScrollPane/jquery.mousewheel.js HTTP/1.1" 304 210 "http://192.168.5.1/chat/ajax-chat.html" "Mozilla/5.0 (iPad; CPU OS 5_1_1 like Mac OS X) AppleWebKit/534.46 (KHTML, like Gecko) CriOS/28.0.1500.16 Mobile/9B206 Safari/7534.48.3"
192.168.5.51 - - [02/Apr/2014:12:06:17 +0100] "GET /chat/js/jScrollPane/jScrollPane.min.js HTTP/1.1" 304 211 "http://192.168.5.1/chat/ajax-chat.html" "Mozilla/5.0 (iPad; CPU OS 5_1_1 like Mac OS X) AppleWebKit/534.46 (KHTML, like Gecko) CriOS/28.0.1500.16 Mobile/9B206 Safari/7534.48.3"
192.168.5.51 - - [02/Apr/2014:12:06:17 +0100] "GET /chat/js/script.js HTTP/1.1" 304 211 "http://192.168.5.1/chat/ajax-chat.html" "Mozilla/5.0 (iPad; CPU OS 5_1_1 like Mac OS X) AppleWebKit/534.46 (KHTML, like Gecko) CriOS/28.0.1500.16 Mobile/9B206 Safari/7534.48.3"
192.168.5.51 - - [02/Apr/2014:12:06:17 +0100] "GET /chat/img/page_bg.jpg HTTP/1.1" 304 186 "http://192.168.5.1/chat/ajax-chat.html" "Mozilla/5.0 (iPad; CPU OS 5_1_1 like Mac OS X) AppleWebKit/534.46 (KHTML, like Gecko) CriOS/28.0.1500.16 Mobile/9B206 Safari/7534.48.3"
192.168.5.51 - - [02/Apr/2014:12:06:17 +0100] "GET /chat/img/solid_gray.jpg HTTP/1.1" 304 186 "http://192.168.5.1/chat/ajax-chat.html" "Mozilla/5.0 (iPad; CPU OS 5_1_1 like Mac OS X) AppleWebKit/534.46 (KHTML, like Gecko) CriOS/28.0.1500.16 Mobile/9B206 Safari/7534.48.3"
192.168.5.51 - - [02/Apr/2014:12:06:17 +0100] "GET /chat/img/input_bg.jpg HTTP/1.1" 304 186 "http://192.168.5.1/chat/ajax-chat.html" "Mozilla/5.0 (iPad; CPU OS 5_1_1 like Mac OS X) AppleWebKit/534.46 (KHTML, like Gecko) CriOS/28.0.1500.16 Mobile/9B206 Safari/7534.48.3"
192.168.5.51 - - [02/Apr/2014:12:06:17 +0100] "GET /chat/img/button_blue.png HTTP/1.1" 304 187 "http://192.168.5.1/chat/ajax-chat.html" "Mozilla/5.0 (iPad; CPU OS 5_1_1 like Mac OS X) AppleWebKit/534.46 (KHTML, like Gecko) CriOS/28.0.1500.16 Mobile/9B206 Safari/7534.48.3"
192.168.5.51 - - [02/Apr/2014:12:06:17 +0100] "GET /favicon.ico HTTP/1.1" 404 1291 "-" "Mozilla/5.0 (iPad; CPU OS 5_1_1 like Mac OS X) AppleWebKit/534.46 (KHTML, like Gecko) CriOS/28.0.1500.16 Mobile/9B206 Safari/7534.48.3"
192.168.5.51 - - [02/Apr/2014:12:06:17 +0100] "GET /apple-touch-icon-precomposed.png HTTP/1.1" 404 1291 "-" "Mozilla/5.0 (iPad; CPU OS 5_1_1 like Mac OS X) AppleWebKit/534.46 (KHTML, like Gecko) CriOS/28.0.1500.16 Mobile/9B206 Safari/7534.48.3"
192.168.5.51 - - [02/Apr/2014:12:06:17 +0100] "GET /chat/php/ajax.php?action=checkLogged HTTP/1.1" 200 443 "http://192.168.5.1/chat/ajax-chat.html" "Mozilla/5.0 (iPad; CPU OS 5_1_1 like Mac OS X) AppleWebKit/534.46 (KHTML, like Gecko) CriOS/28.0.1500.16 Mobile/9B206 Safari/7534.48.3"
192.168.5.51 - - [02/Apr/2014:12:06:17 +0100] "GET /chat/php/ajax.php?action=getUsers HTTP/1.1" 200 451 "http://192.168.5.1/chat/ajax-chat.html" "Mozilla/5.0 (iPad; CPU OS 5_1_1 like Mac OS X) AppleWebKit/534.46 (KHTML, like Gecko) CriOS/28.0.1500.16 Mobile/9B206 Safari/7534.48.3"
192.168.5.51 - - [02/Apr/2014:12:06:17 +0100] "GET /chat/php/ajax.php?action=getChats&lastID=0 HTTP/1.1" 200 439 "http://192.168.5.1/chat/ajax-chat.html" "Mozilla/5.0 (iPad; CPU OS 5_1_1 like Mac OS X) AppleWebKit/534.46 (KHTML, like Gecko) CriOS/28.0.1500.16 Mobile/9B206 Safari/7534.48.3"
192.168.5.51 - - [02/Apr/2014:12:06:18 +0100] "GET /chat/php/ajax.php?action=getChats&lastID=0 HTTP/1.1" 200 439 "http://192.168.5.1/chat/ajax-chat.html" "Mozilla/5.0 (iPad; CPU OS 5_1_1 like Mac OS X) AppleWebKit/534.46 (KHTML, like Gecko) CriOS/28.0.1500.16 Mobile/9B206 Safari/7534.48.3"
192.168.5.51 - - [02/Apr/2014:12:06:20 +0100] "GET /chat/php/ajax.php?action=getChats&lastID=0 HTTP/1.1" 200 439 "http://192.168.5.1/chat/ajax-chat.html" "Mozilla/5.0 (iPad; CPU OS 5_1_1 like Mac OS X) AppleWebKit/534.46 (KHTML, like Gecko) CriOS/28.0.1500.16 Mobile/9B206 Safari/7534.48.3"
192.168.5.51 - - [02/Apr/2014:12:06:21 +0100] "GET /chat/php/ajax.php?action=getChats&lastID=0 HTTP/1.1" 200 439 "http://192.168.5.1/chat/ajax-chat.html" "Mozilla/5.0 (iPad; CPU OS 5_1_1 like Mac OS X) AppleWebKit/534.46 (KHTML, like Gecko) CriOS/28.0.1500.16 Mobile/9B206 Safari/7534.48.3"
192.168.5.51 - - [02/Apr/2014:12:06:24 +0100] "GET /chat/php/ajax.php?action=getChats&lastID=0 HTTP/1.1" 200 439 "http://192.168.5.1/chat/ajax-chat.html" "Mozilla/5.0 (iPad; CPU OS 5_1_1 like Mac OS X) AppleWebKit/534.46 (KHTML, like Gecko) CriOS/28.0.1500.16 Mobile/9B206 Safari/7534.48.3"
::1 - - [02/Apr/2014:12:06:24 +0100] "OPTIONS * HTTP/1.0" 200 126 "-" "Apache/2.2.22 (Debian) (internal dummy connection)"
192.168.5.51 - - [02/Apr/2014:12:06:24 +0100] "POST /chat/php/ajax.php?action=login HTTP/1.1" 200 461 "http://192.168.5.1/chat/ajax-chat.html" "Mozilla/5.0 (iPad; CPU OS 5_1_1 like Mac OS X) AppleWebKit/534.46 (KHTML, like Gecko) CriOS/28.0.1500.16 Mobile/9B206 Safari/7534.48.3"
::1 - - [02/Apr/2014:12:06:25 +0100] "OPTIONS * HTTP/1.0" 200 126 "-" "Apache/2.2.22 (Debian) (internal dummy connection)"
192.168.5.51 - - [02/Apr/2014:12:06:26 +0100] "GET /chat/php/ajax.php?action=getChats&lastID=0 HTTP/1.1" 200 439 "http://192.168.5.1/chat/ajax-chat.html" "Mozilla/5.0 (iPad; CPU OS 5_1_1 like Mac OS X) AppleWebKit/534.46 (KHTML, like Gecko) CriOS/28.0.1500.16 Mobile/9B206 Safari/7534.48.3"
192.168.5.51 - - [02/Apr/2014:12:06:28 +0100] "GET /chat/php/ajax.php?action=getChats&lastID=0 HTTP/1.1" 200 439 "http://192.168.5.1/chat/ajax-chat.html" "Mozilla/5.0 (iPad; CPU OS 5_1_1 like Mac OS X) AppleWebKit/534.46 (KHTML, like Gecko) CriOS/28.0.1500.16 Mobile/9B206 Safari/7534.48.3"
192.168.5.51 - - [02/Apr/2014:12:06:30 +0100] "GET /chat/php/ajax.php?action=getChats&lastID=0 HTTP/1.1" 200 439 "http://192.168.5.1/chat/ajax-chat.html" "Mozilla/5.0 (iPad; CPU OS 5_1_1 like Mac OS X) AppleWebKit/534.46 (KHTML, like Gecko) CriOS/28.0.1500.16 Mobile/9B206 Safari/7534.48.3"
192.168.5.51 - - [02/Apr/2014:12:06:31 +0100] "POST /chat/php/ajax.php?action=login HTTP/1.1" 200 588 "http://192.168.5.1/chat/ajax-chat.html" "Mozilla/5.0 (iPad; CPU OS 5_1_1 like Mac OS X) AppleWebKit/534.46 (KHTML, like Gecko) CriOS/28.0.1500.16 Mobile/9B206 Safari/7534.48.3"
192.168.5.51 - - [02/Apr/2014:12:06:32 +0100] "GET /avatar/fcd759b4816a490133627c7a05e8250a?size=23&default=http%3A%2F%2Fwww.gravatar.com%2Favatar%2Fad516503a11cd5ca435acc9bb6523536%3Fsize%3D23 HTTP/1.1" 404 1292 "http://192.168.5.1/chat/ajax-chat.html" "Mozilla/5.0 (iPad; CPU OS 5_1_1 like Mac OS X) AppleWebKit/534.46 (KHTML, like Gecko) CriOS/28.0.1500.16 Mobile/9B206 Safari/7534.48.3"
192.168.5.51 - - [02/Apr/2014:12:06:32 +0100] "GET /chat/php/ajax.php?action=getChats&lastID=0 HTTP/1.1" 200 439 "http://192.168.5.1/chat/ajax-chat.html" "Mozilla/5.0 (iPad; CPU OS 5_1_1 like Mac OS X) AppleWebKit/534.46 (KHTML, like Gecko) CriOS/28.0.1500.16 Mobile/9B206 Safari/7534.48.3"
192.168.5.51 - - [02/Apr/2014:12:06:33 +0100] "GET /chat/php/ajax.php?action=getUsers HTTP/1.1" 200 634 "http://192.168.5.1/chat/ajax-chat.html" "Mozilla/5.0 (iPad; CPU OS 5_1_1 like Mac OS X) AppleWebKit/534.46 (KHTML, like Gecko) CriOS/28.0.1500.16 Mobile/9B206 Safari/7534.48.3"
192.168.5.51 - - [02/Apr/2014:12:06:33 +0100] "GET /avatar/fcd759b4816a490133627c7a05e8250a?size=30&default=http%3A%2F%2Fwww.gravatar.com%2Favatar%2Fad516503a11cd5ca435acc9bb6523536%3Fsize%3D30 HTTP/1.1" 404 1291 "http://192.168.5.1/chat/ajax-chat.html" "Mozilla/5.0 (iPad; CPU OS 5_1_1 like Mac OS X) AppleWebKit/534.46 (KHTML, like Gecko) CriOS/28.0.1500.16 Mobile/9B206 Safari/7534.48.3"
192.168.5.51 - - [02/Apr/2014:12:06:33 +0100] "GET /avatar/ad516503a11cd5ca435acc9bb6523536?size=30 HTTP/1.1" 404 1291 "http://192.168.5.1/chat/ajax-chat.html" "Mozilla/5.0 (iPad; CPU OS 5_1_1 like Mac OS X) AppleWebKit/534.46 (KHTML, like Gecko) CriOS/28.0.1500.16 Mobile/9B206 Safari/7534.48.3"
192.168.5.51 - - [02/Apr/2014:12:06:34 +0100] "GET /chat/php/ajax.php?action=getChats&lastID=0 HTTP/1.1" 200 439 "http://192.168.5.1/chat/ajax-chat.html" "Mozilla/5.0 (iPad; CPU OS 5_1_1 like Mac OS X) AppleWebKit/534.46 (KHTML, like Gecko) CriOS/28.0.1500.16 Mobile/9B206 Safari/7534.48.3"
192.168.5.51 - - [02/Apr/2014:12:06:37 +0100] "GET /chat/php/ajax.php?action=getChats&lastID=0 HTTP/1.1" 200 439 "http://192.168.5.1/chat/ajax-chat.html" "Mozilla/5.0 (iPad; CPU OS 5_1_1 like Mac OS X) AppleWebKit/534.46 (KHTML, like Gecko) CriOS/28.0.1500.16 Mobile/9B206 Safari/7534.48.3"
192.168.5.51 - - [02/Apr/2014:12:06:38 +0100] "GET /avatar/fcd759b4816a490133627c7a05e8250a?size=23&default=http%3A%2F%2Fwww.gravatar.com%2Favatar%2Fad516503a11cd5ca435acc9bb6523536%3Fsize%3D23 HTTP/1.1" 404 1291 "http://192.168.5.1/chat/ajax-chat.html" "Mozilla/5.0 (iPad; CPU OS 5_1_1 like Mac OS X) AppleWebKit/534.46 (KHTML, like Gecko) CriOS/28.0.1500.16 Mobile/9B206 Safari/7534.48.3"
192.168.5.51 - - [02/Apr/2014:12:06:38 +0100] "GET /chat/img/chat_line_bg.jpg HTTP/1.1" 304 187 "http://192.168.5.1/chat/ajax-chat.html" "Mozilla/5.0 (iPad; CPU OS 5_1_1 like Mac OS X) AppleWebKit/534.46 (KHTML, like Gecko) CriOS/28.0.1500.16 Mobile/9B206 Safari/7534.48.3"
192.168.5.51 - - [02/Apr/2014:12:06:38 +0100] "GET /avatar/ad516503a11cd5ca435acc9bb6523536?size=23 HTTP/1.1" 404 1292 "http://192.168.5.1/chat/ajax-chat.html" "Mozilla/5.0 (iPad; CPU OS 5_1_1 like Mac OS X) AppleWebKit/534.46 (KHTML, like Gecko) CriOS/28.0.1500.16 Mobile/9B206 Safari/7534.48.3"
192.168.5.51 - - [02/Apr/2014:12:06:38 +0100] "POST /chat/php/ajax.php?action=submitChat HTTP/1.1" 200 453 "http://192.168.5.1/chat/ajax-chat.html" "Mozilla/5.0 (iPad; CPU OS 5_1_1 like Mac OS X) AppleWebKit/534.46 (KHTML, like Gecko) CriOS/28.0.1500.16 Mobile/9B206 Safari/7534.48.3"
192.168.5.51 - - [02/Apr/2014:12:06:38 +0100] "GET /avatar/fcd759b4816a490133627c7a05e8250a?size=23&default=http%3A%2F%2Fwww.gravatar.com%2Favatar%2Fad516503a11cd5ca435acc9bb6523536%3Fsize%3D23 HTTP/1.1" 404 1291 "http://192.168.5.1/chat/ajax-chat.html" "Mozilla/5.0 (iPad; CPU OS 5_1_1 like Mac OS X) AppleWebKit/534.46 (KHTML, like Gecko) CriOS/28.0.1500.16 Mobile/9B206 Safari/7534.48.3"
192.168.5.237 - - [02/Apr/2014:12:06:38 +0100] "GET /ncsi.txt HTTP/1.1" 404 2036 "-" "Microsoft NCSI"
192.168.5.51 - - [02/Apr/2014:12:06:42 +0100] "GET /chat/php/ajax.php?action=getChats&lastID=0 HTTP/1.1" 200 654 "http://192.168.5.1/chat/ajax-chat.html" "Mozilla/5.0 (iPad; CPU OS 5_1_1 like Mac OS X) AppleWebKit/534.46 (KHTML, like Gecko) CriOS/28.0.1500.16 Mobile/9B206 Safari/7534.48.3"
192.168.5.51 - - [02/Apr/2014:12:06:42 +0100] "GET /avatar/fcd759b4816a490133627c7a05e8250a?size=23&default=http%3A%2F%2Fwww.gravatar.com%2Favatar%2Fad516503a11cd5ca435acc9bb6523536%3Fsize%3D23 HTTP/1.1" 404 1291 "http://192.168.5.1/chat/ajax-chat.html" "Mozilla/5.0 (iPad; CPU OS 5_1_1 like Mac OS X) AppleWebKit/534.46 (KHTML, like Gecko) CriOS/28.0.1500.16 Mobile/9B206 Safari/7534.48.3"
192.168.5.51 - - [02/Apr/2014:12:06:43 +0100] "GET /chat/php/ajax.php?action=getChats&lastID=72 HTTP/1.1" 200 439 "http://192.168.5.1/chat/ajax-chat.html" "Mozilla/5.0 (iPad; CPU OS 5_1_1 like Mac OS X) AppleWebKit/534.46 (KHTML, like Gecko) CriOS/28.0.1500.16 Mobile/9B206 Safari/7534.48.3"
192.168.5.51 - - [02/Apr/2014:12:06:44 +0100] "GET /chat/php/ajax.php?action=getChats&lastID=72 HTTP/1.1" 200 439 "http://192.168.5.1/chat/ajax-chat.html" "Mozilla/5.0 (iPad; CPU OS 5_1_1 like Mac OS X) AppleWebKit/534.46 (KHTML, like Gecko) CriOS/28.0.1500.16 Mobile/9B206 Safari/7534.48.3"
192.168.5.51 - - [02/Apr/2014:12:06:45 +0100] "GET /chat/php/ajax.php?action=getChats&lastID=72 HTTP/1.1" 200 439 "http://192.168.5.1/chat/ajax-chat.html" "Mozilla/5.0 (iPad; CPU OS 5_1_1 like Mac OS X) AppleWebKit/534.46 (KHTML, like Gecko) CriOS/28.0.1500.16 Mobile/9B206 Safari/7534.48.3"
192.168.5.51 - - [02/Apr/2014:12:06:46 +0100] "GET /chat/php/ajax.php?action=getChats&lastID=72 HTTP/1.1" 200 439 "http://192.168.5.1/chat/ajax-chat.html" "Mozilla/5.0 (iPad; CPU OS 5_1_1 like Mac OS X) AppleWebKit/534.46 (KHTML, like Gecko) CriOS/28.0.1500.16 Mobile/9B206 Safari/7534.48.3"
192.168.5.51 - - [02/Apr/2014:12:06:48 +0100] "GET /chat/php/ajax.php?action=getChats&lastID=72 HTTP/1.1" 200 439 "http://192.168.5.1/chat/ajax-chat.html" "Mozilla/5.0 (iPad; CPU OS 5_1_1 like Mac OS X) AppleWebKit/534.46 (KHTML, like Gecko) CriOS/28.0.1500.16 Mobile/9B206 Safari/7534.48.3"
192.168.5.51 - - [02/Apr/2014:12:06:48 +0100] "GET /chat/php/ajax.php?action=getUsers HTTP/1.1" 200 634 "http://192.168.5.1/chat/ajax-chat.html" "Mozilla/5.0 (iPad; CPU OS 5_1_1 like Mac OS X) AppleWebKit/534.46 (KHTML, like Gecko) CriOS/28.0.1500.16 Mobile/9B206 Safari/7534.48.3"
192.168.5.51 - - [02/Apr/2014:12:06:49 +0100] "GET /avatar/fcd759b4816a490133627c7a05e8250a?size=30&default=http%3A%2F%2Fwww.gravatar.com%2Favatar%2Fad516503a11cd5ca435acc9bb6523536%3Fsize%3D30 HTTP/1.1" 404 1292 "http://192.168.5.1/chat/ajax-chat.html" "Mozilla/5.0 (iPad; CPU OS 5_1_1 like Mac OS X) AppleWebKit/534.46 (KHTML, like Gecko) CriOS/28.0.1500.16 Mobile/9B206 Safari/7534.48.3"
192.168.5.51 - - [02/Apr/2014:12:06:50 +0100] "GET /chat/php/ajax.php?action=getChats&lastID=72 HTTP/1.1" 200 439 "http://192.168.5.1/chat/ajax-chat.html" "Mozilla/5.0 (iPad; CPU OS 5_1_1 like Mac OS X) AppleWebKit/534.46 (KHTML, like Gecko) CriOS/28.0.1500.16 Mobile/9B206 Safari/7534.48.3"
192.168.5.51 - - [02/Apr/2014:12:06:52 +0100] "GET /chat/php/ajax.php?action=getChats&lastID=72 HTTP/1.1" 200 439 "http://192.168.5.1/chat/ajax-chat.html" "Mozilla/5.0 (iPad; CPU OS 5_1_1 like Mac OS X) AppleWebKit/534.46 (KHTML, like Gecko) CriOS/28.0.1500.16 Mobile/9B206 Safari/7534.48.3"
192.168.5.51 - - [02/Apr/2014:12:06:54 +0100] "GET /chat/php/ajax.php?action=getChats&lastID=72 HTTP/1.1" 200 439 "http://192.168.5.1/chat/ajax-chat.html" "Mozilla/5.0 (iPad; CPU OS 5_1_1 like Mac OS X) AppleWebKit/534.46 (KHTML, like Gecko) CriOS/28.0.1500.16 Mobile/9B206 Safari/7534.48.3"
192.168.5.237 - - [02/Apr/2014:12:06:56 +0100] "GET /pki/mscorp/crl/mswww(6).crl HTTP/1.1" 404 2073 "-" "Microsoft-CryptoAPI/6.2"
192.168.5.51 - - [02/Apr/2014:12:06:57 +0100] "GET /chat/php/ajax.php?action=getChats&lastID=72 HTTP/1.1" 200 439 "http://192.168.5.1/chat/ajax-chat.html" "Mozilla/5.0 (iPad; CPU OS 5_1_1 like Mac OS X) AppleWebKit/534.46 (KHTML, like Gecko) CriOS/28.0.1500.16 Mobile/9B206 Safari/7534.48.3"
192.168.5.51 - - [02/Apr/2014:12:06:59 +0100] "GET /chat/php/ajax.php?action=getChats&lastID=72 HTTP/1.1" 200 439 "http://192.168.5.1/chat/ajax-chat.html" "Mozilla/5.0 (iPad; CPU OS 5_1_1 like Mac OS X) AppleWebKit/534.46 (KHTML, like Gecko) CriOS/28.0.1500.16 Mobile/9B206 Safari/7534.48.3"
192.168.5.51 - - [02/Apr/2014:12:07:01 +0100] "GET /chat/php/ajax.php?action=getChats&lastID=72 HTTP/1.1" 200 439 "http://192.168.5.1/chat/ajax-chat.html" "Mozilla/5.0 (iPad; CPU OS 5_1_1 like Mac OS X) AppleWebKit/534.46 (KHTML, like Gecko) CriOS/28.0.1500.16 Mobile/9B206 Safari/7534.48.3"
192.168.5.173 - - [02/Apr/2014:12:07:03 +0100] "GET /assets/120680291565/3346684.gif HTTP/1.1" 404 1292 "-" "Dalvik/1.6.0 (Linux; U; Android 4.1.2; GT-S6310L Build/JZO54K)"
192.168.5.51 - - [02/Apr/2014:12:07:04 +0100] "GET /chat/php/ajax.php?action=getUsers HTTP/1.1" 200 634 "http://192.168.5.1/chat/ajax-chat.html" "Mozilla/5.0 (iPad; CPU OS 5_1_1 like Mac OS X) AppleWebKit/534.46 (KHTML, like Gecko) CriOS/28.0.1500.16 Mobile/9B206 Safari/7534.48.3"
192.168.5.51 - - [02/Apr/2014:12:07:04 +0100] "GET /avatar/fcd759b4816a490133627c7a05e8250a?size=30&default=http%3A%2F%2Fwww.gravatar.com%2Favatar%2Fad516503a11cd5ca435acc9bb6523536%3Fsize%3D30 HTTP/1.1" 404 1292 "http://192.168.5.1/chat/ajax-chat.html" "Mozilla/5.0 (iPad; CPU OS 5_1_1 like Mac OS X) AppleWebKit/534.46 (KHTML, like Gecko) CriOS/28.0.1500.16 Mobile/9B206 Safari/7534.48.3"
192.168.5.51 - - [02/Apr/2014:12:07:06 +0100] "GET /chat/php/ajax.php?action=getChats&lastID=72 HTTP/1.1" 200 439 "http://192.168.5.1/chat/ajax-chat.html" "Mozilla/5.0 (iPad; CPU OS 5_1_1 like Mac OS X) AppleWebKit/534.46 (KHTML, like Gecko) CriOS/28.0.1500.16 Mobile/9B206 Safari/7534.48.3"
192.168.5.237 - - [02/Apr/2014:12:07:09 +0100] "GET /ncsi.txt HTTP/1.1" 404 2036 "-" "Microsoft NCSI"
192.168.5.51 - - [02/Apr/2014:12:07:11 +0100] "GET /chat/php/ajax.php?action=getChats&lastID=72 HTTP/1.1" 200 440 "http://192.168.5.1/chat/ajax-chat.html" "Mozilla/5.0 (iPad; CPU OS 5_1_1 like Mac OS X) AppleWebKit/534.46 (KHTML, like Gecko) CriOS/28.0.1500.16 Mobile/9B206 Safari/7534.48.3"
192.168.5.173 - - [02/Apr/2014:12:07:12 +0100] "GET /sdk-core-v40.js HTTP/1.1" 404 1292 "http://media.admob.com/" "Mozilla/5.0 (Linux; U; Android 4.1.2; es-us; GT-S6310L Build/JZO54K) AppleWebKit/534.30 (KHTML, like Gecko) Version/4.0 Mobile Safari/534.30 (Mobile; afma-sdk-a-v6.4.1)"
192.168.5.173 - - [02/Apr/2014:12:07:14 +0100] "GET /m/ad?v=6&id=agltb3B1Yi1pbmNyDQsSBFNpdGUY-OjAFAw&nv=1.9.0.0&udid=sha:752465302f9e3f755dee82253b31fea8e9cff75b&z=-0500&o=p&sc_a=1.0 HTTP/1.1" 404 2073 "-" "Mozilla/5.0 (Linux; U; Android 4.1.2; es-us; GT-S6310L Build/JZO54K) AppleWebKit/534.30 (KHTML, like Gecko) Version/4.0 Mobile Safari/534.30"
192.168.5.51 - - [02/Apr/2014:12:07:17 +0100] "GET /chat/php/ajax.php?action=getChats&lastID=72 HTTP/1.1" 200 440 "http://192.168.5.1/chat/ajax-chat.html" "Mozilla/5.0 (iPad; CPU OS 5_1_1 like Mac OS X) AppleWebKit/534.46 (KHTML, like Gecko) CriOS/28.0.1500.16 Mobile/9B206 Safari/7534.48.3"
192.168.5.51 - - [02/Apr/2014:12:07:19 +0100] "GET /chat/php/ajax.php?action=getUsers HTTP/1.1" 200 634 "http://192.168.5.1/chat/ajax-chat.html" "Mozilla/5.0 (iPad; CPU OS 5_1_1 like Mac OS X) AppleWebKit/534.46 (KHTML, like Gecko) CriOS/28.0.1500.16 Mobile/9B206 Safari/7534.48.3"
192.168.5.51 - - [02/Apr/2014:12:07:19 +0100] "GET /avatar/fcd759b4816a490133627c7a05e8250a?size=30&default=http%3A%2F%2Fwww.gravatar.com%2Favatar%2Fad516503a11cd5ca435acc9bb6523536%3Fsize%3D30 HTTP/1.1" 404 1292 "http://192.168.5.1/chat/ajax-chat.html" "Mozilla/5.0 (iPad; CPU OS 5_1_1 like Mac OS X) AppleWebKit/534.46 (KHTML, like Gecko) CriOS/28.0.1500.16 Mobile/9B206 Safari/7534.48.3"
192.168.5.51 - - [02/Apr/2014:12:07:23 +0100] "GET /chat/php/ajax.php?action=getChats&lastID=72 HTTP/1.1" 200 439 "http://192.168.5.1/chat/ajax-chat.html" "Mozilla/5.0 (iPad; CPU OS 5_1_1 like Mac OS X) AppleWebKit/534.46 (KHTML, like Gecko) CriOS/28.0.1500.16 Mobile/9B206 Safari/7534.48.3"
192.168.5.51 - - [02/Apr/2014:12:07:28 +0100] "GET /chat/php/ajax.php?action=getChats&lastID=72 HTTP/1.1" 200 440 "http://192.168.5.1/chat/ajax-chat.html" "Mozilla/5.0 (iPad; CPU OS 5_1_1 like Mac OS X) AppleWebKit/534.46 (KHTML, like Gecko) CriOS/28.0.1500.16 Mobile/9B206 Safari/7534.48.3"
::1 - - [02/Apr/2014:12:07:33 +0100] "OPTIONS * HTTP/1.0" 200 126 "-" "Apache/2.2.22 (Debian) (internal dummy connection)"
192.168.5.51 - - [02/Apr/2014:12:07:33 +0100] "GET /chat/php/ajax.php?action=getChats&lastID=72 HTTP/1.1" 200 440 "http://192.168.5.1/chat/ajax-chat.html" "Mozilla/5.0 (iPad; CPU OS 5_1_1 like Mac OS X) AppleWebKit/534.46 (KHTML, like Gecko) CriOS/28.0.1500.16 Mobile/9B206 Safari/7534.48.3"
192.168.5.51 - - [02/Apr/2014:12:07:34 +0100] "GET /chat/php/ajax.php?action=getUsers HTTP/1.1" 200 634 "http://192.168.5.1/chat/ajax-chat.html" "Mozilla/5.0 (iPad; CPU OS 5_1_1 like Mac OS X) AppleWebKit/534.46 (KHTML, like Gecko) CriOS/28.0.1500.16 Mobile/9B206 Safari/7534.48.3"
192.168.5.51 - - [02/Apr/2014:12:07:34 +0100] "GET /avatar/fcd759b4816a490133627c7a05e8250a?size=30&default=http%3A%2F%2Fwww.gravatar.com%2Favatar%2Fad516503a11cd5ca435acc9bb6523536%3Fsize%3D30 HTTP/1.1" 404 1292 "http://192.168.5.1/chat/ajax-chat.html" "Mozilla/5.0 (iPad; CPU OS 5_1_1 like Mac OS X) AppleWebKit/534.46 (KHTML, like Gecko) CriOS/28.0.1500.16 Mobile/9B206 Safari/7534.48.3"
192.168.5.237 - - [02/Apr/2014:12:07:37 +0100] "GET /ncsi.txt HTTP/1.1" 404 2036 "-" "Microsoft NCSI"
192.168.5.51 - - [02/Apr/2014:12:07:38 +0100] "GET /chat/php/ajax.php?action=getChats&lastID=72 HTTP/1.1" 200 439 "http://192.168.5.1/chat/ajax-chat.html" "Mozilla/5.0 (iPad; CPU OS 5_1_1 like Mac OS X) AppleWebKit/534.46 (KHTML, like Gecko) CriOS/28.0.1500.16 Mobile/9B206 Safari/7534.48.3"
192.168.5.51 - - [02/Apr/2014:12:07:43 +0100] "GET /chat/php/ajax.php?action=getChats&lastID=72 HTTP/1.1" 200 440 "http://192.168.5.1/chat/ajax-chat.html" "Mozilla/5.0 (iPad; CPU OS 5_1_1 like Mac OS X) AppleWebKit/534.46 (KHTML, like Gecko) CriOS/28.0.1500.16 Mobile/9B206 Safari/7534.48.3"
192.168.5.173 - - [02/Apr/2014:12:07:48 +0100] "PUT /sdk/v1/updateConf HTTP/1.1" 405 557 "-" "Dalvik/1.6.0 (Linux; U; Android 4.1.2; GT-S6310L Build/JZO54K)"
192.168.5.51 - - [02/Apr/2014:12:07:49 +0100] "GET /chat/php/ajax.php?action=getChats&lastID=72 HTTP/1.1" 200 440 "http://192.168.5.1/chat/ajax-chat.html" "Mozilla/5.0 (iPad; CPU OS 5_1_1 like Mac OS X) AppleWebKit/534.46 (KHTML, like Gecko) CriOS/28.0.1500.16 Mobile/9B206 Safari/7534.48.3"
192.168.5.51 - - [02/Apr/2014:12:07:49 +0100] "GET /chat/php/ajax.php?action=getUsers HTTP/1.1" 200 634 "http://192.168.5.1/chat/ajax-chat.html" "Mozilla/5.0 (iPad; CPU OS 5_1_1 like Mac OS X) AppleWebKit/534.46 (KHTML, like Gecko) CriOS/28.0.1500.16 Mobile/9B206 Safari/7534.48.3"
192.168.5.51 - - [02/Apr/2014:12:07:49 +0100] "GET /avatar/fcd759b4816a490133627c7a05e8250a?size=30&default=http%3A%2F%2Fwww.gravatar.com%2Favatar%2Fad516503a11cd5ca435acc9bb6523536%3Fsize%3D30 HTTP/1.1" 404 1292 "http://192.168.5.1/chat/ajax-chat.html" "Mozilla/5.0 (iPad; CPU OS 5_1_1 like Mac OS X) AppleWebKit/534.46 (KHTML, like Gecko) CriOS/28.0.1500.16 Mobile/9B206 Safari/7534.48.3"
192.168.5.51 - - [02/Apr/2014:12:07:54 +0100] "GET /chat/php/ajax.php?action=getChats&lastID=72 HTTP/1.1" 200 439 "http://192.168.5.1/chat/ajax-chat.html" "Mozilla/5.0 (iPad; CPU OS 5_1_1 like Mac OS X) AppleWebKit/534.46 (KHTML, like Gecko) CriOS/28.0.1500.16 Mobile/9B206 Safari/7534.48.3"
192.168.5.51 - - [02/Apr/2014:12:08:05 +0100] "GET /chat/php/ajax.php?action=getUsers HTTP/1.1" 200 635 "http://192.168.5.1/chat/ajax-chat.html" "Mozilla/5.0 (iPad; CPU OS 5_1_1 like Mac OS X) AppleWebKit/534.46 (KHTML, like Gecko) CriOS/28.0.1500.16 Mobile/9B206 Safari/7534.48.3"
192.168.5.173 - - [02/Apr/2014:12:08:05 +0100] "GET /sdk-core-v40.js HTTP/1.1" 404 1292 "http://media.admob.com/" "Mozilla/5.0 (Linux; U; Android 4.1.2; es-us; GT-S6310L Build/JZO54K) AppleWebKit/534.30 (KHTML, like Gecko) Version/4.0 Mobile Safari/534.30 (Mobile; afma-sdk-a-v6.4.1)"
192.168.5.51 - - [02/Apr/2014:12:08:05 +0100] "GET /avatar/fcd759b4816a490133627c7a05e8250a?size=30&default=http%3A%2F%2Fwww.gravatar.com%2Favatar%2Fad516503a11cd5ca435acc9bb6523536%3Fsize%3D30 HTTP/1.1" 404 1292 "http://192.168.5.1/chat/ajax-chat.html" "Mozilla/5.0 (iPad; CPU OS 5_1_1 like Mac OS X) AppleWebKit/534.46 (KHTML, like Gecko) CriOS/28.0.1500.16 Mobile/9B206 Safari/7534.48.3"
192.168.5.237 - - [02/Apr/2014:12:08:07 +0100] "GET /ncsi.txt HTTP/1.1" 404 2036 "-" "Microsoft NCSI"
192.168.5.51 - - [02/Apr/2014:12:08:09 +0100] "GET /chat/php/ajax.php?action=getChats&lastID=72 HTTP/1.1" 200 439 "http://192.168.5.1/chat/ajax-chat.html" "Mozilla/5.0 (iPad; CPU OS 5_1_1 like Mac OS X) AppleWebKit/534.46 (KHTML, like Gecko) CriOS/28.0.1500.16 Mobile/9B206 Safari/7534.48.3"
192.168.5.18 - - [02/Apr/2014:12:08:15 +0100] "GET /ncsi.txt HTTP/1.1" 404 2073 "-" "WifiHotspot"
192.168.5.18 - - [02/Apr/2014:12:08:18 +0100] "GET /ncsi.txt HTTP/1.1" 404 2073 "-" "WifiHotspot"
192.168.5.18 - - [02/Apr/2014:12:08:20 +0100] "GET /ncsi.txt HTTP/1.1" 404 2073 "-" "WifiHotspot"
192.168.5.51 - - [02/Apr/2014:12:08:20 +0100] "GET /chat/php/ajax.php?action=getUsers HTTP/1.1" 200 635 "http://192.168.5.1/chat/ajax-chat.html" "Mozilla/5.0 (iPad; CPU OS 5_1_1 like Mac OS X) AppleWebKit/534.46 (KHTML, like Gecko) CriOS/28.0.1500.16 Mobile/9B206 Safari/7534.48.3"
192.168.5.51 - - [02/Apr/2014:12:08:20 +0100] "GET /avatar/fcd759b4816a490133627c7a05e8250a?size=30&default=http%3A%2F%2Fwww.gravatar.com%2Favatar%2Fad516503a11cd5ca435acc9bb6523536%3Fsize%3D30 HTTP/1.1" 404 1292 "http://192.168.5.1/chat/ajax-chat.html" "Mozilla/5.0 (iPad; CPU OS 5_1_1 like Mac OS X) AppleWebKit/534.46 (KHTML, like Gecko) CriOS/28.0.1500.16 Mobile/9B206 Safari/7534.48.3"
192.168.5.51 - - [02/Apr/2014:12:08:27 +0100] "GET /chat/php/ajax.php?action=getChats&lastID=72 HTTP/1.1" 200 440 "http://192.168.5.1/chat/ajax-chat.html" "Mozilla/5.0 (iPad; CPU OS 5_1_1 like Mac OS X) AppleWebKit/534.46 (KHTML, like Gecko) CriOS/28.0.1500.16 Mobile/9B206 Safari/7534.48.3"
192.168.5.237 - - [02/Apr/2014:12:08:36 +0100] "GET /ncsi.txt HTTP/1.1" 404 2036 "-" "Microsoft NCSI"
192.168.5.51 - - [02/Apr/2014:12:08:38 +0100] "GET /chat/php/ajax.php?action=getUsers HTTP/1.1" 200 636 "http://192.168.5.1/chat/ajax-chat.html" "Mozilla/5.0 (iPad; CPU OS 5_1_1 like Mac OS X) AppleWebKit/534.46 (KHTML, like Gecko) CriOS/28.0.1500.16 Mobile/9B206 Safari/7534.48.3"
192.168.5.51 - - [02/Apr/2014:12:08:38 +0100] "GET /avatar/fcd759b4816a490133627c7a05e8250a?size=23&default=http%3A%2F%2Fwww.gravatar.com%2Favatar%2Fad516503a11cd5ca435acc9bb6523536%3Fsize%3D23 HTTP/1.1" 404 1292 "http://192.168.5.1/chat/ajax-chat.html" "Mozilla/5.0 (iPad; CPU OS 5_1_1 like Mac OS X) AppleWebKit/534.46 (KHTML, like Gecko) CriOS/28.0.1500.16 Mobile/9B206 Safari/7534.48.3"
192.168.5.51 - - [02/Apr/2014:12:08:38 +0100] "POST /chat/php/ajax.php?action=submitChat HTTP/1.1" 200 453 "http://192.168.5.1/chat/ajax-chat.html" "Mozilla/5.0 (iPad; CPU OS 5_1_1 like Mac OS X) AppleWebKit/534.46 (KHTML, like Gecko) CriOS/28.0.1500.16 Mobile/9B206 Safari/7534.48.3"
192.168.5.51 - - [02/Apr/2014:12:08:38 +0100] "GET /avatar/fcd759b4816a490133627c7a05e8250a?size=30&default=http%3A%2F%2Fwww.gravatar.com%2Favatar%2Fad516503a11cd5ca435acc9bb6523536%3Fsize%3D30 HTTP/1.1" 404 1292 "http://192.168.5.1/chat/ajax-chat.html" "Mozilla/5.0 (iPad; CPU OS 5_1_1 like Mac OS X) AppleWebKit/534.46 (KHTML, like Gecko) CriOS/28.0.1500.16 Mobile/9B206 Safari/7534.48.3"
192.168.5.51 - - [02/Apr/2014:12:08:38 +0100] "GET /avatar/fcd759b4816a490133627c7a05e8250a?size=23&default=http%3A%2F%2Fwww.gravatar.com%2Favatar%2Fad516503a11cd5ca435acc9bb6523536%3Fsize%3D23 HTTP/1.1" 404 1291 "http://192.168.5.1/chat/ajax-chat.html" "Mozilla/5.0 (iPad; CPU OS 5_1_1 like Mac OS X) AppleWebKit/534.46 (KHTML, like Gecko) CriOS/28.0.1500.16 Mobile/9B206 Safari/7534.48.3"
192.168.5.51 - - [02/Apr/2014:12:08:42 +0100] "GET /chat/php/ajax.php?action=getChats&lastID=72 HTTP/1.1" 200 654 "http://192.168.5.1/chat/ajax-chat.html" "Mozilla/5.0 (iPad; CPU OS 5_1_1 like Mac OS X) AppleWebKit/534.46 (KHTML, like Gecko) CriOS/28.0.1500.16 Mobile/9B206 Safari/7534.48.3"
192.168.5.51 - - [02/Apr/2014:12:08:42 +0100] "GET /avatar/fcd759b4816a490133627c7a05e8250a?size=23&default=http%3A%2F%2Fwww.gravatar.com%2Favatar%2Fad516503a11cd5ca435acc9bb6523536%3Fsize%3D23 HTTP/1.1" 404 1291 "http://192.168.5.1/chat/ajax-chat.html" "Mozilla/5.0 (iPad; CPU OS 5_1_1 like Mac OS X) AppleWebKit/534.46 (KHTML, like Gecko) CriOS/28.0.1500.16 Mobile/9B206 Safari/7534.48.3"
192.168.5.51 - - [02/Apr/2014:12:08:44 +0100] "GET /chat/php/ajax.php?action=getChats&lastID=73 HTTP/1.1" 200 439 "http://192.168.5.1/chat/ajax-chat.html" "Mozilla/5.0 (iPad; CPU OS 5_1_1 like Mac OS X) AppleWebKit/534.46 (KHTML, like Gecko) CriOS/28.0.1500.16 Mobile/9B206 Safari/7534.48.3"
192.168.5.51 - - [02/Apr/2014:12:08:45 +0100] "GET /chat/php/ajax.php?action=getChats&lastID=73 HTTP/1.1" 200 439 "http://192.168.5.1/chat/ajax-chat.html" "Mozilla/5.0 (iPad; CPU OS 5_1_1 like Mac OS X) AppleWebKit/534.46 (KHTML, like Gecko) CriOS/28.0.1500.16 Mobile/9B206 Safari/7534.48.3"
192.168.5.51 - - [02/Apr/2014:12:08:46 +0100] "GET /chat/php/ajax.php?action=getChats&lastID=73 HTTP/1.1" 200 439 "http://192.168.5.1/chat/ajax-chat.html" "Mozilla/5.0 (iPad; CPU OS 5_1_1 like Mac OS X) AppleWebKit/534.46 (KHTML, like Gecko) CriOS/28.0.1500.16 Mobile/9B206 Safari/7534.48.3"
192.168.5.51 - - [02/Apr/2014:12:08:47 +0100] "GET /chat/php/ajax.php?action=getChats&lastID=73 HTTP/1.1" 200 439 "http://192.168.5.1/chat/ajax-chat.html" "Mozilla/5.0 (iPad; CPU OS 5_1_1 like Mac OS X) AppleWebKit/534.46 (KHTML, like Gecko) CriOS/28.0.1500.16 Mobile/9B206 Safari/7534.48.3"
192.168.5.51 - - [02/Apr/2014:12:08:49 +0100] "GET /chat/php/ajax.php?action=getChats&lastID=73 HTTP/1.1" 200 439 "http://192.168.5.1/chat/ajax-chat.html" "Mozilla/5.0 (iPad; CPU OS 5_1_1 like Mac OS X) AppleWebKit/534.46 (KHTML, like Gecko) CriOS/28.0.1500.16 Mobile/9B206 Safari/7534.48.3"
192.168.5.173 - - [02/Apr/2014:12:08:51 +0100] "-" 408 0 "-" "-"
192.168.5.51 - - [02/Apr/2014:12:08:51 +0100] "GET /chat/php/ajax.php?action=getChats&lastID=73 HTTP/1.1" 200 439 "http://192.168.5.1/chat/ajax-chat.html" "Mozilla/5.0 (iPad; CPU OS 5_1_1 like Mac OS X) AppleWebKit/534.46 (KHTML, like Gecko) CriOS/28.0.1500.16 Mobile/9B206 Safari/7534.48.3"
192.168.5.51 - - [02/Apr/2014:12:08:53 +0100] "GET /chat/php/ajax.php?action=getUsers HTTP/1.1" 200 634 "http://192.168.5.1/chat/ajax-chat.html" "Mozilla/5.0 (iPad; CPU OS 5_1_1 like Mac OS X) AppleWebKit/534.46 (KHTML, like Gecko) CriOS/28.0.1500.16 Mobile/9B206 Safari/7534.48.3"
192.168.5.51 - - [02/Apr/2014:12:08:53 +0100] "GET /avatar/fcd759b4816a490133627c7a05e8250a?size=30&default=http%3A%2F%2Fwww.gravatar.com%2Favatar%2Fad516503a11cd5ca435acc9bb6523536%3Fsize%3D30 HTTP/1.1" 404 1292 "http://192.168.5.1/chat/ajax-chat.html" "Mozilla/5.0 (iPad; CPU OS 5_1_1 like Mac OS X) AppleWebKit/534.46 (KHTML, like Gecko) CriOS/28.0.1500.16 Mobile/9B206 Safari/7534.48.3"
192.168.5.51 - - [02/Apr/2014:12:08:53 +0100] "GET /chat/php/ajax.php?action=getChats&lastID=73 HTTP/1.1" 200 439 "http://192.168.5.1/chat/ajax-chat.html" "Mozilla/5.0 (iPad; CPU OS 5_1_1 like Mac OS X) AppleWebKit/534.46 (KHTML, like Gecko) CriOS/28.0.1500.16 Mobile/9B206 Safari/7534.48.3"
192.168.5.51 - - [02/Apr/2014:12:08:55 +0100] "GET /chat/php/ajax.php?action=getChats&lastID=73 HTTP/1.1" 200 439 "http://192.168.5.1/chat/ajax-chat.html" "Mozilla/5.0 (iPad; CPU OS 5_1_1 like Mac OS X) AppleWebKit/534.46 (KHTML, like Gecko) CriOS/28.0.1500.16 Mobile/9B206 Safari/7534.48.3"
192.168.5.51 - - [02/Apr/2014:12:08:57 +0100] "GET /chat/php/ajax.php?action=getChats&lastID=73 HTTP/1.1" 200 439 "http://192.168.5.1/chat/ajax-chat.html" "Mozilla/5.0 (iPad; CPU OS 5_1_1 like Mac OS X) AppleWebKit/534.46 (KHTML, like Gecko) CriOS/28.0.1500.16 Mobile/9B206 Safari/7534.48.3"
192.168.5.173 - - [02/Apr/2014:12:08:59 +0100] "GET /sdk-core-v40.js HTTP/1.1" 404 1292 "http://media.admob.com/" "Mozilla/5.0 (Linux; U; Android 4.1.2; es-us; GT-S6310L Build/JZO54K) AppleWebKit/534.30 (KHTML, like Gecko) Version/4.0 Mobile Safari/534.30 (Mobile; afma-sdk-a-v6.4.1)"
192.168.5.51 - - [02/Apr/2014:12:08:59 +0100] "GET /chat/php/ajax.php?action=getChats&lastID=73 HTTP/1.1" 200 439 "http://192.168.5.1/chat/ajax-chat.html" "Mozilla/5.0 (iPad; CPU OS 5_1_1 like Mac OS X) AppleWebKit/534.46 (KHTML, like Gecko) CriOS/28.0.1500.16 Mobile/9B206 Safari/7534.48.3"
192.168.5.51 - - [02/Apr/2014:12:09:01 +0100] "GET /chat/php/ajax.php?action=getChats&lastID=73 HTTP/1.1" 200 439 "http://192.168.5.1/chat/ajax-chat.html" "Mozilla/5.0 (iPad; CPU OS 5_1_1 like Mac OS X) AppleWebKit/534.46 (KHTML, like Gecko) CriOS/28.0.1500.16 Mobile/9B206 Safari/7534.48.3"
192.168.5.51 - - [02/Apr/2014:12:09:07 +0100] "GET /chat/php/ajax.php?action=getChats&lastID=73 HTTP/1.1" 200 440 "http://192.168.5.1/chat/ajax-chat.html" "Mozilla/5.0 (iPad; CPU OS 5_1_1 like Mac OS X) AppleWebKit/534.46 (KHTML, like Gecko) CriOS/28.0.1500.16 Mobile/9B206 Safari/7534.48.3"
192.168.5.237 - - [02/Apr/2014:12:09:08 +0100] "GET /ncsi.txt HTTP/1.1" 404 2036 "-" "Microsoft NCSI"
192.168.5.51 - - [02/Apr/2014:12:09:08 +0100] "GET /chat/php/ajax.php?action=getUsers HTTP/1.1" 200 634 "http://192.168.5.1/chat/ajax-chat.html" "Mozilla/5.0 (iPad; CPU OS 5_1_1 like Mac OS X) AppleWebKit/534.46 (KHTML, like Gecko) CriOS/28.0.1500.16 Mobile/9B206 Safari/7534.48.3"
192.168.5.51 - - [02/Apr/2014:12:09:08 +0100] "GET /avatar/fcd759b4816a490133627c7a05e8250a?size=30&default=http%3A%2F%2Fwww.gravatar.com%2Favatar%2Fad516503a11cd5ca435acc9bb6523536%3Fsize%3D30 HTTP/1.1" 404 1292 "http://192.168.5.1/chat/ajax-chat.html" "Mozilla/5.0 (iPad; CPU OS 5_1_1 like Mac OS X) AppleWebKit/534.46 (KHTML, like Gecko) CriOS/28.0.1500.16 Mobile/9B206 Safari/7534.48.3"
192.168.5.51 - - [02/Apr/2014:12:09:12 +0100] "GET /chat/php/ajax.php?action=getChats&lastID=73 HTTP/1.1" 200 439 "http://192.168.5.1/chat/ajax-chat.html" "Mozilla/5.0 (iPad; CPU OS 5_1_1 like Mac OS X) AppleWebKit/534.46 (KHTML, like Gecko) CriOS/28.0.1500.16 Mobile/9B206 Safari/7534.48.3"
192.168.5.51 - - [02/Apr/2014:12:09:17 +0100] "GET /chat/php/ajax.php?action=getChats&lastID=73 HTTP/1.1" 200 440 "http://192.168.5.1/chat/ajax-chat.html" "Mozilla/5.0 (iPad; CPU OS 5_1_1 like Mac OS X) AppleWebKit/534.46 (KHTML, like Gecko) CriOS/28.0.1500.16 Mobile/9B206 Safari/7534.48.3"
192.168.5.51 - - [02/Apr/2014:12:09:22 +0100] "GET /chat/php/ajax.php?action=getChats&lastID=73 HTTP/1.1" 200 440 "http://192.168.5.1/chat/ajax-chat.html" "Mozilla/5.0 (iPad; CPU OS 5_1_1 like Mac OS X) AppleWebKit/534.46 (KHTML, like Gecko) CriOS/28.0.1500.16 Mobile/9B206 Safari/7534.48.3"
192.168.5.51 - - [02/Apr/2014:12:09:23 +0100] "GET /chat/php/ajax.php?action=getUsers HTTP/1.1" 200 634 "http://192.168.5.1/chat/ajax-chat.html" "Mozilla/5.0 (iPad; CPU OS 5_1_1 like Mac OS X) AppleWebKit/534.46 (KHTML, like Gecko) CriOS/28.0.1500.16 Mobile/9B206 Safari/7534.48.3"
192.168.5.51 - - [02/Apr/2014:12:09:23 +0100] "GET /avatar/fcd759b4816a490133627c7a05e8250a?size=30&default=http%3A%2F%2Fwww.gravatar.com%2Favatar%2Fad516503a11cd5ca435acc9bb6523536%3Fsize%3D30 HTTP/1.1" 404 1292 "http://192.168.5.1/chat/ajax-chat.html" "Mozilla/5.0 (iPad; CPU OS 5_1_1 like Mac OS X) AppleWebKit/534.46 (KHTML, like Gecko) CriOS/28.0.1500.16 Mobile/9B206 Safari/7534.48.3"
192.168.5.180 - - [02/Apr/2014:12:09:24 +0100] "GET /select/wifiloginsuccess/ HTTP/1.1" 404 2036 "-" "BlackBerry9320/7.1.0.634 Profile/MIDP-2.1 Configuration/CLDC-1.1 VendorID/382"
192.168.5.180 - - [02/Apr/2014:12:09:26 +0100] "GET / HTTP/1.1" 200 2015 "-" "BlackBerry9320/7.1.0.634 Profile/MIDP-2.1 Configuration/CLDC-1.1 VendorID/382"
192.168.5.51 - - [02/Apr/2014:12:09:27 +0100] "GET /chat/php/ajax.php?action=getChats&lastID=73 HTTP/1.1" 200 439 "http://192.168.5.1/chat/ajax-chat.html" "Mozilla/5.0 (iPad; CPU OS 5_1_1 like Mac OS X) AppleWebKit/534.46 (KHTML, like Gecko) CriOS/28.0.1500.16 Mobile/9B206 Safari/7534.48.3"
192.168.5.51 - - [02/Apr/2014:12:09:32 +0100] "GET /chat/php/ajax.php?action=getChats&lastID=73 HTTP/1.1" 200 440 "http://192.168.5.1/chat/ajax-chat.html" "Mozilla/5.0 (iPad; CPU OS 5_1_1 like Mac OS X) AppleWebKit/534.46 (KHTML, like Gecko) CriOS/28.0.1500.16 Mobile/9B206 Safari/7534.48.3"
192.168.5.51 - - [02/Apr/2014:12:09:34 +0100] "GET /avatar/fcd759b4816a490133627c7a05e8250a?size=23&default=http%3A%2F%2Fwww.gravatar.com%2Favatar%2Fad516503a11cd5ca435acc9bb6523536%3Fsize%3D23 HTTP/1.1" 404 1292 "http://192.168.5.1/chat/ajax-chat.html" "Mozilla/5.0 (iPad; CPU OS 5_1_1 like Mac OS X) AppleWebKit/534.46 (KHTML, like Gecko) CriOS/28.0.1500.16 Mobile/9B206 Safari/7534.48.3"
192.168.5.51 - - [02/Apr/2014:12:09:34 +0100] "POST /chat/php/ajax.php?action=submitChat HTTP/1.1" 200 453 "http://192.168.5.1/chat/ajax-chat.html" "Mozilla/5.0 (iPad; CPU OS 5_1_1 like Mac OS X) AppleWebKit/534.46 (KHTML, like Gecko) CriOS/28.0.1500.16 Mobile/9B206 Safari/7534.48.3"
192.168.5.51 - - [02/Apr/2014:12:09:34 +0100] "GET /avatar/fcd759b4816a490133627c7a05e8250a?size=23&default=http%3A%2F%2Fwww.gravatar.com%2Favatar%2Fad516503a11cd5ca435acc9bb6523536%3Fsize%3D23 HTTP/1.1" 404 1291 "http://192.168.5.1/chat/ajax-chat.html" "Mozilla/5.0 (iPad; CPU OS 5_1_1 like Mac OS X) AppleWebKit/534.46 (KHTML, like Gecko) CriOS/28.0.1500.16 Mobile/9B206 Safari/7534.48.3"
192.168.5.237 - - [02/Apr/2014:12:09:36 +0100] "GET /ncsi.txt HTTP/1.1" 404 2036 "-" "Microsoft NCSI"
192.168.5.51 - - [02/Apr/2014:12:09:37 +0100] "GET /chat/php/ajax.php?action=getChats&lastID=73 HTTP/1.1" 200 654 "http://192.168.5.1/chat/ajax-chat.html" "Mozilla/5.0 (iPad; CPU OS 5_1_1 like Mac OS X) AppleWebKit/534.46 (KHTML, like Gecko) CriOS/28.0.1500.16 Mobile/9B206 Safari/7534.48.3"
192.168.5.51 - - [02/Apr/2014:12:09:37 +0100] "GET /avatar/fcd759b4816a490133627c7a05e8250a?size=23&default=http%3A%2F%2Fwww.gravatar.com%2Favatar%2Fad516503a11cd5ca435acc9bb6523536%3Fsize%3D23 HTTP/1.1" 404 1291 "http://192.168.5.1/chat/ajax-chat.html" "Mozilla/5.0 (iPad; CPU OS 5_1_1 like Mac OS X) AppleWebKit/534.46 (KHTML, like Gecko) CriOS/28.0.1500.16 Mobile/9B206 Safari/7534.48.3"
192.168.5.173 - - [02/Apr/2014:12:09:38 +0100] "-" 408 0 "-" "-"
192.168.5.51 - - [02/Apr/2014:12:09:38 +0100] "GET /chat/php/ajax.php?action=getUsers HTTP/1.1" 200 635 "http://192.168.5.1/chat/ajax-chat.html" "Mozilla/5.0 (iPad; CPU OS 5_1_1 like Mac OS X) AppleWebKit/534.46 (KHTML, like Gecko) CriOS/28.0.1500.16 Mobile/9B206 Safari/7534.48.3"
192.168.5.51 - - [02/Apr/2014:12:09:38 +0100] "GET /avatar/fcd759b4816a490133627c7a05e8250a?size=30&default=http%3A%2F%2Fwww.gravatar.com%2Favatar%2Fad516503a11cd5ca435acc9bb6523536%3Fsize%3D30 HTTP/1.1" 404 1291 "http://192.168.5.1/chat/ajax-chat.html" "Mozilla/5.0 (iPad; CPU OS 5_1_1 like Mac OS X) AppleWebKit/534.46 (KHTML, like Gecko) CriOS/28.0.1500.16 Mobile/9B206 Safari/7534.48.3"
192.168.5.51 - - [02/Apr/2014:12:09:38 +0100] "GET /chat/php/ajax.php?action=getChats&lastID=74 HTTP/1.1" 200 439 "http://192.168.5.1/chat/ajax-chat.html" "Mozilla/5.0 (iPad; CPU OS 5_1_1 like Mac OS X) AppleWebKit/534.46 (KHTML, like Gecko) CriOS/28.0.1500.16 Mobile/9B206 Safari/7534.48.3"
192.168.5.51 - - [02/Apr/2014:12:09:40 +0100] "GET /chat/php/ajax.php?action=getChats&lastID=74 HTTP/1.1" 200 439 "http://192.168.5.1/chat/ajax-chat.html" "Mozilla/5.0 (iPad; CPU OS 5_1_1 like Mac OS X) AppleWebKit/534.46 (KHTML, like Gecko) CriOS/28.0.1500.16 Mobile/9B206 Safari/7534.48.3"
192.168.5.51 - - [02/Apr/2014:12:09:41 +0100] "GET /chat/php/ajax.php?action=getChats&lastID=74 HTTP/1.1" 200 439 "http://192.168.5.1/chat/ajax-chat.html" "Mozilla/5.0 (iPad; CPU OS 5_1_1 like Mac OS X) AppleWebKit/534.46 (KHTML, like Gecko) CriOS/28.0.1500.16 Mobile/9B206 Safari/7534.48.3"
192.168.5.51 - - [02/Apr/2014:12:09:42 +0100] "GET /chat/php/ajax.php?action=getChats&lastID=74 HTTP/1.1" 200 439 "http://192.168.5.1/chat/ajax-chat.html" "Mozilla/5.0 (iPad; CPU OS 5_1_1 like Mac OS X) AppleWebKit/534.46 (KHTML, like Gecko) CriOS/28.0.1500.16 Mobile/9B206 Safari/7534.48.3"
192.168.5.51 - - [02/Apr/2014:12:09:44 +0100] "GET /chat/php/ajax.php?action=getChats&lastID=74 HTTP/1.1" 200 439 "http://192.168.5.1/chat/ajax-chat.html" "Mozilla/5.0 (iPad; CPU OS 5_1_1 like Mac OS X) AppleWebKit/534.46 (KHTML, like Gecko) CriOS/28.0.1500.16 Mobile/9B206 Safari/7534.48.3"
192.168.5.51 - - [02/Apr/2014:12:09:46 +0100] "GET /chat/php/ajax.php?action=getChats&lastID=74 HTTP/1.1" 200 439 "http://192.168.5.1/chat/ajax-chat.html" "Mozilla/5.0 (iPad; CPU OS 5_1_1 like Mac OS X) AppleWebKit/534.46 (KHTML, like Gecko) CriOS/28.0.1500.16 Mobile/9B206 Safari/7534.48.3"
192.168.5.51 - - [02/Apr/2014:12:09:48 +0100] "GET /chat/php/ajax.php?action=getChats&lastID=74 HTTP/1.1" 200 439 "http://192.168.5.1/chat/ajax-chat.html" "Mozilla/5.0 (iPad; CPU OS 5_1_1 like Mac OS X) AppleWebKit/534.46 (KHTML, like Gecko) CriOS/28.0.1500.16 Mobile/9B206 Safari/7534.48.3"
192.168.5.51 - - [02/Apr/2014:12:09:50 +0100] "GET /chat/php/ajax.php?action=getChats&lastID=74 HTTP/1.1" 200 439 "http://192.168.5.1/chat/ajax-chat.html" "Mozilla/5.0 (iPad; CPU OS 5_1_1 like Mac OS X) AppleWebKit/534.46 (KHTML, like Gecko) CriOS/28.0.1500.16 Mobile/9B206 Safari/7534.48.3"
192.168.5.180 - - [02/Apr/2014:12:09:51 +0100] "GET /hprofile-ak-ash1/t5.0-1/186942_1475171991_298890734_q.jpg HTTP/1.1" 404 2036 "-" "BlackBerry9320/7.1.0 Profile/MIDP-2.1 Configuration/CLDC-1.1 VendorID/382"
192.168.5.180 - - [02/Apr/2014:12:09:52 +0100] "GET /hprofile-ak-prn2/t5.0-1/260893_100000281394048_53106679_q.jpg HTTP/1.1" 404 2036 "-" "BlackBerry9320/7.1.0 Profile/MIDP-2.1 Configuration/CLDC-1.1 VendorID/382"
192.168.5.180 - - [02/Apr/2014:12:09:52 +0100] "GET /hprofile-ak-prn2/t5.0-1/1118439_1434428999_1800273437_q.jpg HTTP/1.1" 404 2036 "-" "BlackBerry9320/7.1.0 Profile/MIDP-2.1 Configuration/CLDC-1.1 VendorID/382"
192.168.5.51 - - [02/Apr/2014:12:09:52 +0100] "GET /chat/php/ajax.php?action=getChats&lastID=74 HTTP/1.1" 200 439 "http://192.168.5.1/chat/ajax-chat.html" "Mozilla/5.0 (iPad; CPU OS 5_1_1 like Mac OS X) AppleWebKit/534.46 (KHTML, like Gecko) CriOS/28.0.1500.16 Mobile/9B206 Safari/7534.48.3"
192.168.5.51 - - [02/Apr/2014:12:09:53 +0100] "GET /chat/php/ajax.php?action=getUsers HTTP/1.1" 200 634 "http://192.168.5.1/chat/ajax-chat.html" "Mozilla/5.0 (iPad; CPU OS 5_1_1 like Mac OS X) AppleWebKit/534.46 (KHTML, like Gecko) CriOS/28.0.1500.16 Mobile/9B206 Safari/7534.48.3"
192.168.5.51 - - [02/Apr/2014:12:09:54 +0100] "GET /avatar/fcd759b4816a490133627c7a05e8250a?size=30&default=http%3A%2F%2Fwww.gravatar.com%2Favatar%2Fad516503a11cd5ca435acc9bb6523536%3Fsize%3D30 HTTP/1.1" 404 1292 "http://192.168.5.1/chat/ajax-chat.html" "Mozilla/5.0 (iPad; CPU OS 5_1_1 like Mac OS X) AppleWebKit/534.46 (KHTML, like Gecko) CriOS/28.0.1500.16 Mobile/9B206 Safari/7534.48.3"
192.168.5.51 - - [02/Apr/2014:12:09:54 +0100] "GET /chat/php/ajax.php?action=getChats&lastID=74 HTTP/1.1" 200 439 "http://192.168.5.1/chat/ajax-chat.html" "Mozilla/5.0 (iPad; CPU OS 5_1_1 like Mac OS X) AppleWebKit/534.46 (KHTML, like Gecko) CriOS/28.0.1500.16 Mobile/9B206 Safari/7534.48.3"
192.168.5.180 - - [02/Apr/2014:12:09:55 +0100] "GET /hprofile-ak-prn2/t5.0-1/1118067_1458257273_1009623267_q.jpg HTTP/1.1" 404 2036 "-" "BlackBerry9320/7.1.0 Profile/MIDP-2.1 Configuration/CLDC-1.1 VendorID/382"
192.168.5.180 - - [02/Apr/2014:12:09:55 +0100] "GET /hprofile-ak-ash3/t5.0-1/50111_1806771584_1766911604_q.jpg HTTP/1.1" 404 2036 "-" "BlackBerry9320/7.1.0 Profile/MIDP-2.1 Configuration/CLDC-1.1 VendorID/382"
192.168.5.180 - - [02/Apr/2014:12:09:55 +0100] "GET /hprofile-ak-ash1/t5.0-1/186759_100002078589590_254650602_q.jpg HTTP/1.1" 404 2036 "-" "BlackBerry9320/7.1.0 Profile/MIDP-2.1 Configuration/CLDC-1.1 VendorID/382"
192.168.5.180 - - [02/Apr/2014:12:09:56 +0100] "GET /hprofile-ak-prn2/t5.0-1/273783_1844647356_1450876602_q.jpg HTTP/1.1" 404 2036 "-" "BlackBerry9320/7.1.0 Profile/MIDP-2.1 Configuration/CLDC-1.1 VendorID/382"
192.168.5.51 - - [02/Apr/2014:12:09:56 +0100] "GET /chat/php/ajax.php?action=getChats&lastID=74 HTTP/1.1" 200 439 "http://192.168.5.1/chat/ajax-chat.html" "Mozilla/5.0 (iPad; CPU OS 5_1_1 like Mac OS X) AppleWebKit/534.46 (KHTML, like Gecko) CriOS/28.0.1500.16 Mobile/9B206 Safari/7534.48.3"
192.168.5.180 - - [02/Apr/2014:12:09:57 +0100] "GET /hprofile-ak-ash1/t5.0-1/186759_100002078589590_254650602_q.jpg HTTP/1.1" 404 2036 "-" "BlackBerry9320/7.1.0 Profile/MIDP-2.1 Configuration/CLDC-1.1 VendorID/382"
192.168.5.180 - - [02/Apr/2014:12:09:59 +0100] "GET /hprofile-ak-ash1/t5.0-1/186759_100002078589590_254650602_q.jpg HTTP/1.1" 404 2036 "-" "BlackBerry9320/7.1.0 Profile/MIDP-2.1 Configuration/CLDC-1.1 VendorID/382"
192.168.5.180 - - [02/Apr/2014:12:09:59 +0100] "POST /restserver.php HTTP/1.1" 404 2036 "-" "BlackBerry9320/7.1.0 Profile/MIDP-2.1 Configuration/CLDC-1.1 VendorID/382"
