192.168.5.51 - - [02/Apr/2014:12:14:55 +0100] "GET /chat/php/ajax.php?action=getChats&lastID=77 HTTP/1.1" 200 439 "http://192.168.5.1/chat/ajax-chat.html" "Mozilla/5.0 (iPad; CPU OS 5_1_1 like Mac OS X) AppleWebKit/534.46 (KHTML, like Gecko) CriOS/28.0.1500.16 Mobile/9B206 Safari/7534.48.3"
192.168.5.148 - - [02/Apr/2014:12:14:56 +0100] "GET /generate_204 HTTP/1.1" 200 2005 "-" "Dalvik/1.6.0 (Linux; U; Android 4.1.2; SHV-E210L Build/JZO54K)"
192.168.5.51 - - [02/Apr/2014:12:14:57 +0100] "GET /chat/php/ajax.php?action=getUsers HTTP/1.1" 200 634 "http://192.168.5.1/chat/ajax-chat.html" "Mozilla/5.0 (iPad; CPU OS 5_1_1 like Mac OS X) AppleWebKit/534.46 (KHTML, like Gecko) CriOS/28.0.1500.16 Mobile/9B206 Safari/7534.48.3"
192.168.5.51 - - [02/Apr/2014:12:14:57 +0100] "GET /avatar/fcd759b4816a490133627c7a05e8250a?size=30&default=http%3A%2F%2Fwww.gravatar.com%2Favatar%2Fad516503a11cd5ca435acc9bb6523536%3Fsize%3D30 HTTP/1.1" 404 1292 "http://192.168.5.1/chat/ajax-chat.html" "Mozilla/5.0 (iPad; CPU OS 5_1_1 like Mac OS X) AppleWebKit/534.46 (KHTML, like Gecko) CriOS/28.0.1500.16 Mobile/9B206 Safari/7534.48.3"
192.168.5.51 - - [02/Apr/2014:12:14:57 +0100] "GET /chat/php/ajax.php?action=getChats&lastID=77 HTTP/1.1" 200 439 "http://192.168.5.1/chat/ajax-chat.html" "Mozilla/5.0 (iPad; CPU OS 5_1_1 like Mac OS X) AppleWebKit/534.46 (KHTML, like Gecko) CriOS/28.0.1500.16 Mobile/9B206 Safari/7534.48.3"
192.168.5.171 - - [02/Apr/2014:12:14:58 +0100] "HEAD / HTTP/1.1" 200 338 "-" "Mozilla/5.0 (Linux; Android 4.4.2; XT1032 Build/KXB20.9-1.10-1.24-1.1) AppleWebKit/537.36 (KHTML, like Gecko) Chrome/33.0.1750.170 Mobile Safari/537.36"
192.168.5.51 - - [02/Apr/2014:12:15:00 +0100] "GET /chat/php/ajax.php?action=getChats&lastID=77 HTTP/1.1" 200 439 "http://192.168.5.1/chat/ajax-chat.html" "Mozilla/5.0 (iPad; CPU OS 5_1_1 like Mac OS X) AppleWebKit/534.46 (KHTML, like Gecko) CriOS/28.0.1500.16 Mobile/9B206 Safari/7534.48.3"
192.168.5.51 - - [02/Apr/2014:12:15:02 +0100] "GET /chat/php/ajax.php?action=getChats&lastID=77 HTTP/1.1" 200 439 "http://192.168.5.1/chat/ajax-chat.html" "Mozilla/5.0 (iPad; CPU OS 5_1_1 like Mac OS X) AppleWebKit/534.46 (KHTML, like Gecko) CriOS/28.0.1500.16 Mobile/9B206 Safari/7534.48.3"
192.168.5.51 - - [02/Apr/2014:12:15:04 +0100] "GET /chat/php/ajax.php?action=getChats&lastID=77 HTTP/1.1" 200 439 "http://192.168.5.1/chat/ajax-chat.html" "Mozilla/5.0 (iPad; CPU OS 5_1_1 like Mac OS X) AppleWebKit/534.46 (KHTML, like Gecko) CriOS/28.0.1500.16 Mobile/9B206 Safari/7534.48.3"
192.168.5.171 - - [02/Apr/2014:12:15:05 +0100] "GET /generate_204 HTTP/1.1" 200 2005 "-" "Dalvik/1.6.0 (Linux; U; Android 4.4.2; XT1032 Build/KXB20.9-1.10-1.24-1.1)"
192.168.5.171 - - [02/Apr/2014:12:15:05 +0100] "GET /generate_204 HTTP/1.1" 200 2004 "-" "Dalvik/1.6.0 (Linux; U; Android 4.4.2; XT1032 Build/KXB20.9-1.10-1.24-1.1)"
192.168.5.171 - - [02/Apr/2014:12:15:06 +0100] "GET /pagead/conversion/1001680686/?label=4dahCKKczAYQrt7R3QM&value=&muid=9X_TVcoXsuSsNn67AD4daQ&bundleid=com.google.android.youtube&appversion=5.5.27&osversion=4.4.2&sdkversion=ct-sdk-a-v1.1.0&remarketing_only=1&timestamp=1396484888&data=screen_name%3D%3CAndroid_YT_Open_App%3E HTTP/1.1" 404 1292 "-" "Dalvik/1.6.0 (Linux; U; Android 4.4.2; XT1032 Build/KXB20.9-1.10-1.24-1.1)"
192.168.5.148 - - [02/Apr/2014:12:15:06 +0100] "GET /generate_204 HTTP/1.1" 304 187 "-" "Mozilla/5.0 (Linux; Android 4.1.2; SHV-E210L Build/JZO54K) AppleWebKit/537.36 (KHTML, like Gecko) Chrome/33.0.1750.170 Mobile Safari/537.36"
192.168.5.237 - - [02/Apr/2014:12:15:07 +0100] "GET /ncsi.txt HTTP/1.1" 404 2036 "-" "Microsoft NCSI"
192.168.5.51 - - [02/Apr/2014:12:15:09 +0100] "GET /chat/php/ajax.php?action=getChats&lastID=77 HTTP/1.1" 200 440 "http://192.168.5.1/chat/ajax-chat.html" "Mozilla/5.0 (iPad; CPU OS 5_1_1 like Mac OS X) AppleWebKit/534.46 (KHTML, like Gecko) CriOS/28.0.1500.16 Mobile/9B206 Safari/7534.48.3"
192.168.5.148 - - [02/Apr/2014:12:15:09 +0100] "\x16\x03\x01" 501 290 "-" "-"
192.168.5.51 - - [02/Apr/2014:12:15:12 +0100] "GET /chat/php/ajax.php?action=getUsers HTTP/1.1" 200 634 "http://192.168.5.1/chat/ajax-chat.html" "Mozilla/5.0 (iPad; CPU OS 5_1_1 like Mac OS X) AppleWebKit/534.46 (KHTML, like Gecko) CriOS/28.0.1500.16 Mobile/9B206 Safari/7534.48.3"
192.168.5.51 - - [02/Apr/2014:12:15:12 +0100] "GET /avatar/fcd759b4816a490133627c7a05e8250a?size=30&default=http%3A%2F%2Fwww.gravatar.com%2Favatar%2Fad516503a11cd5ca435acc9bb6523536%3Fsize%3D30 HTTP/1.1" 404 1292 "http://192.168.5.1/chat/ajax-chat.html" "Mozilla/5.0 (iPad; CPU OS 5_1_1 like Mac OS X) AppleWebKit/534.46 (KHTML, like Gecko) CriOS/28.0.1500.16 Mobile/9B206 Safari/7534.48.3"
192.168.5.51 - - [02/Apr/2014:12:15:14 +0100] "GET /chat/php/ajax.php?action=getChats&lastID=77 HTTP/1.1" 200 439 "http://192.168.5.1/chat/ajax-chat.html" "Mozilla/5.0 (iPad; CPU OS 5_1_1 like Mac OS X) AppleWebKit/534.46 (KHTML, like Gecko) CriOS/28.0.1500.16 Mobile/9B206 Safari/7534.48.3"
192.168.5.51 - - [02/Apr/2014:12:15:19 +0100] "GET /chat/php/ajax.php?action=getChats&lastID=77 HTTP/1.1" 200 440 "http://192.168.5.1/chat/ajax-chat.html" "Mozilla/5.0 (iPad; CPU OS 5_1_1 like Mac OS X) AppleWebKit/534.46 (KHTML, like Gecko) CriOS/28.0.1500.16 Mobile/9B206 Safari/7534.48.3"
192.168.5.148 - - [02/Apr/2014:12:15:21 +0100] "GET /chat/php/ajax.php?action=getChats&lastID=0 HTTP/1.1" 200 740 "http://192.168.5.1/chat/ajax-chat.html" "Mozilla/5.0 (Linux; Android 4.1.2; SHV-E210L Build/JZO54K) AppleWebKit/537.36 (KHTML, like Gecko) Chrome/33.0.1750.170 Mobile Safari/537.36"
192.168.5.148 - - [02/Apr/2014:12:15:21 +0100] "GET /chat/php/ajax.php?action=checkLogged HTTP/1.1" 200 595 "http://192.168.5.1/chat/ajax-chat.html" "Mozilla/5.0 (Linux; Android 4.1.2; SHV-E210L Build/JZO54K) AppleWebKit/537.36 (KHTML, like Gecko) Chrome/33.0.1750.170 Mobile Safari/537.36"
192.168.5.148 - - [02/Apr/2014:12:15:21 +0100] "GET /chat/php/ajax.php?action=getUsers HTTP/1.1" 200 654 "http://192.168.5.1/chat/ajax-chat.html" "Mozilla/5.0 (Linux; Android 4.1.2; SHV-E210L Build/JZO54K) AppleWebKit/537.36 (KHTML, like Gecko) Chrome/33.0.1750.170 Mobile Safari/537.36"
192.168.5.148 - - [02/Apr/2014:12:15:21 +0100] "GET /avatar/3ef51976a64982a10e42c31df0debec1?size=23&default=http%3A%2F%2Fwww.gravatar.com%2Favatar%2Fad516503a11cd5ca435acc9bb6523536%3Fsize%3D23 HTTP/1.1" 404 1292 "http://192.168.5.1/chat/ajax-chat.html" "Mozilla/5.0 (Linux; Android 4.1.2; SHV-E210L Build/JZO54K) AppleWebKit/537.36 (KHTML, like Gecko) Chrome/33.0.1750.170 Mobile Safari/537.36"
192.168.5.148 - - [02/Apr/2014:12:15:21 +0100] "GET /avatar/fcd759b4816a490133627c7a05e8250a?size=23&default=http%3A%2F%2Fwww.gravatar.com%2Favatar%2Fad516503a11cd5ca435acc9bb6523536%3Fsize%3D23 HTTP/1.1" 404 1292 "http://192.168.5.1/chat/ajax-chat.html" "Mozilla/5.0 (Linux; Android 4.1.2; SHV-E210L Build/JZO54K) AppleWebKit/537.36 (KHTML, like Gecko) Chrome/33.0.1750.170 Mobile Safari/537.36"
192.168.5.148 - - [02/Apr/2014:12:15:21 +0100] "GET /avatar/ad516503a11cd5ca435acc9bb6523536?size=23 HTTP/1.1" 404 1292 "http://192.168.5.1/chat/ajax-chat.html" "Mozilla/5.0 (Linux; Android 4.1.2; SHV-E210L Build/JZO54K) AppleWebKit/537.36 (KHTML, like Gecko) Chrome/33.0.1750.170 Mobile Safari/537.36"
192.168.5.148 - - [02/Apr/2014:12:15:21 +0100] "GET /avatar/ad516503a11cd5ca435acc9bb6523536?size=30 HTTP/1.1" 404 1292 "http://192.168.5.1/chat/ajax-chat.html" "Mozilla/5.0 (Linux; Android 4.1.2; SHV-E210L Build/JZO54K) AppleWebKit/537.36 (KHTML, like Gecko) Chrome/33.0.1750.170 Mobile Safari/537.36"
192.168.5.148 - - [02/Apr/2014:12:15:21 +0100] "GET /avatar/fcd759b4816a490133627c7a05e8250a?size=30&default=http%3A%2F%2Fwww.gravatar.com%2Favatar%2Fad516503a11cd5ca435acc9bb6523536%3Fsize%3D30 HTTP/1.1" 404 1292 "http://192.168.5.1/chat/ajax-chat.html" "Mozilla/5.0 (Linux; Android 4.1.2; SHV-E210L Build/JZO54K) AppleWebKit/537.36 (KHTML, like Gecko) Chrome/33.0.1750.170 Mobile Safari/537.36"
192.168.5.148 - - [02/Apr/2014:12:15:21 +0100] "GET /avatar/?size=30&default=http%3A%2F%2Fwww.gravatar.com%2Favatar%2Fad516503a11cd5ca435acc9bb6523536%3Fsize%3D30 HTTP/1.1" 404 1292 "http://192.168.5.1/chat/ajax-chat.html" "Mozilla/5.0 (Linux; Android 4.1.2; SHV-E210L Build/JZO54K) AppleWebKit/537.36 (KHTML, like Gecko) Chrome/33.0.1750.170 Mobile Safari/537.36"
192.168.5.148 - - [02/Apr/2014:12:15:22 +0100] "GET /chat/php/ajax.php?action=getChats&lastID=77 HTTP/1.1" 200 439 "http://192.168.5.1/chat/ajax-chat.html" "Mozilla/5.0 (Linux; Android 4.1.2; SHV-E210L Build/JZO54K) AppleWebKit/537.36 (KHTML, like Gecko) Chrome/33.0.1750.170 Mobile Safari/537.36"
192.168.5.148 - - [02/Apr/2014:12:15:23 +0100] "GET /chat/php/ajax.php?action=getChats&lastID=77 HTTP/1.1" 200 439 "http://192.168.5.1/chat/ajax-chat.html" "Mozilla/5.0 (Linux; Android 4.1.2; SHV-E210L Build/JZO54K) AppleWebKit/537.36 (KHTML, like Gecko) Chrome/33.0.1750.170 Mobile Safari/537.36"
192.168.5.51 - - [02/Apr/2014:12:15:24 +0100] "GET /chat/php/ajax.php?action=getChats&lastID=77 HTTP/1.1" 200 440 "http://192.168.5.1/chat/ajax-chat.html" "Mozilla/5.0 (iPad; CPU OS 5_1_1 like Mac OS X) AppleWebKit/534.46 (KHTML, like Gecko) CriOS/28.0.1500.16 Mobile/9B206 Safari/7534.48.3"
192.168.5.148 - - [02/Apr/2014:12:15:24 +0100] "GET /chat/php/ajax.php?action=getChats&lastID=77 HTTP/1.1" 200 439 "http://192.168.5.1/chat/ajax-chat.html" "Mozilla/5.0 (Linux; Android 4.1.2; SHV-E210L Build/JZO54K) AppleWebKit/537.36 (KHTML, like Gecko) Chrome/33.0.1750.170 Mobile Safari/537.36"
192.168.5.148 - - [02/Apr/2014:12:15:25 +0100] "GET /chat/php/ajax.php?action=getChats&lastID=77 HTTP/1.1" 200 439 "http://192.168.5.1/chat/ajax-chat.html" "Mozilla/5.0 (Linux; Android 4.1.2; SHV-E210L Build/JZO54K) AppleWebKit/537.36 (KHTML, like Gecko) Chrome/33.0.1750.170 Mobile Safari/537.36"
192.168.5.51 - - [02/Apr/2014:12:15:27 +0100] "GET /chat/php/ajax.php?action=getUsers HTTP/1.1" 200 653 "http://192.168.5.1/chat/ajax-chat.html" "Mozilla/5.0 (iPad; CPU OS 5_1_1 like Mac OS X) AppleWebKit/534.46 (KHTML, like Gecko) CriOS/28.0.1500.16 Mobile/9B206 Safari/7534.48.3"
192.168.5.51 - - [02/Apr/2014:12:15:27 +0100] "GET /avatar/fcd759b4816a490133627c7a05e8250a?size=30&default=http%3A%2F%2Fwww.gravatar.com%2Favatar%2Fad516503a11cd5ca435acc9bb6523536%3Fsize%3D30 HTTP/1.1" 404 1292 "http://192.168.5.1/chat/ajax-chat.html" "Mozilla/5.0 (iPad; CPU OS 5_1_1 like Mac OS X) AppleWebKit/534.46 (KHTML, like Gecko) CriOS/28.0.1500.16 Mobile/9B206 Safari/7534.48.3"
192.168.5.51 - - [02/Apr/2014:12:15:27 +0100] "GET /avatar/?size=30&default=http%3A%2F%2Fwww.gravatar.com%2Favatar%2Fad516503a11cd5ca435acc9bb6523536%3Fsize%3D30 HTTP/1.1" 404 1292 "http://192.168.5.1/chat/ajax-chat.html" "Mozilla/5.0 (iPad; CPU OS 5_1_1 like Mac OS X) AppleWebKit/534.46 (KHTML, like Gecko) CriOS/28.0.1500.16 Mobile/9B206 Safari/7534.48.3"
192.168.5.148 - - [02/Apr/2014:12:15:27 +0100] "GET /chat/php/ajax.php?action=getChats&lastID=77 HTTP/1.1" 200 439 "http://192.168.5.1/chat/ajax-chat.html" "Mozilla/5.0 (Linux; Android 4.1.2; SHV-E210L Build/JZO54K) AppleWebKit/537.36 (KHTML, like Gecko) Chrome/33.0.1750.170 Mobile Safari/537.36"
::1 - - [02/Apr/2014:12:15:29 +0100] "OPTIONS * HTTP/1.0" 200 126 "-" "Apache/2.2.22 (Debian) (internal dummy connection)"
192.168.5.51 - - [02/Apr/2014:12:15:29 +0100] "GET /chat/php/ajax.php?action=getChats&lastID=77 HTTP/1.1" 200 439 "http://192.168.5.1/chat/ajax-chat.html" "Mozilla/5.0 (iPad; CPU OS 5_1_1 like Mac OS X) AppleWebKit/534.46 (KHTML, like Gecko) CriOS/28.0.1500.16 Mobile/9B206 Safari/7534.48.3"
::1 - - [02/Apr/2014:12:15:30 +0100] "OPTIONS * HTTP/1.0" 200 126 "-" "Apache/2.2.22 (Debian) (internal dummy connection)"
192.168.5.148 - - [02/Apr/2014:12:15:30 +0100] "\x16\x03\x01" 501 290 "-" "-"
192.168.5.148 - - [02/Apr/2014:12:15:31 +0100] "GET /chat/php/ajax.php?action=getChats&lastID=77 HTTP/1.1" 200 439 "http://192.168.5.1/chat/ajax-chat.html" "Mozilla/5.0 (Linux; Android 4.1.2; SHV-E210L Build/JZO54K) AppleWebKit/537.36 (KHTML, like Gecko) Chrome/33.0.1750.170 Mobile Safari/537.36"
::1 - - [02/Apr/2014:12:15:31 +0100] "OPTIONS * HTTP/1.0" 200 126 "-" "Apache/2.2.22 (Debian) (internal dummy connection)"
::1 - - [02/Apr/2014:12:15:32 +0100] "OPTIONS * HTTP/1.0" 200 126 "-" "Apache/2.2.22 (Debian) (internal dummy connection)"
192.168.5.51 - - [02/Apr/2014:12:15:34 +0100] "GET /chat/php/ajax.php?action=getChats&lastID=77 HTTP/1.1" 200 440 "http://192.168.5.1/chat/ajax-chat.html" "Mozilla/5.0 (iPad; CPU OS 5_1_1 like Mac OS X) AppleWebKit/534.46 (KHTML, like Gecko) CriOS/28.0.1500.16 Mobile/9B206 Safari/7534.48.3"
::1 - - [02/Apr/2014:12:15:35 +0100] "OPTIONS * HTTP/1.0" 200 126 "-" "Apache/2.2.22 (Debian) (internal dummy connection)"
192.168.5.237 - - [02/Apr/2014:12:15:35 +0100] "GET /ncsi.txt HTTP/1.1" 404 2036 "-" "Microsoft NCSI"
::1 - - [02/Apr/2014:12:15:37 +0100] "OPTIONS * HTTP/1.0" 200 126 "-" "Apache/2.2.22 (Debian) (internal dummy connection)"
::1 - - [02/Apr/2014:12:15:38 +0100] "OPTIONS * HTTP/1.0" 200 126 "-" "Apache/2.2.22 (Debian) (internal dummy connection)"
192.168.5.51 - - [02/Apr/2014:12:15:39 +0100] "GET /chat/php/ajax.php?action=getChats&lastID=77 HTTP/1.1" 200 440 "http://192.168.5.1/chat/ajax-chat.html" "Mozilla/5.0 (iPad; CPU OS 5_1_1 like Mac OS X) AppleWebKit/534.46 (KHTML, like Gecko) CriOS/28.0.1500.16 Mobile/9B206 Safari/7534.48.3"
192.168.5.51 - - [02/Apr/2014:12:15:42 +0100] "GET /chat/php/ajax.php?action=getUsers HTTP/1.1" 200 653 "http://192.168.5.1/chat/ajax-chat.html" "Mozilla/5.0 (iPad; CPU OS 5_1_1 like Mac OS X) AppleWebKit/534.46 (KHTML, like Gecko) CriOS/28.0.1500.16 Mobile/9B206 Safari/7534.48.3"
192.168.5.51 - - [02/Apr/2014:12:15:42 +0100] "GET /avatar/fcd759b4816a490133627c7a05e8250a?size=30&default=http%3A%2F%2Fwww.gravatar.com%2Favatar%2Fad516503a11cd5ca435acc9bb6523536%3Fsize%3D30 HTTP/1.1" 404 1292 "http://192.168.5.1/chat/ajax-chat.html" "Mozilla/5.0 (iPad; CPU OS 5_1_1 like Mac OS X) AppleWebKit/534.46 (KHTML, like Gecko) CriOS/28.0.1500.16 Mobile/9B206 Safari/7534.48.3"
192.168.5.51 - - [02/Apr/2014:12:15:42 +0100] "GET /avatar/?size=30&default=http%3A%2F%2Fwww.gravatar.com%2Favatar%2Fad516503a11cd5ca435acc9bb6523536%3Fsize%3D30 HTTP/1.1" 404 1292 "http://192.168.5.1/chat/ajax-chat.html" "Mozilla/5.0 (iPad; CPU OS 5_1_1 like Mac OS X) AppleWebKit/534.46 (KHTML, like Gecko) CriOS/28.0.1500.16 Mobile/9B206 Safari/7534.48.3"
192.168.5.51 - - [02/Apr/2014:12:15:45 +0100] "GET /chat/php/ajax.php?action=getChats&lastID=77 HTTP/1.1" 200 439 "http://192.168.5.1/chat/ajax-chat.html" "Mozilla/5.0 (iPad; CPU OS 5_1_1 like Mac OS X) AppleWebKit/534.46 (KHTML, like Gecko) CriOS/28.0.1500.16 Mobile/9B206 Safari/7534.48.3"
192.168.5.180 - - [02/Apr/2014:12:15:45 +0100] "POST /restserver.php HTTP/1.1" 404 2036 "-" "BlackBerry9320/7.1.0 Profile/MIDP-2.1 Configuration/CLDC-1.1 VendorID/382"
192.168.5.51 - - [02/Apr/2014:12:15:50 +0100] "GET /chat/php/ajax.php?action=getChats&lastID=77 HTTP/1.1" 200 440 "http://192.168.5.1/chat/ajax-chat.html" "Mozilla/5.0 (iPad; CPU OS 5_1_1 like Mac OS X) AppleWebKit/534.46 (KHTML, like Gecko) CriOS/28.0.1500.16 Mobile/9B206 Safari/7534.48.3"
192.168.5.51 - - [02/Apr/2014:12:15:55 +0100] "GET /chat/php/ajax.php?action=getChats&lastID=77 HTTP/1.1" 200 440 "http://192.168.5.1/chat/ajax-chat.html" "Mozilla/5.0 (iPad; CPU OS 5_1_1 like Mac OS X) AppleWebKit/534.46 (KHTML, like Gecko) CriOS/28.0.1500.16 Mobile/9B206 Safari/7534.48.3"
192.168.5.51 - - [02/Apr/2014:12:15:57 +0100] "GET /chat/php/ajax.php?action=getUsers HTTP/1.1" 200 634 "http://192.168.5.1/chat/ajax-chat.html" "Mozilla/5.0 (iPad; CPU OS 5_1_1 like Mac OS X) AppleWebKit/534.46 (KHTML, like Gecko) CriOS/28.0.1500.16 Mobile/9B206 Safari/7534.48.3"
192.168.5.51 - - [02/Apr/2014:12:15:57 +0100] "GET /avatar/fcd759b4816a490133627c7a05e8250a?size=30&default=http%3A%2F%2Fwww.gravatar.com%2Favatar%2Fad516503a11cd5ca435acc9bb6523536%3Fsize%3D30 HTTP/1.1" 404 1292 "http://192.168.5.1/chat/ajax-chat.html" "Mozilla/5.0 (iPad; CPU OS 5_1_1 like Mac OS X) AppleWebKit/534.46 (KHTML, like Gecko) CriOS/28.0.1500.16 Mobile/9B206 Safari/7534.48.3"
192.168.5.173 - - [02/Apr/2014:12:15:59 +0100] "GET /generate_204 HTTP/1.1" 200 2005 "-" "Dalvik/1.6.0 (Linux; U; Android 4.1.2; GT-S6310L Build/JZO54K)"
::1 - - [02/Apr/2014:12:16:05 +0100] "OPTIONS * HTTP/1.0" 200 126 "-" "Apache/2.2.22 (Debian) (internal dummy connection)"
192.168.5.237 - - [02/Apr/2014:12:16:08 +0100] "GET /ncsi.txt HTTP/1.1" 404 2036 "-" "Microsoft NCSI"
192.168.5.51 - - [02/Apr/2014:12:16:10 +0100] "GET /chat/php/ajax.php?action=getChats&lastID=77 HTTP/1.1" 200 440 "http://192.168.5.1/chat/ajax-chat.html" "Mozilla/5.0 (iPad; CPU OS 5_1_1 like Mac OS X) AppleWebKit/534.46 (KHTML, like Gecko) CriOS/28.0.1500.16 Mobile/9B206 Safari/7534.48.3"
192.168.5.51 - - [02/Apr/2014:12:16:12 +0100] "GET /chat/php/ajax.php?action=getUsers HTTP/1.1" 200 634 "http://192.168.5.1/chat/ajax-chat.html" "Mozilla/5.0 (iPad; CPU OS 5_1_1 like Mac OS X) AppleWebKit/534.46 (KHTML, like Gecko) CriOS/28.0.1500.16 Mobile/9B206 Safari/7534.48.3"
192.168.5.51 - - [02/Apr/2014:12:16:12 +0100] "GET /avatar/fcd759b4816a490133627c7a05e8250a?size=30&default=http%3A%2F%2Fwww.gravatar.com%2Favatar%2Fad516503a11cd5ca435acc9bb6523536%3Fsize%3D30 HTTP/1.1" 404 1292 "http://192.168.5.1/chat/ajax-chat.html" "Mozilla/5.0 (iPad; CPU OS 5_1_1 like Mac OS X) AppleWebKit/534.46 (KHTML, like Gecko) CriOS/28.0.1500.16 Mobile/9B206 Safari/7534.48.3"
192.168.5.51 - - [02/Apr/2014:12:16:25 +0100] "GET /chat/php/ajax.php?action=getChats&lastID=77 HTTP/1.1" 200 440 "http://192.168.5.1/chat/ajax-chat.html" "Mozilla/5.0 (iPad; CPU OS 5_1_1 like Mac OS X) AppleWebKit/534.46 (KHTML, like Gecko) CriOS/28.0.1500.16 Mobile/9B206 Safari/7534.48.3"
192.168.5.74 - - [02/Apr/2014:12:16:27 +0100] "GET /wap/msncomcel.wml HTTP/1.1" 404 1292 "-" "SAMSUNG-GT-S5260/1.0 SHP/VPP/R5 Dolfin/2.0 NexPlayer/3.0 SMM-MMS/1.2.0 profile/MIDP-2.1 configuration/CLDC-1.1 OPN-B"
192.168.5.51 - - [02/Apr/2014:12:16:28 +0100] "GET /chat/php/ajax.php?action=getUsers HTTP/1.1" 200 634 "http://192.168.5.1/chat/ajax-chat.html" "Mozilla/5.0 (iPad; CPU OS 5_1_1 like Mac OS X) AppleWebKit/534.46 (KHTML, like Gecko) CriOS/28.0.1500.16 Mobile/9B206 Safari/7534.48.3"
192.168.5.51 - - [02/Apr/2014:12:16:28 +0100] "GET /avatar/fcd759b4816a490133627c7a05e8250a?size=30&default=http%3A%2F%2Fwww.gravatar.com%2Favatar%2Fad516503a11cd5ca435acc9bb6523536%3Fsize%3D30 HTTP/1.1" 404 1292 "http://192.168.5.1/chat/ajax-chat.html" "Mozilla/5.0 (iPad; CPU OS 5_1_1 like Mac OS X) AppleWebKit/534.46 (KHTML, like Gecko) CriOS/28.0.1500.16 Mobile/9B206 Safari/7534.48.3"
192.168.5.74 - - [02/Apr/2014:12:16:29 +0100] "GET /favicon.ico HTTP/1.1" 404 1291 "http://www.comcel.com.co/wap/msncomcel.wml" "SAMSUNG-GT-S5260/1.0 SHP/VPP/R5 Dolfin/2.0 NexPlayer/3.0 SMM-MMS/1.2.0 profile/MIDP-2.1 configuration/CLDC-1.1 OPN-B"
192.168.5.237 - - [02/Apr/2014:12:16:36 +0100] "GET /ncsi.txt HTTP/1.1" 404 2036 "-" "Microsoft NCSI"
192.168.5.237 - - [02/Apr/2014:12:16:38 +0100] "POST /service/update2?cup2key=4:1530547432&cup2hreq=e8e39a7e6f09e03dfe20488d31d7bc9f0e97058827f561e11df4856b1d6cee30 HTTP/1.1" 404 2073 "-" "Google Update/1.3.23.9;winhttp;cup-ecdsa"
192.168.5.51 - - [02/Apr/2014:12:16:40 +0100] "GET /chat/php/ajax.php?action=getChats&lastID=77 HTTP/1.1" 200 440 "http://192.168.5.1/chat/ajax-chat.html" "Mozilla/5.0 (iPad; CPU OS 5_1_1 like Mac OS X) AppleWebKit/534.46 (KHTML, like Gecko) CriOS/28.0.1500.16 Mobile/9B206 Safari/7534.48.3"
192.168.5.51 - - [02/Apr/2014:12:16:43 +0100] "GET /chat/php/ajax.php?action=getUsers HTTP/1.1" 200 634 "http://192.168.5.1/chat/ajax-chat.html" "Mozilla/5.0 (iPad; CPU OS 5_1_1 like Mac OS X) AppleWebKit/534.46 (KHTML, like Gecko) CriOS/28.0.1500.16 Mobile/9B206 Safari/7534.48.3"
192.168.5.51 - - [02/Apr/2014:12:16:43 +0100] "GET /avatar/fcd759b4816a490133627c7a05e8250a?size=30&default=http%3A%2F%2Fwww.gravatar.com%2Favatar%2Fad516503a11cd5ca435acc9bb6523536%3Fsize%3D30 HTTP/1.1" 404 1292 "http://192.168.5.1/chat/ajax-chat.html" "Mozilla/5.0 (iPad; CPU OS 5_1_1 like Mac OS X) AppleWebKit/534.46 (KHTML, like Gecko) CriOS/28.0.1500.16 Mobile/9B206 Safari/7534.48.3"
192.168.5.216 - - [02/Apr/2014:12:16:45 +0100] "GET /generate_204 HTTP/1.1" 200 2005 "-" "Dalvik/1.4.0 (Linux; U; Android 2.3.6; GT-S5830M Build/GINGERBREAD)"
192.168.5.51 - - [02/Apr/2014:12:16:56 +0100] "GET /chat/php/ajax.php?action=getChats&lastID=77 HTTP/1.1" 200 440 "http://192.168.5.1/chat/ajax-chat.html" "Mozilla/5.0 (iPad; CPU OS 5_1_1 like Mac OS X) AppleWebKit/534.46 (KHTML, like Gecko) CriOS/28.0.1500.16 Mobile/9B206 Safari/7534.48.3"
192.168.5.51 - - [02/Apr/2014:12:16:58 +0100] "GET /chat/php/ajax.php?action=getUsers HTTP/1.1" 200 634 "http://192.168.5.1/chat/ajax-chat.html" "Mozilla/5.0 (iPad; CPU OS 5_1_1 like Mac OS X) AppleWebKit/534.46 (KHTML, like Gecko) CriOS/28.0.1500.16 Mobile/9B206 Safari/7534.48.3"
192.168.5.51 - - [02/Apr/2014:12:16:58 +0100] "GET /avatar/fcd759b4816a490133627c7a05e8250a?size=30&default=http%3A%2F%2Fwww.gravatar.com%2Favatar%2Fad516503a11cd5ca435acc9bb6523536%3Fsize%3D30 HTTP/1.1" 404 1292 "http://192.168.5.1/chat/ajax-chat.html" "Mozilla/5.0 (iPad; CPU OS 5_1_1 like Mac OS X) AppleWebKit/534.46 (KHTML, like Gecko) CriOS/28.0.1500.16 Mobile/9B206 Safari/7534.48.3"
192.168.5.237 - - [02/Apr/2014:12:17:08 +0100] "GET /ncsi.txt HTTP/1.1" 404 2036 "-" "Microsoft NCSI"
192.168.5.74 - - [02/Apr/2014:12:17:09 +0100] "POST /facebook/notification HTTP/1.1" 404 2073 "-" "SAMSUNG-GT-S5260/1.0 SHP/VPP/R5 Dolfin/2.0 NexPlayer/3.0 SMM-MMS/1.2.0 profile/MIDP-2.1 configuration/CLDC-1.1 OPN-B"
192.168.5.51 - - [02/Apr/2014:12:17:11 +0100] "GET /chat/php/ajax.php?action=getChats&lastID=77 HTTP/1.1" 200 440 "http://192.168.5.1/chat/ajax-chat.html" "Mozilla/5.0 (iPad; CPU OS 5_1_1 like Mac OS X) AppleWebKit/534.46 (KHTML, like Gecko) CriOS/28.0.1500.16 Mobile/9B206 Safari/7534.48.3"
192.168.5.51 - - [02/Apr/2014:12:17:13 +0100] "GET /chat/php/ajax.php?action=getUsers HTTP/1.1" 200 634 "http://192.168.5.1/chat/ajax-chat.html" "Mozilla/5.0 (iPad; CPU OS 5_1_1 like Mac OS X) AppleWebKit/534.46 (KHTML, like Gecko) CriOS/28.0.1500.16 Mobile/9B206 Safari/7534.48.3"
192.168.5.51 - - [02/Apr/2014:12:17:14 +0100] "GET /avatar/fcd759b4816a490133627c7a05e8250a?size=30&default=http%3A%2F%2Fwww.gravatar.com%2Favatar%2Fad516503a11cd5ca435acc9bb6523536%3Fsize%3D30 HTTP/1.1" 404 1292 "http://192.168.5.1/chat/ajax-chat.html" "Mozilla/5.0 (iPad; CPU OS 5_1_1 like Mac OS X) AppleWebKit/534.46 (KHTML, like Gecko) CriOS/28.0.1500.16 Mobile/9B206 Safari/7534.48.3"
192.168.5.74 - - [02/Apr/2014:12:17:22 +0100] "POST /facebook/notification HTTP/1.1" 404 2073 "-" "SAMSUNG-GT-S5260/1.0 SHP/VPP/R5 Dolfin/2.0 NexPlayer/3.0 SMM-MMS/1.2.0 profile/MIDP-2.1 configuration/CLDC-1.1 OPN-B"
192.168.5.74 - - [02/Apr/2014:12:17:23 +0100] "POST /facebook/message/folder HTTP/1.1" 404 2072 "-" "SAMSUNG-GT-S5260/1.0 SHP/VPP/R5 Dolfin/2.0 NexPlayer/3.0 SMM-MMS/1.2.0 profile/MIDP-2.1 configuration/CLDC-1.1 OPN-B"
192.168.5.51 - - [02/Apr/2014:12:17:26 +0100] "GET /chat/php/ajax.php?action=getChats&lastID=77 HTTP/1.1" 200 440 "http://192.168.5.1/chat/ajax-chat.html" "Mozilla/5.0 (iPad; CPU OS 5_1_1 like Mac OS X) AppleWebKit/534.46 (KHTML, like Gecko) CriOS/28.0.1500.16 Mobile/9B206 Safari/7534.48.3"
192.168.5.51 - - [02/Apr/2014:12:17:28 +0100] "GET /chat/php/ajax.php?action=getUsers HTTP/1.1" 200 634 "http://192.168.5.1/chat/ajax-chat.html" "Mozilla/5.0 (iPad; CPU OS 5_1_1 like Mac OS X) AppleWebKit/534.46 (KHTML, like Gecko) CriOS/28.0.1500.16 Mobile/9B206 Safari/7534.48.3"
192.168.5.51 - - [02/Apr/2014:12:17:28 +0100] "GET /avatar/fcd759b4816a490133627c7a05e8250a?size=30&default=http%3A%2F%2Fwww.gravatar.com%2Favatar%2Fad516503a11cd5ca435acc9bb6523536%3Fsize%3D30 HTTP/1.1" 404 1292 "http://192.168.5.1/chat/ajax-chat.html" "Mozilla/5.0 (iPad; CPU OS 5_1_1 like Mac OS X) AppleWebKit/534.46 (KHTML, like Gecko) CriOS/28.0.1500.16 Mobile/9B206 Safari/7534.48.3"
192.168.5.74 - - [02/Apr/2014:12:17:35 +0100] "POST /facebook/notification HTTP/1.1" 404 2073 "-" "SAMSUNG-GT-S5260/1.0 SHP/VPP/R5 Dolfin/2.0 NexPlayer/3.0 SMM-MMS/1.2.0 profile/MIDP-2.1 configuration/CLDC-1.1 OPN-B"
192.168.5.237 - - [02/Apr/2014:12:17:36 +0100] "GET /ncsi.txt HTTP/1.1" 404 2036 "-" "Microsoft NCSI"
192.168.5.74 - - [02/Apr/2014:12:17:37 +0100] "POST /facebook/message/folder HTTP/1.1" 404 2072 "-" "SAMSUNG-GT-S5260/1.0 SHP/VPP/R5 Dolfin/2.0 NexPlayer/3.0 SMM-MMS/1.2.0 profile/MIDP-2.1 configuration/CLDC-1.1 OPN-B"
192.168.5.51 - - [02/Apr/2014:12:17:41 +0100] "GET /chat/php/ajax.php?action=getChats&lastID=77 HTTP/1.1" 200 440 "http://192.168.5.1/chat/ajax-chat.html" "Mozilla/5.0 (iPad; CPU OS 5_1_1 like Mac OS X) AppleWebKit/534.46 (KHTML, like Gecko) CriOS/28.0.1500.16 Mobile/9B206 Safari/7534.48.3"
192.168.5.51 - - [02/Apr/2014:12:17:43 +0100] "GET /chat/php/ajax.php?action=getUsers HTTP/1.1" 200 634 "http://192.168.5.1/chat/ajax-chat.html" "Mozilla/5.0 (iPad; CPU OS 5_1_1 like Mac OS X) AppleWebKit/534.46 (KHTML, like Gecko) CriOS/28.0.1500.16 Mobile/9B206 Safari/7534.48.3"
192.168.5.51 - - [02/Apr/2014:12:17:44 +0100] "GET /avatar/fcd759b4816a490133627c7a05e8250a?size=30&default=http%3A%2F%2Fwww.gravatar.com%2Favatar%2Fad516503a11cd5ca435acc9bb6523536%3Fsize%3D30 HTTP/1.1" 404 1292 "http://192.168.5.1/chat/ajax-chat.html" "Mozilla/5.0 (iPad; CPU OS 5_1_1 like Mac OS X) AppleWebKit/534.46 (KHTML, like Gecko) CriOS/28.0.1500.16 Mobile/9B206 Safari/7534.48.3"
192.168.5.148 - - [02/Apr/2014:12:17:55 +0100] "GET /generate_204 HTTP/1.1" 200 2005 "-" "Dalvik/1.6.0 (Linux; U; Android 4.1.2; SHV-E210L Build/JZO54K)"
192.168.5.51 - - [02/Apr/2014:12:17:56 +0100] "GET /chat/php/ajax.php?action=getChats&lastID=77 HTTP/1.1" 200 440 "http://192.168.5.1/chat/ajax-chat.html" "Mozilla/5.0 (iPad; CPU OS 5_1_1 like Mac OS X) AppleWebKit/534.46 (KHTML, like Gecko) CriOS/28.0.1500.16 Mobile/9B206 Safari/7534.48.3"
192.168.5.51 - - [02/Apr/2014:12:17:59 +0100] "GET /chat/php/ajax.php?action=getUsers HTTP/1.1" 200 634 "http://192.168.5.1/chat/ajax-chat.html" "Mozilla/5.0 (iPad; CPU OS 5_1_1 like Mac OS X) AppleWebKit/534.46 (KHTML, like Gecko) CriOS/28.0.1500.16 Mobile/9B206 Safari/7534.48.3"
192.168.5.51 - - [02/Apr/2014:12:17:59 +0100] "GET /avatar/fcd759b4816a490133627c7a05e8250a?size=30&default=http%3A%2F%2Fwww.gravatar.com%2Favatar%2Fad516503a11cd5ca435acc9bb6523536%3Fsize%3D30 HTTP/1.1" 404 1292 "http://192.168.5.1/chat/ajax-chat.html" "Mozilla/5.0 (iPad; CPU OS 5_1_1 like Mac OS X) AppleWebKit/534.46 (KHTML, like Gecko) CriOS/28.0.1500.16 Mobile/9B206 Safari/7534.48.3"
192.168.5.148 - - [02/Apr/2014:12:17:59 +0100] "GET /generate_204 HTTP/1.1" 200 2005 "-" "Dalvik/1.6.0 (Linux; U; Android 4.1.2; SHV-E210L Build/JZO54K)"
192.168.5.51 - - [02/Apr/2014:12:18:02 +0100] "GET /avatar/fcd759b4816a490133627c7a05e8250a?size=23&default=http%3A%2F%2Fwww.gravatar.com%2Favatar%2Fad516503a11cd5ca435acc9bb6523536%3Fsize%3D23 HTTP/1.1" 404 1291 "http://192.168.5.1/chat/ajax-chat.html" "Mozilla/5.0 (iPad; CPU OS 5_1_1 like Mac OS X) AppleWebKit/534.46 (KHTML, like Gecko) CriOS/28.0.1500.16 Mobile/9B206 Safari/7534.48.3"
192.168.5.51 - - [02/Apr/2014:12:18:02 +0100] "GET /chat/img/slider.png HTTP/1.1" 304 187 "http://192.168.5.1/chat/ajax-chat.html" "Mozilla/5.0 (iPad; CPU OS 5_1_1 like Mac OS X) AppleWebKit/534.46 (KHTML, like Gecko) CriOS/28.0.1500.16 Mobile/9B206 Safari/7534.48.3"
192.168.5.51 - - [02/Apr/2014:12:18:02 +0100] "POST /chat/php/ajax.php?action=submitChat HTTP/1.1" 200 453 "http://192.168.5.1/chat/ajax-chat.html" "Mozilla/5.0 (iPad; CPU OS 5_1_1 like Mac OS X) AppleWebKit/534.46 (KHTML, like Gecko) CriOS/28.0.1500.16 Mobile/9B206 Safari/7534.48.3"
192.168.5.51 - - [02/Apr/2014:12:18:02 +0100] "GET /avatar/fcd759b4816a490133627c7a05e8250a?size=23&default=http%3A%2F%2Fwww.gravatar.com%2Favatar%2Fad516503a11cd5ca435acc9bb6523536%3Fsize%3D23 HTTP/1.1" 404 1291 "http://192.168.5.1/chat/ajax-chat.html" "Mozilla/5.0 (iPad; CPU OS 5_1_1 like Mac OS X) AppleWebKit/534.46 (KHTML, like Gecko) CriOS/28.0.1500.16 Mobile/9B206 Safari/7534.48.3"
192.168.5.237 - - [02/Apr/2014:12:18:08 +0100] "GET /ncsi.txt HTTP/1.1" 404 2036 "-" "Microsoft NCSI"
192.168.5.148 - - [02/Apr/2014:12:18:12 +0100] "\x16\x03\x01" 501 290 "-" "-"
192.168.5.51 - - [02/Apr/2014:12:18:12 +0100] "GET /chat/php/ajax.php?action=getChats&lastID=77 HTTP/1.1" 200 698 "http://192.168.5.1/chat/ajax-chat.html" "Mozilla/5.0 (iPad; CPU OS 5_1_1 like Mac OS X) AppleWebKit/534.46 (KHTML, like Gecko) CriOS/28.0.1500.16 Mobile/9B206 Safari/7534.48.3"
192.168.5.51 - - [02/Apr/2014:12:18:12 +0100] "GET /avatar/fcd759b4816a490133627c7a05e8250a?size=23&default=http%3A%2F%2Fwww.gravatar.com%2Favatar%2Fad516503a11cd5ca435acc9bb6523536%3Fsize%3D23 HTTP/1.1" 404 1292 "http://192.168.5.1/chat/ajax-chat.html" "Mozilla/5.0 (iPad; CPU OS 5_1_1 like Mac OS X) AppleWebKit/534.46 (KHTML, like Gecko) CriOS/28.0.1500.16 Mobile/9B206 Safari/7534.48.3"
192.168.5.51 - - [02/Apr/2014:12:18:13 +0100] "GET /chat/php/ajax.php?action=getChats&lastID=78 HTTP/1.1" 200 439 "http://192.168.5.1/chat/ajax-chat.html" "Mozilla/5.0 (iPad; CPU OS 5_1_1 like Mac OS X) AppleWebKit/534.46 (KHTML, like Gecko) CriOS/28.0.1500.16 Mobile/9B206 Safari/7534.48.3"
192.168.5.51 - - [02/Apr/2014:12:18:14 +0100] "GET /chat/php/ajax.php?action=getUsers HTTP/1.1" 200 634 "http://192.168.5.1/chat/ajax-chat.html" "Mozilla/5.0 (iPad; CPU OS 5_1_1 like Mac OS X) AppleWebKit/534.46 (KHTML, like Gecko) CriOS/28.0.1500.16 Mobile/9B206 Safari/7534.48.3"
192.168.5.51 - - [02/Apr/2014:12:18:14 +0100] "GET /avatar/fcd759b4816a490133627c7a05e8250a?size=30&default=http%3A%2F%2Fwww.gravatar.com%2Favatar%2Fad516503a11cd5ca435acc9bb6523536%3Fsize%3D30 HTTP/1.1" 404 1291 "http://192.168.5.1/chat/ajax-chat.html" "Mozilla/5.0 (iPad; CPU OS 5_1_1 like Mac OS X) AppleWebKit/534.46 (KHTML, like Gecko) CriOS/28.0.1500.16 Mobile/9B206 Safari/7534.48.3"
192.168.5.51 - - [02/Apr/2014:12:18:14 +0100] "GET /chat/php/ajax.php?action=getChats&lastID=78 HTTP/1.1" 200 439 "http://192.168.5.1/chat/ajax-chat.html" "Mozilla/5.0 (iPad; CPU OS 5_1_1 like Mac OS X) AppleWebKit/534.46 (KHTML, like Gecko) CriOS/28.0.1500.16 Mobile/9B206 Safari/7534.48.3"
192.168.5.51 - - [02/Apr/2014:12:18:15 +0100] "GET /chat/php/ajax.php?action=getChats&lastID=78 HTTP/1.1" 200 439 "http://192.168.5.1/chat/ajax-chat.html" "Mozilla/5.0 (iPad; CPU OS 5_1_1 like Mac OS X) AppleWebKit/534.46 (KHTML, like Gecko) CriOS/28.0.1500.16 Mobile/9B206 Safari/7534.48.3"
192.168.5.51 - - [02/Apr/2014:12:18:16 +0100] "GET /chat/php/ajax.php?action=getChats&lastID=78 HTTP/1.1" 200 439 "http://192.168.5.1/chat/ajax-chat.html" "Mozilla/5.0 (iPad; CPU OS 5_1_1 like Mac OS X) AppleWebKit/534.46 (KHTML, like Gecko) CriOS/28.0.1500.16 Mobile/9B206 Safari/7534.48.3"
192.168.5.51 - - [02/Apr/2014:12:18:18 +0100] "GET /chat/php/ajax.php?action=getChats&lastID=78 HTTP/1.1" 200 439 "http://192.168.5.1/chat/ajax-chat.html" "Mozilla/5.0 (iPad; CPU OS 5_1_1 like Mac OS X) AppleWebKit/534.46 (KHTML, like Gecko) CriOS/28.0.1500.16 Mobile/9B206 Safari/7534.48.3"
192.168.5.51 - - [02/Apr/2014:12:18:20 +0100] "GET /chat/php/ajax.php?action=getChats&lastID=78 HTTP/1.1" 200 439 "http://192.168.5.1/chat/ajax-chat.html" "Mozilla/5.0 (iPad; CPU OS 5_1_1 like Mac OS X) AppleWebKit/534.46 (KHTML, like Gecko) CriOS/28.0.1500.16 Mobile/9B206 Safari/7534.48.3"
192.168.5.51 - - [02/Apr/2014:12:18:22 +0100] "GET /chat/php/ajax.php?action=getChats&lastID=78 HTTP/1.1" 200 439 "http://192.168.5.1/chat/ajax-chat.html" "Mozilla/5.0 (iPad; CPU OS 5_1_1 like Mac OS X) AppleWebKit/534.46 (KHTML, like Gecko) CriOS/28.0.1500.16 Mobile/9B206 Safari/7534.48.3"
192.168.5.51 - - [02/Apr/2014:12:18:24 +0100] "GET /chat/php/ajax.php?action=getChats&lastID=78 HTTP/1.1" 200 439 "http://192.168.5.1/chat/ajax-chat.html" "Mozilla/5.0 (iPad; CPU OS 5_1_1 like Mac OS X) AppleWebKit/534.46 (KHTML, like Gecko) CriOS/28.0.1500.16 Mobile/9B206 Safari/7534.48.3"
192.168.5.51 - - [02/Apr/2014:12:18:27 +0100] "GET /chat/php/ajax.php?action=getChats&lastID=78 HTTP/1.1" 200 439 "http://192.168.5.1/chat/ajax-chat.html" "Mozilla/5.0 (iPad; CPU OS 5_1_1 like Mac OS X) AppleWebKit/534.46 (KHTML, like Gecko) CriOS/28.0.1500.16 Mobile/9B206 Safari/7534.48.3"
192.168.5.51 - - [02/Apr/2014:12:18:29 +0100] "GET /chat/php/ajax.php?action=getChats&lastID=78 HTTP/1.1" 200 439 "http://192.168.5.1/chat/ajax-chat.html" "Mozilla/5.0 (iPad; CPU OS 5_1_1 like Mac OS X) AppleWebKit/534.46 (KHTML, like Gecko) CriOS/28.0.1500.16 Mobile/9B206 Safari/7534.48.3"
192.168.5.51 - - [02/Apr/2014:12:18:29 +0100] "GET /chat/php/ajax.php?action=getUsers HTTP/1.1" 200 634 "http://192.168.5.1/chat/ajax-chat.html" "Mozilla/5.0 (iPad; CPU OS 5_1_1 like Mac OS X) AppleWebKit/534.46 (KHTML, like Gecko) CriOS/28.0.1500.16 Mobile/9B206 Safari/7534.48.3"
192.168.5.51 - - [02/Apr/2014:12:18:29 +0100] "GET /avatar/fcd759b4816a490133627c7a05e8250a?size=30&default=http%3A%2F%2Fwww.gravatar.com%2Favatar%2Fad516503a11cd5ca435acc9bb6523536%3Fsize%3D30 HTTP/1.1" 404 1292 "http://192.168.5.1/chat/ajax-chat.html" "Mozilla/5.0 (iPad; CPU OS 5_1_1 like Mac OS X) AppleWebKit/534.46 (KHTML, like Gecko) CriOS/28.0.1500.16 Mobile/9B206 Safari/7534.48.3"
192.168.5.51 - - [02/Apr/2014:12:18:31 +0100] "GET /chat/php/ajax.php?action=getChats&lastID=78 HTTP/1.1" 200 439 "http://192.168.5.1/chat/ajax-chat.html" "Mozilla/5.0 (iPad; CPU OS 5_1_1 like Mac OS X) AppleWebKit/534.46 (KHTML, like Gecko) CriOS/28.0.1500.16 Mobile/9B206 Safari/7534.48.3"
192.168.5.237 - - [02/Apr/2014:12:18:36 +0100] "GET /ncsi.txt HTTP/1.1" 404 2036 "-" "Microsoft NCSI"
192.168.5.51 - - [02/Apr/2014:12:18:36 +0100] "GET /chat/php/ajax.php?action=getChats&lastID=78 HTTP/1.1" 200 440 "http://192.168.5.1/chat/ajax-chat.html" "Mozilla/5.0 (iPad; CPU OS 5_1_1 like Mac OS X) AppleWebKit/534.46 (KHTML, like Gecko) CriOS/28.0.1500.16 Mobile/9B206 Safari/7534.48.3"
192.168.5.51 - - [02/Apr/2014:12:18:41 +0100] "GET /chat/php/ajax.php?action=getChats&lastID=78 HTTP/1.1" 200 440 "http://192.168.5.1/chat/ajax-chat.html" "Mozilla/5.0 (iPad; CPU OS 5_1_1 like Mac OS X) AppleWebKit/534.46 (KHTML, like Gecko) CriOS/28.0.1500.16 Mobile/9B206 Safari/7534.48.3"
192.168.5.148 - - [02/Apr/2014:12:18:42 +0100] "\x16\x03\x01" 501 290 "-" "-"
192.168.5.51 - - [02/Apr/2014:12:18:44 +0100] "GET /chat/php/ajax.php?action=getUsers HTTP/1.1" 200 634 "http://192.168.5.1/chat/ajax-chat.html" "Mozilla/5.0 (iPad; CPU OS 5_1_1 like Mac OS X) AppleWebKit/534.46 (KHTML, like Gecko) CriOS/28.0.1500.16 Mobile/9B206 Safari/7534.48.3"
192.168.5.51 - - [02/Apr/2014:12:18:44 +0100] "GET /avatar/fcd759b4816a490133627c7a05e8250a?size=30&default=http%3A%2F%2Fwww.gravatar.com%2Favatar%2Fad516503a11cd5ca435acc9bb6523536%3Fsize%3D30 HTTP/1.1" 404 1292 "http://192.168.5.1/chat/ajax-chat.html" "Mozilla/5.0 (iPad; CPU OS 5_1_1 like Mac OS X) AppleWebKit/534.46 (KHTML, like Gecko) CriOS/28.0.1500.16 Mobile/9B206 Safari/7534.48.3"
192.168.5.51 - - [02/Apr/2014:12:18:46 +0100] "GET /chat/php/ajax.php?action=getChats&lastID=78 HTTP/1.1" 200 439 "http://192.168.5.1/chat/ajax-chat.html" "Mozilla/5.0 (iPad; CPU OS 5_1_1 like Mac OS X) AppleWebKit/534.46 (KHTML, like Gecko) CriOS/28.0.1500.16 Mobile/9B206 Safari/7534.48.3"
192.168.5.51 - - [02/Apr/2014:12:18:52 +0100] "GET /chat/php/ajax.php?action=getChats&lastID=78 HTTP/1.1" 200 440 "http://192.168.5.1/chat/ajax-chat.html" "Mozilla/5.0 (iPad; CPU OS 5_1_1 like Mac OS X) AppleWebKit/534.46 (KHTML, like Gecko) CriOS/28.0.1500.16 Mobile/9B206 Safari/7534.48.3"
192.168.5.148 - - [02/Apr/2014:12:18:56 +0100] "GET /generate_204 HTTP/1.1" 200 2005 "-" "Dalvik/1.6.0 (Linux; U; Android 4.1.2; SHV-E210L Build/JZO54K)"
192.168.5.51 - - [02/Apr/2014:12:18:57 +0100] "GET /chat/php/ajax.php?action=getChats&lastID=78 HTTP/1.1" 200 440 "http://192.168.5.1/chat/ajax-chat.html" "Mozilla/5.0 (iPad; CPU OS 5_1_1 like Mac OS X) AppleWebKit/534.46 (KHTML, like Gecko) CriOS/28.0.1500.16 Mobile/9B206 Safari/7534.48.3"
192.168.5.51 - - [02/Apr/2014:12:18:59 +0100] "GET /chat/php/ajax.php?action=getUsers HTTP/1.1" 200 634 "http://192.168.5.1/chat/ajax-chat.html" "Mozilla/5.0 (iPad; CPU OS 5_1_1 like Mac OS X) AppleWebKit/534.46 (KHTML, like Gecko) CriOS/28.0.1500.16 Mobile/9B206 Safari/7534.48.3"
192.168.5.51 - - [02/Apr/2014:12:18:59 +0100] "GET /avatar/fcd759b4816a490133627c7a05e8250a?size=30&default=http%3A%2F%2Fwww.gravatar.com%2Favatar%2Fad516503a11cd5ca435acc9bb6523536%3Fsize%3D30 HTTP/1.1" 404 1292 "http://192.168.5.1/chat/ajax-chat.html" "Mozilla/5.0 (iPad; CPU OS 5_1_1 like Mac OS X) AppleWebKit/534.46 (KHTML, like Gecko) CriOS/28.0.1500.16 Mobile/9B206 Safari/7534.48.3"
192.168.5.51 - - [02/Apr/2014:12:19:02 +0100] "GET /chat/php/ajax.php?action=getChats&lastID=78 HTTP/1.1" 200 439 "http://192.168.5.1/chat/ajax-chat.html" "Mozilla/5.0 (iPad; CPU OS 5_1_1 like Mac OS X) AppleWebKit/534.46 (KHTML, like Gecko) CriOS/28.0.1500.16 Mobile/9B206 Safari/7534.48.3"
192.168.5.148 - - [02/Apr/2014:12:19:03 +0100] "\x16\x03\x01" 501 290 "-" "-"
192.168.5.51 - - [02/Apr/2014:12:19:08 +0100] "GET /chat/php/ajax.php?action=getChats&lastID=78 HTTP/1.1" 200 440 "http://192.168.5.1/chat/ajax-chat.html" "Mozilla/5.0 (iPad; CPU OS 5_1_1 like Mac OS X) AppleWebKit/534.46 (KHTML, like Gecko) CriOS/28.0.1500.16 Mobile/9B206 Safari/7534.48.3"
192.168.5.237 - - [02/Apr/2014:12:19:08 +0100] "GET /ncsi.txt HTTP/1.1" 404 2036 "-" "Microsoft NCSI"
192.168.5.51 - - [02/Apr/2014:12:19:13 +0100] "GET /chat/php/ajax.php?action=getChats&lastID=78 HTTP/1.1" 200 440 "http://192.168.5.1/chat/ajax-chat.html" "Mozilla/5.0 (iPad; CPU OS 5_1_1 like Mac OS X) AppleWebKit/534.46 (KHTML, like Gecko) CriOS/28.0.1500.16 Mobile/9B206 Safari/7534.48.3"
192.168.5.24 - - [02/Apr/2014:12:19:13 +0100] "GET /generate_204 HTTP/1.1" 200 2005 "-" "Dalvik/1.4.0 (Linux; U; Android 2.3.6; HUAWEI Y210-0151 Build/HuaweiY210-0151)"
192.168.5.51 - - [02/Apr/2014:12:19:14 +0100] "GET /chat/php/ajax.php?action=getUsers HTTP/1.1" 200 634 "http://192.168.5.1/chat/ajax-chat.html" "Mozilla/5.0 (iPad; CPU OS 5_1_1 like Mac OS X) AppleWebKit/534.46 (KHTML, like Gecko) CriOS/28.0.1500.16 Mobile/9B206 Safari/7534.48.3"
192.168.5.51 - - [02/Apr/2014:12:19:14 +0100] "GET /avatar/fcd759b4816a490133627c7a05e8250a?size=30&default=http%3A%2F%2Fwww.gravatar.com%2Favatar%2Fad516503a11cd5ca435acc9bb6523536%3Fsize%3D30 HTTP/1.1" 404 1292 "http://192.168.5.1/chat/ajax-chat.html" "Mozilla/5.0 (iPad; CPU OS 5_1_1 like Mac OS X) AppleWebKit/534.46 (KHTML, like Gecko) CriOS/28.0.1500.16 Mobile/9B206 Safari/7534.48.3"
192.168.5.51 - - [02/Apr/2014:12:19:18 +0100] "GET /chat/php/ajax.php?action=getChats&lastID=78 HTTP/1.1" 200 439 "http://192.168.5.1/chat/ajax-chat.html" "Mozilla/5.0 (iPad; CPU OS 5_1_1 like Mac OS X) AppleWebKit/534.46 (KHTML, like Gecko) CriOS/28.0.1500.16 Mobile/9B206 Safari/7534.48.3"
192.168.5.173 - - [02/Apr/2014:12:19:20 +0100] "GET /generate_204 HTTP/1.1" 200 2005 "-" "Dalvik/1.6.0 (Linux; U; Android 4.1.2; GT-S6310L Build/JZO54K)"
192.168.5.173 - - [02/Apr/2014:12:19:23 +0100] "GET /generate_204 HTTP/1.1" 200 2005 "-" "Dalvik/1.6.0 (Linux; U; Android 4.1.2; GT-S6310L Build/JZO54K)"
192.168.5.51 - - [02/Apr/2014:12:19:23 +0100] "GET /chat/php/ajax.php?action=getChats&lastID=78 HTTP/1.1" 200 440 "http://192.168.5.1/chat/ajax-chat.html" "Mozilla/5.0 (iPad; CPU OS 5_1_1 like Mac OS X) AppleWebKit/534.46 (KHTML, like Gecko) CriOS/28.0.1500.16 Mobile/9B206 Safari/7534.48.3"
192.168.5.173 - - [02/Apr/2014:12:19:23 +0100] "GET /generate_204 HTTP/1.1" 200 2005 "-" "Dalvik/1.6.0 (Linux; U; Android 4.1.2; GT-S6310L Build/JZO54K)"
192.168.5.173 - - [02/Apr/2014:12:19:24 +0100] "GET /generate_204 HTTP/1.1" 200 2005 "-" "Dalvik/1.6.0 (Linux; U; Android 4.1.2; GT-S6310L Build/JZO54K)"
192.168.5.51 - - [02/Apr/2014:12:19:30 +0100] "GET /chat/php/ajax.php?action=getUsers HTTP/1.1" 200 635 "http://192.168.5.1/chat/ajax-chat.html" "Mozilla/5.0 (iPad; CPU OS 5_1_1 like Mac OS X) AppleWebKit/534.46 (KHTML, like Gecko) CriOS/28.0.1500.16 Mobile/9B206 Safari/7534.48.3"
192.168.5.51 - - [02/Apr/2014:12:19:30 +0100] "GET /avatar/fcd759b4816a490133627c7a05e8250a?size=30&default=http%3A%2F%2Fwww.gravatar.com%2Favatar%2Fad516503a11cd5ca435acc9bb6523536%3Fsize%3D30 HTTP/1.1" 404 1292 "http://192.168.5.1/chat/ajax-chat.html" "Mozilla/5.0 (iPad; CPU OS 5_1_1 like Mac OS X) AppleWebKit/534.46 (KHTML, like Gecko) CriOS/28.0.1500.16 Mobile/9B206 Safari/7534.48.3"
192.168.5.237 - - [02/Apr/2014:12:19:36 +0100] "GET /ncsi.txt HTTP/1.1" 404 2036 "-" "Microsoft NCSI"
192.168.5.51 - - [02/Apr/2014:12:19:38 +0100] "GET /chat/php/ajax.php?action=getChats&lastID=78 HTTP/1.1" 200 440 "http://192.168.5.1/chat/ajax-chat.html" "Mozilla/5.0 (iPad; CPU OS 5_1_1 like Mac OS X) AppleWebKit/534.46 (KHTML, like Gecko) CriOS/28.0.1500.16 Mobile/9B206 Safari/7534.48.3"
192.168.5.24 - - [02/Apr/2014:12:19:43 +0100] "GET /generate_204 HTTP/1.1" 200 2005 "-" "Dalvik/1.4.0 (Linux; U; Android 2.3.6; HUAWEI Y210-0151 Build/HuaweiY210-0151)"
192.168.5.24 - - [02/Apr/2014:12:19:43 +0100] "GET /generate_204 HTTP/1.1" 200 2005 "-" "Dalvik/1.4.0 (Linux; U; Android 2.3.6; HUAWEI Y210-0151 Build/HuaweiY210-0151)"
192.168.5.51 - - [02/Apr/2014:12:19:45 +0100] "GET /chat/php/ajax.php?action=getUsers HTTP/1.1" 200 635 "http://192.168.5.1/chat/ajax-chat.html" "Mozilla/5.0 (iPad; CPU OS 5_1_1 like Mac OS X) AppleWebKit/534.46 (KHTML, like Gecko) CriOS/28.0.1500.16 Mobile/9B206 Safari/7534.48.3"
192.168.5.51 - - [02/Apr/2014:12:19:45 +0100] "GET /avatar/fcd759b4816a490133627c7a05e8250a?size=30&default=http%3A%2F%2Fwww.gravatar.com%2Favatar%2Fad516503a11cd5ca435acc9bb6523536%3Fsize%3D30 HTTP/1.1" 404 1292 "http://192.168.5.1/chat/ajax-chat.html" "Mozilla/5.0 (iPad; CPU OS 5_1_1 like Mac OS X) AppleWebKit/534.46 (KHTML, like Gecko) CriOS/28.0.1500.16 Mobile/9B206 Safari/7534.48.3"
192.168.5.51 - - [02/Apr/2014:12:19:53 +0100] "GET /chat/php/ajax.php?action=getChats&lastID=78 HTTP/1.1" 200 440 "http://192.168.5.1/chat/ajax-chat.html" "Mozilla/5.0 (iPad; CPU OS 5_1_1 like Mac OS X) AppleWebKit/534.46 (KHTML, like Gecko) CriOS/28.0.1500.16 Mobile/9B206 Safari/7534.48.3"
192.168.5.51 - - [02/Apr/2014:12:20:00 +0100] "GET /chat/php/ajax.php?action=getUsers HTTP/1.1" 200 635 "http://192.168.5.1/chat/ajax-chat.html" "Mozilla/5.0 (iPad; CPU OS 5_1_1 like Mac OS X) AppleWebKit/534.46 (KHTML, like Gecko) CriOS/28.0.1500.16 Mobile/9B206 Safari/7534.48.3"
192.168.5.51 - - [02/Apr/2014:12:20:00 +0100] "GET /avatar/fcd759b4816a490133627c7a05e8250a?size=30&default=http%3A%2F%2Fwww.gravatar.com%2Favatar%2Fad516503a11cd5ca435acc9bb6523536%3Fsize%3D30 HTTP/1.1" 404 1292 "http://192.168.5.1/chat/ajax-chat.html" "Mozilla/5.0 (iPad; CPU OS 5_1_1 like Mac OS X) AppleWebKit/534.46 (KHTML, like Gecko) CriOS/28.0.1500.16 Mobile/9B206 Safari/7534.48.3"
192.168.5.51 - - [02/Apr/2014:12:20:09 +0100] "GET /chat/php/ajax.php?action=getChats&lastID=78 HTTP/1.1" 200 440 "http://192.168.5.1/chat/ajax-chat.html" "Mozilla/5.0 (iPad; CPU OS 5_1_1 like Mac OS X) AppleWebKit/534.46 (KHTML, like Gecko) CriOS/28.0.1500.16 Mobile/9B206 Safari/7534.48.3"
192.168.5.51 - - [02/Apr/2014:12:20:15 +0100] "GET /chat/php/ajax.php?action=getUsers HTTP/1.1" 200 635 "http://192.168.5.1/chat/ajax-chat.html" "Mozilla/5.0 (iPad; CPU OS 5_1_1 like Mac OS X) AppleWebKit/534.46 (KHTML, like Gecko) CriOS/28.0.1500.16 Mobile/9B206 Safari/7534.48.3"
192.168.5.51 - - [02/Apr/2014:12:20:16 +0100] "GET /avatar/fcd759b4816a490133627c7a05e8250a?size=30&default=http%3A%2F%2Fwww.gravatar.com%2Favatar%2Fad516503a11cd5ca435acc9bb6523536%3Fsize%3D30 HTTP/1.1" 404 1292 "http://192.168.5.1/chat/ajax-chat.html" "Mozilla/5.0 (iPad; CPU OS 5_1_1 like Mac OS X) AppleWebKit/534.46 (KHTML, like Gecko) CriOS/28.0.1500.16 Mobile/9B206 Safari/7534.48.3"
192.168.5.51 - - [02/Apr/2014:12:20:24 +0100] "GET /chat/php/ajax.php?action=getChats&lastID=78 HTTP/1.1" 200 440 "http://192.168.5.1/chat/ajax-chat.html" "Mozilla/5.0 (iPad; CPU OS 5_1_1 like Mac OS X) AppleWebKit/534.46 (KHTML, like Gecko) CriOS/28.0.1500.16 Mobile/9B206 Safari/7534.48.3"
192.168.5.51 - - [02/Apr/2014:12:20:31 +0100] "GET /chat/php/ajax.php?action=getUsers HTTP/1.1" 200 634 "http://192.168.5.1/chat/ajax-chat.html" "Mozilla/5.0 (iPad; CPU OS 5_1_1 like Mac OS X) AppleWebKit/534.46 (KHTML, like Gecko) CriOS/28.0.1500.16 Mobile/9B206 Safari/7534.48.3"
192.168.5.51 - - [02/Apr/2014:12:20:31 +0100] "GET /avatar/fcd759b4816a490133627c7a05e8250a?size=30&default=http%3A%2F%2Fwww.gravatar.com%2Favatar%2Fad516503a11cd5ca435acc9bb6523536%3Fsize%3D30 HTTP/1.1" 404 1292 "http://192.168.5.1/chat/ajax-chat.html" "Mozilla/5.0 (iPad; CPU OS 5_1_1 like Mac OS X) AppleWebKit/534.46 (KHTML, like Gecko) CriOS/28.0.1500.16 Mobile/9B206 Safari/7534.48.3"
192.168.5.51 - - [02/Apr/2014:12:20:39 +0100] "GET /chat/php/ajax.php?action=getChats&lastID=78 HTTP/1.1" 200 440 "http://192.168.5.1/chat/ajax-chat.html" "Mozilla/5.0 (iPad; CPU OS 5_1_1 like Mac OS X) AppleWebKit/534.46 (KHTML, like Gecko) CriOS/28.0.1500.16 Mobile/9B206 Safari/7534.48.3"
192.168.5.173 - - [02/Apr/2014:12:20:41 +0100] "GET /generate_204 HTTP/1.1" 200 2005 "-" "Dalvik/1.6.0 (Linux; U; Android 4.1.2; GT-S6310L Build/JZO54K)"
192.168.5.24 - - [02/Apr/2014:12:20:43 +0100] "GET /generate_204 HTTP/1.1" 200 2005 "-" "Dalvik/1.4.0 (Linux; U; Android 2.3.6; HUAWEI Y210-0151 Build/HuaweiY210-0151)"
192.168.5.51 - - [02/Apr/2014:12:20:46 +0100] "GET /chat/php/ajax.php?action=getUsers HTTP/1.1" 200 635 "http://192.168.5.1/chat/ajax-chat.html" "Mozilla/5.0 (iPad; CPU OS 5_1_1 like Mac OS X) AppleWebKit/534.46 (KHTML, like Gecko) CriOS/28.0.1500.16 Mobile/9B206 Safari/7534.48.3"
192.168.5.51 - - [02/Apr/2014:12:20:46 +0100] "GET /avatar/fcd759b4816a490133627c7a05e8250a?size=30&default=http%3A%2F%2Fwww.gravatar.com%2Favatar%2Fad516503a11cd5ca435acc9bb6523536%3Fsize%3D30 HTTP/1.1" 404 1292 "http://192.168.5.1/chat/ajax-chat.html" "Mozilla/5.0 (iPad; CPU OS 5_1_1 like Mac OS X) AppleWebKit/534.46 (KHTML, like Gecko) CriOS/28.0.1500.16 Mobile/9B206 Safari/7534.48.3"
192.168.5.51 - - [02/Apr/2014:12:20:54 +0100] "GET /chat/php/ajax.php?action=getChats&lastID=78 HTTP/1.1" 200 440 "http://192.168.5.1/chat/ajax-chat.html" "Mozilla/5.0 (iPad; CPU OS 5_1_1 like Mac OS X) AppleWebKit/534.46 (KHTML, like Gecko) CriOS/28.0.1500.16 Mobile/9B206 Safari/7534.48.3"
192.168.5.51 - - [02/Apr/2014:12:21:01 +0100] "GET /chat/php/ajax.php?action=getUsers HTTP/1.1" 200 634 "http://192.168.5.1/chat/ajax-chat.html" "Mozilla/5.0 (iPad; CPU OS 5_1_1 like Mac OS X) AppleWebKit/534.46 (KHTML, like Gecko) CriOS/28.0.1500.16 Mobile/9B206 Safari/7534.48.3"
192.168.5.51 - - [02/Apr/2014:12:21:01 +0100] "GET /avatar/fcd759b4816a490133627c7a05e8250a?size=30&default=http%3A%2F%2Fwww.gravatar.com%2Favatar%2Fad516503a11cd5ca435acc9bb6523536%3Fsize%3D30 HTTP/1.1" 404 1292 "http://192.168.5.1/chat/ajax-chat.html" "Mozilla/5.0 (iPad; CPU OS 5_1_1 like Mac OS X) AppleWebKit/534.46 (KHTML, like Gecko) CriOS/28.0.1500.16 Mobile/9B206 Safari/7534.48.3"
192.168.5.51 - - [02/Apr/2014:12:21:09 +0100] "GET /chat/php/ajax.php?action=getChats&lastID=78 HTTP/1.1" 200 440 "http://192.168.5.1/chat/ajax-chat.html" "Mozilla/5.0 (iPad; CPU OS 5_1_1 like Mac OS X) AppleWebKit/534.46 (KHTML, like Gecko) CriOS/28.0.1500.16 Mobile/9B206 Safari/7534.48.3"
192.168.5.173 - - [02/Apr/2014:12:21:10 +0100] "GET /sdk-core-v40.js HTTP/1.1" 404 1292 "http://media.admob.com/" "Mozilla/5.0 (Linux; U; Android 4.1.2; es-us; GT-S6310L Build/JZO54K) AppleWebKit/534.30 (KHTML, like Gecko) Version/4.0 Mobile Safari/534.30 (Mobile; afma-sdk-a-v6.4.1)"
192.168.5.51 - - [02/Apr/2014:12:21:16 +0100] "GET /chat/php/ajax.php?action=getUsers HTTP/1.1" 200 635 "http://192.168.5.1/chat/ajax-chat.html" "Mozilla/5.0 (iPad; CPU OS 5_1_1 like Mac OS X) AppleWebKit/534.46 (KHTML, like Gecko) CriOS/28.0.1500.16 Mobile/9B206 Safari/7534.48.3"
192.168.5.51 - - [02/Apr/2014:12:21:16 +0100] "GET /avatar/fcd759b4816a490133627c7a05e8250a?size=30&default=http%3A%2F%2Fwww.gravatar.com%2Favatar%2Fad516503a11cd5ca435acc9bb6523536%3Fsize%3D30 HTTP/1.1" 404 1292 "http://192.168.5.1/chat/ajax-chat.html" "Mozilla/5.0 (iPad; CPU OS 5_1_1 like Mac OS X) AppleWebKit/534.46 (KHTML, like Gecko) CriOS/28.0.1500.16 Mobile/9B206 Safari/7534.48.3"
192.168.5.52 - - [02/Apr/2014:12:21:17 +0100] "GET /kindle-wifi/wifistub.html HTTP/1.1" 404 1292 "-" "Dalvik/1.4.0 (Linux; U; Android 2.3.4; Kindle Fire Build/GINGERBREAD)"
192.168.5.52 - - [02/Apr/2014:12:21:17 +0100] "GET /kindle-wifi/wifistub.html HTTP/1.1" 404 1292 "-" "Dalvik/1.4.0 (Linux; U; Android 2.3.4; Kindle Fire Build/GINGERBREAD)"
192.168.5.52 - - [02/Apr/2014:12:21:21 +0100] "GET / HTTP/1.1" 200 1215 "-" "Mozilla/5.0 (Linux; U; Android 2.3.4; en-us; Kindle Fire Build/GINGERBREAD) AppleWebKit/533.1 (KHTML, like Gecko) Version/4.0 Mobile Safari/533.1"
192.168.5.52 - - [02/Apr/2014:12:21:23 +0100] "GET /chat/ajax-chat.html HTTP/1.1" 200 768 "-" "Mozilla/5.0 (Linux; U; Android 2.3.4; en-us; Kindle Fire Build/GINGERBREAD) AppleWebKit/533.1 (KHTML, like Gecko) Version/4.0 Mobile Safari/533.1"
192.168.5.52 - - [02/Apr/2014:12:21:23 +0100] "GET /chat/js/jScrollPane/jScrollPane.css HTTP/1.1" 200 856 "http://192.168.5.1/chat/ajax-chat.html" "Mozilla/5.0 (Linux; U; Android 2.3.4; en-us; Kindle Fire Build/GINGERBREAD) AppleWebKit/533.1 (KHTML, like Gecko) Version/4.0 Mobile Safari/533.1"
192.168.5.52 - - [02/Apr/2014:12:21:23 +0100] "GET /chat/css/page.css HTTP/1.1" 200 782 "http://192.168.5.1/chat/ajax-chat.html" "Mozilla/5.0 (Linux; U; Android 2.3.4; en-us; Kindle Fire Build/GINGERBREAD) AppleWebKit/533.1 (KHTML, like Gecko) Version/4.0 Mobile Safari/533.1"
192.168.5.52 - - [02/Apr/2014:12:21:23 +0100] "GET /chat/css/chat.css HTTP/1.1" 200 1653 "http://192.168.5.1/chat/ajax-chat.html" "Mozilla/5.0 (Linux; U; Android 2.3.4; en-us; Kindle Fire Build/GINGERBREAD) AppleWebKit/533.1 (KHTML, like Gecko) Version/4.0 Mobile Safari/533.1"
