192.168.5.158 - - [02/Apr/2014:12:11:54 +0100] "GET /chat/php/ajax.php?action=getUsers HTTP/1.1" 200 690 "http://192.168.5.1/chat/ajax-chat.html" "Mozilla/5.0 (Linux; Android 4.2.2; GT-I9190 Build/JDQ39) AppleWebKit/537.36 (KHTML, like Gecko) Chrome/33.0.1750.170 Mobile Safari/537.36"
192.168.5.158 - - [02/Apr/2014:12:11:54 +0100] "GET /chat/img/input_bg.jpg HTTP/1.1" 200 625 "http://192.168.5.1/chat/ajax-chat.html" "Mozilla/5.0 (Linux; Android 4.2.2; GT-I9190 Build/JDQ39) AppleWebKit/537.36 (KHTML, like Gecko) Chrome/33.0.1750.170 Mobile Safari/537.36"
192.168.5.158 - - [02/Apr/2014:12:11:55 +0100] "GET / HTTP/1.1" 304 210 "-" "Mozilla/5.0 (Linux; Android 4.2.2; GT-I9190 Build/JDQ39) AppleWebKit/537.36 (KHTML, like Gecko) Chrome/33.0.1750.170 Mobile Safari/537.36"
192.168.5.158 - - [02/Apr/2014:12:11:55 +0100] "GET /avatar/ad516503a11cd5ca435acc9bb6523536?size=30 HTTP/1.1" 404 1292 "http://192.168.5.1/chat/ajax-chat.html" "Mozilla/5.0 (Linux; Android 4.2.2; GT-I9190 Build/JDQ39) AppleWebKit/537.36 (KHTML, like Gecko) Chrome/33.0.1750.170 Mobile Safari/537.36"
192.168.5.158 - - [02/Apr/2014:12:11:55 +0100] "GET /avatar/fcd759b4816a490133627c7a05e8250a?size=30&default=http%3A%2F%2Fwww.gravatar.com%2Favatar%2Fad516503a11cd5ca435acc9bb6523536%3Fsize%3D30 HTTP/1.1" 404 1292 "http://192.168.5.1/chat/ajax-chat.html" "Mozilla/5.0 (Linux; Android 4.2.2; GT-I9190 Build/JDQ39) AppleWebKit/537.36 (KHTML, like Gecko) Chrome/33.0.1750.170 Mobile Safari/537.36"
192.168.5.158 - - [02/Apr/2014:12:11:55 +0100] "GET /chat/php/ajax.php?action=getChats&lastID=0 HTTP/1.1" 200 740 "http://192.168.5.1/chat/ajax-chat.html" "Mozilla/5.0 (Linux; Android 4.2.2; GT-I9190 Build/JDQ39) AppleWebKit/537.36 (KHTML, like Gecko) Chrome/33.0.1750.170 Mobile Safari/537.36"
192.168.5.51 - - [02/Apr/2014:12:11:55 +0100] "GET /chat/php/ajax.php?action=getUsers HTTP/1.1" 200 634 "http://192.168.5.1/chat/ajax-chat.html" "Mozilla/5.0 (iPad; CPU OS 5_1_1 like Mac OS X) AppleWebKit/534.46 (KHTML, like Gecko) CriOS/28.0.1500.16 Mobile/9B206 Safari/7534.48.3"
192.168.5.51 - - [02/Apr/2014:12:11:55 +0100] "GET /avatar/fcd759b4816a490133627c7a05e8250a?size=30&default=http%3A%2F%2Fwww.gravatar.com%2Favatar%2Fad516503a11cd5ca435acc9bb6523536%3Fsize%3D30 HTTP/1.1" 404 1292 "http://192.168.5.1/chat/ajax-chat.html" "Mozilla/5.0 (iPad; CPU OS 5_1_1 like Mac OS X) AppleWebKit/534.46 (KHTML, like Gecko) CriOS/28.0.1500.16 Mobile/9B206 Safari/7534.48.3"
192.168.5.158 - - [02/Apr/2014:12:11:55 +0100] "GET /avatar/fcd759b4816a490133627c7a05e8250a?size=23&default=http%3A%2F%2Fwww.gravatar.com%2Favatar%2Fad516503a11cd5ca435acc9bb6523536%3Fsize%3D23 HTTP/1.1" 404 1291 "http://192.168.5.1/chat/ajax-chat.html" "Mozilla/5.0 (Linux; Android 4.2.2; GT-I9190 Build/JDQ39) AppleWebKit/537.36 (KHTML, like Gecko) Chrome/33.0.1750.170 Mobile Safari/537.36"
192.168.5.158 - - [02/Apr/2014:12:11:55 +0100] "GET /chat/img/chat_line_bg.jpg HTTP/1.1" 200 632 "http://192.168.5.1/chat/ajax-chat.html" "Mozilla/5.0 (Linux; Android 4.2.2; GT-I9190 Build/JDQ39) AppleWebKit/537.36 (KHTML, like Gecko) Chrome/33.0.1750.170 Mobile Safari/537.36"
192.168.5.158 - - [02/Apr/2014:12:11:55 +0100] "GET /avatar/ad516503a11cd5ca435acc9bb6523536?size=23 HTTP/1.1" 404 1291 "http://192.168.5.1/chat/ajax-chat.html" "Mozilla/5.0 (Linux; Android 4.2.2; GT-I9190 Build/JDQ39) AppleWebKit/537.36 (KHTML, like Gecko) Chrome/33.0.1750.170 Mobile Safari/537.36"
192.168.5.158 - - [02/Apr/2014:12:11:56 +0100] "GET /favicon.ico HTTP/1.1" 404 1291 "-" "Mozilla/5.0 (Linux; Android 4.2.2; GT-I9190 Build/JDQ39) AppleWebKit/537.36 (KHTML, like Gecko) Chrome/33.0.1750.170 Mobile Safari/537.36"
192.168.5.148 - - [02/Apr/2014:12:11:57 +0100] "GET /chat/php/ajax.php?action=getChats&lastID=75 HTTP/1.1" 200 440 "http://192.168.5.1/chat/ajax-chat.html" "Mozilla/5.0 (Linux; Android 4.1.2; SHV-E210L Build/JZO54K) AppleWebKit/537.36 (KHTML, like Gecko) Chrome/33.0.1750.170 Mobile Safari/537.36"
192.168.5.51 - - [02/Apr/2014:12:11:58 +0100] "GET /chat/php/ajax.php?action=getChats&lastID=75 HTTP/1.1" 200 439 "http://192.168.5.1/chat/ajax-chat.html" "Mozilla/5.0 (iPad; CPU OS 5_1_1 like Mac OS X) AppleWebKit/534.46 (KHTML, like Gecko) CriOS/28.0.1500.16 Mobile/9B206 Safari/7534.48.3"
192.168.5.237 - - [02/Apr/2014:12:11:58 +0100] "GET /pki/mscorp/crl/mswww(6).crl HTTP/1.1" 404 2073 "-" "Microsoft-CryptoAPI/6.2"
192.168.5.158 - - [02/Apr/2014:12:11:59 +0100] "\x16\x03\x01" 501 290 "-" "-"
192.168.5.158 - - [02/Apr/2014:12:12:00 +0100] "GET / HTTP/1.1" 200 1271 "-" "Mozilla/5.0 (Linux; Android 4.2.2; GT-I9190 Build/JDQ39) AppleWebKit/537.36 (KHTML, like Gecko) Chrome/33.0.1750.170 Mobile Safari/537.36"
::1 - - [02/Apr/2014:12:12:02 +0100] "OPTIONS * HTTP/1.0" 200 126 "-" "Apache/2.2.22 (Debian) (internal dummy connection)"
192.168.5.148 - - [02/Apr/2014:12:12:03 +0100] "GET /chat/php/ajax.php?action=getChats&lastID=75 HTTP/1.1" 200 440 "http://192.168.5.1/chat/ajax-chat.html" "Mozilla/5.0 (Linux; Android 4.1.2; SHV-E210L Build/JZO54K) AppleWebKit/537.36 (KHTML, like Gecko) Chrome/33.0.1750.170 Mobile Safari/537.36"
192.168.5.51 - - [02/Apr/2014:12:12:03 +0100] "GET /chat/php/ajax.php?action=getChats&lastID=75 HTTP/1.1" 200 440 "http://192.168.5.1/chat/ajax-chat.html" "Mozilla/5.0 (iPad; CPU OS 5_1_1 like Mac OS X) AppleWebKit/534.46 (KHTML, like Gecko) CriOS/28.0.1500.16 Mobile/9B206 Safari/7534.48.3"
::1 - - [02/Apr/2014:12:12:03 +0100] "OPTIONS * HTTP/1.0" 200 126 "-" "Apache/2.2.22 (Debian) (internal dummy connection)"
::1 - - [02/Apr/2014:12:12:04 +0100] "OPTIONS * HTTP/1.0" 200 126 "-" "Apache/2.2.22 (Debian) (internal dummy connection)"
192.168.5.148 - - [02/Apr/2014:12:12:05 +0100] "GET /chat/php/ajax.php?action=getUsers HTTP/1.1" 200 634 "http://192.168.5.1/chat/ajax-chat.html" "Mozilla/5.0 (Linux; Android 4.1.2; SHV-E210L Build/JZO54K) AppleWebKit/537.36 (KHTML, like Gecko) Chrome/33.0.1750.170 Mobile Safari/537.36"
192.168.5.148 - - [02/Apr/2014:12:12:05 +0100] "GET /avatar/fcd759b4816a490133627c7a05e8250a?size=30&default=http%3A%2F%2Fwww.gravatar.com%2Favatar%2Fad516503a11cd5ca435acc9bb6523536%3Fsize%3D30 HTTP/1.1" 404 1292 "http://192.168.5.1/chat/ajax-chat.html" "Mozilla/5.0 (Linux; Android 4.1.2; SHV-E210L Build/JZO54K) AppleWebKit/537.36 (KHTML, like Gecko) Chrome/33.0.1750.170 Mobile Safari/537.36"
::1 - - [02/Apr/2014:12:12:05 +0100] "OPTIONS * HTTP/1.0" 200 126 "-" "Apache/2.2.22 (Debian) (internal dummy connection)"
::1 - - [02/Apr/2014:12:12:06 +0100] "OPTIONS * HTTP/1.0" 200 126 "-" "Apache/2.2.22 (Debian) (internal dummy connection)"
192.168.5.237 - - [02/Apr/2014:12:12:07 +0100] "GET /ncsi.txt HTTP/1.1" 404 2036 "-" "Microsoft NCSI"
::1 - - [02/Apr/2014:12:12:07 +0100] "OPTIONS * HTTP/1.0" 200 126 "-" "Apache/2.2.22 (Debian) (internal dummy connection)"
192.168.5.51 - - [02/Apr/2014:12:12:08 +0100] "GET /chat/php/ajax.php?action=getChats&lastID=75 HTTP/1.1" 200 440 "http://192.168.5.1/chat/ajax-chat.html" "Mozilla/5.0 (iPad; CPU OS 5_1_1 like Mac OS X) AppleWebKit/534.46 (KHTML, like Gecko) CriOS/28.0.1500.16 Mobile/9B206 Safari/7534.48.3"
192.168.5.148 - - [02/Apr/2014:12:12:09 +0100] "GET /chat/php/ajax.php?action=getChats&lastID=75 HTTP/1.1" 200 439 "http://192.168.5.1/chat/ajax-chat.html" "Mozilla/5.0 (Linux; Android 4.1.2; SHV-E210L Build/JZO54K) AppleWebKit/537.36 (KHTML, like Gecko) Chrome/33.0.1750.170 Mobile Safari/537.36"
192.168.5.148 - - [02/Apr/2014:12:12:09 +0100] "\x16\x03\x01" 501 290 "-" "-"
192.168.5.51 - - [02/Apr/2014:12:12:09 +0100] "GET /service/update2/crx?os=mac&arch=arm&nacl_arch=arm&prod=chrome&prodchannel=stable&prodversion=28.0.1500.16&x=id%3Dhfnkpimlhhgieaddgfemjhofmfblmnib%26v%3D1553%26uc HTTP/1.1" 404 1292 "-" "Mozilla/5.0 (iPad; CPU OS 5_1_1 like Mac OS X) AppleWebKit/534.46 (KHTML, like Gecko) CriOS/28.0.1500.16 Mobile/9B206 Safari/7534.48.3"
192.168.5.51 - - [02/Apr/2014:12:12:10 +0100] "GET /chat/php/ajax.php?action=getUsers HTTP/1.1" 200 633 "http://192.168.5.1/chat/ajax-chat.html" "Mozilla/5.0 (iPad; CPU OS 5_1_1 like Mac OS X) AppleWebKit/534.46 (KHTML, like Gecko) CriOS/28.0.1500.16 Mobile/9B206 Safari/7534.48.3"
192.168.5.51 - - [02/Apr/2014:12:12:10 +0100] "GET /avatar/fcd759b4816a490133627c7a05e8250a?size=30&default=http%3A%2F%2Fwww.gravatar.com%2Favatar%2Fad516503a11cd5ca435acc9bb6523536%3Fsize%3D30 HTTP/1.1" 404 1292 "http://192.168.5.1/chat/ajax-chat.html" "Mozilla/5.0 (iPad; CPU OS 5_1_1 like Mac OS X) AppleWebKit/534.46 (KHTML, like Gecko) CriOS/28.0.1500.16 Mobile/9B206 Safari/7534.48.3"
192.168.5.173 - - [02/Apr/2014:12:12:13 +0100] "-" 408 0 "-" "-"
192.168.5.51 - - [02/Apr/2014:12:12:13 +0100] "GET /chat/php/ajax.php?action=getChats&lastID=75 HTTP/1.1" 200 439 "http://192.168.5.1/chat/ajax-chat.html" "Mozilla/5.0 (iPad; CPU OS 5_1_1 like Mac OS X) AppleWebKit/534.46 (KHTML, like Gecko) CriOS/28.0.1500.16 Mobile/9B206 Safari/7534.48.3"
192.168.5.148 - - [02/Apr/2014:12:12:15 +0100] "GET /chat/php/ajax.php?action=getChats&lastID=75 HTTP/1.1" 200 440 "http://192.168.5.1/chat/ajax-chat.html" "Mozilla/5.0 (Linux; Android 4.1.2; SHV-E210L Build/JZO54K) AppleWebKit/537.36 (KHTML, like Gecko) Chrome/33.0.1750.170 Mobile Safari/537.36"
192.168.5.158 - - [02/Apr/2014:12:12:16 +0100] "-" 408 0 "-" "-"
::1 - - [02/Apr/2014:12:12:16 +0100] "OPTIONS * HTTP/1.0" 200 126 "-" "Apache/2.2.22 (Debian) (internal dummy connection)"
::1 - - [02/Apr/2014:12:12:17 +0100] "OPTIONS * HTTP/1.0" 200 126 "-" "Apache/2.2.22 (Debian) (internal dummy connection)"
192.168.5.51 - - [02/Apr/2014:12:12:18 +0100] "GET /chat/php/ajax.php?action=getChats&lastID=75 HTTP/1.1" 200 440 "http://192.168.5.1/chat/ajax-chat.html" "Mozilla/5.0 (iPad; CPU OS 5_1_1 like Mac OS X) AppleWebKit/534.46 (KHTML, like Gecko) CriOS/28.0.1500.16 Mobile/9B206 Safari/7534.48.3"
192.168.5.180 - - [02/Apr/2014:12:12:18 +0100] "GET /select/wifiloginsuccess/ HTTP/1.1" 404 2036 "-" "BlackBerry9320/7.1.0.634 Profile/MIDP-2.1 Configuration/CLDC-1.1 VendorID/382"
192.168.5.158 - - [02/Apr/2014:12:12:20 +0100] "\x16\x03\x01" 501 290 "-" "-"
::1 - - [02/Apr/2014:12:12:20 +0100] "OPTIONS * HTTP/1.0" 200 126 "-" "Apache/2.2.22 (Debian) (internal dummy connection)"
192.168.5.148 - - [02/Apr/2014:12:12:21 +0100] "GET /chat/php/ajax.php?action=getUsers HTTP/1.1" 200 634 "http://192.168.5.1/chat/ajax-chat.html" "Mozilla/5.0 (Linux; Android 4.1.2; SHV-E210L Build/JZO54K) AppleWebKit/537.36 (KHTML, like Gecko) Chrome/33.0.1750.170 Mobile Safari/537.36"
192.168.5.148 - - [02/Apr/2014:12:12:21 +0100] "GET /chat/php/ajax.php?action=getChats&lastID=75 HTTP/1.1" 200 440 "http://192.168.5.1/chat/ajax-chat.html" "Mozilla/5.0 (Linux; Android 4.1.2; SHV-E210L Build/JZO54K) AppleWebKit/537.36 (KHTML, like Gecko) Chrome/33.0.1750.170 Mobile Safari/537.36"
192.168.5.148 - - [02/Apr/2014:12:12:21 +0100] "GET /avatar/fcd759b4816a490133627c7a05e8250a?size=30&default=http%3A%2F%2Fwww.gravatar.com%2Favatar%2Fad516503a11cd5ca435acc9bb6523536%3Fsize%3D30 HTTP/1.1" 404 1292 "http://192.168.5.1/chat/ajax-chat.html" "Mozilla/5.0 (Linux; Android 4.1.2; SHV-E210L Build/JZO54K) AppleWebKit/537.36 (KHTML, like Gecko) Chrome/33.0.1750.170 Mobile Safari/537.36"
192.168.5.51 - - [02/Apr/2014:12:12:24 +0100] "GET /chat/php/ajax.php?action=getChats&lastID=75 HTTP/1.1" 200 440 "http://192.168.5.1/chat/ajax-chat.html" "Mozilla/5.0 (iPad; CPU OS 5_1_1 like Mac OS X) AppleWebKit/534.46 (KHTML, like Gecko) CriOS/28.0.1500.16 Mobile/9B206 Safari/7534.48.3"
192.168.5.51 - - [02/Apr/2014:12:12:25 +0100] "GET /chat/php/ajax.php?action=getUsers HTTP/1.1" 200 633 "http://192.168.5.1/chat/ajax-chat.html" "Mozilla/5.0 (iPad; CPU OS 5_1_1 like Mac OS X) AppleWebKit/534.46 (KHTML, like Gecko) CriOS/28.0.1500.16 Mobile/9B206 Safari/7534.48.3"
192.168.5.51 - - [02/Apr/2014:12:12:25 +0100] "GET /avatar/fcd759b4816a490133627c7a05e8250a?size=30&default=http%3A%2F%2Fwww.gravatar.com%2Favatar%2Fad516503a11cd5ca435acc9bb6523536%3Fsize%3D30 HTTP/1.1" 404 1292 "http://192.168.5.1/chat/ajax-chat.html" "Mozilla/5.0 (iPad; CPU OS 5_1_1 like Mac OS X) AppleWebKit/534.46 (KHTML, like Gecko) CriOS/28.0.1500.16 Mobile/9B206 Safari/7534.48.3"
192.168.5.148 - - [02/Apr/2014:12:12:27 +0100] "GET /chat/php/ajax.php?action=getChats&lastID=75 HTTP/1.1" 200 440 "http://192.168.5.1/chat/ajax-chat.html" "Mozilla/5.0 (Linux; Android 4.1.2; SHV-E210L Build/JZO54K) AppleWebKit/537.36 (KHTML, like Gecko) Chrome/33.0.1750.170 Mobile Safari/537.36"
192.168.5.51 - - [02/Apr/2014:12:12:29 +0100] "GET /chat/php/ajax.php?action=getChats&lastID=75 HTTP/1.1" 200 439 "http://192.168.5.1/chat/ajax-chat.html" "Mozilla/5.0 (iPad; CPU OS 5_1_1 like Mac OS X) AppleWebKit/534.46 (KHTML, like Gecko) CriOS/28.0.1500.16 Mobile/9B206 Safari/7534.48.3"
192.168.5.173 - - [02/Apr/2014:12:12:29 +0100] "GET /moretab/topbanner/43/1/android/icon.png HTTP/1.1" 404 1292 "-" "-"
192.168.5.148 - - [02/Apr/2014:12:12:30 +0100] "\x16\x03\x01" 501 290 "-" "-"
192.168.5.173 - - [02/Apr/2014:12:12:30 +0100] "GET /moretab/topbanner/43/1/android/icon.png HTTP/1.1" 404 1291 "-" "-"
192.168.5.173 - - [02/Apr/2014:12:12:34 +0100] "GET /r/talk/r/u678f6d26e46c0cf70e3a7b54081bbca8-1396392769573/460 HTTP/1.1" 404 1292 "-" "-"
192.168.5.173 - - [02/Apr/2014:12:12:35 +0100] "GET /moretab/topbanner/43/1/android/icon.png HTTP/1.1" 404 1291 "-" "-"
192.168.5.148 - - [02/Apr/2014:12:12:36 +0100] "GET /chat/php/ajax.php?action=getUsers HTTP/1.1" 200 634 "http://192.168.5.1/chat/ajax-chat.html" "Mozilla/5.0 (Linux; Android 4.1.2; SHV-E210L Build/JZO54K) AppleWebKit/537.36 (KHTML, like Gecko) Chrome/33.0.1750.170 Mobile Safari/537.36"
192.168.5.148 - - [02/Apr/2014:12:12:36 +0100] "GET /avatar/fcd759b4816a490133627c7a05e8250a?size=30&default=http%3A%2F%2Fwww.gravatar.com%2Favatar%2Fad516503a11cd5ca435acc9bb6523536%3Fsize%3D30 HTTP/1.1" 404 1292 "http://192.168.5.1/chat/ajax-chat.html" "Mozilla/5.0 (Linux; Android 4.1.2; SHV-E210L Build/JZO54K) AppleWebKit/537.36 (KHTML, like Gecko) Chrome/33.0.1750.170 Mobile Safari/537.36"
192.168.5.173 - - [02/Apr/2014:12:12:36 +0100] "GET /moretab/topbanner/43/1/android/icon.png HTTP/1.1" 404 1291 "-" "-"
192.168.5.180 - - [02/Apr/2014:12:12:38 +0100] "GET / HTTP/1.1" 200 2015 "-" "BlackBerry9320/7.1.0.634 Profile/MIDP-2.1 Configuration/CLDC-1.1 VendorID/382"
192.168.5.158 - - [02/Apr/2014:12:12:40 +0100] "GET / HTTP/1.1" 304 210 "-" "Mozilla/5.0 (Linux; Android 4.2.2; GT-I9190 Build/JDQ39) AppleWebKit/537.36 (KHTML, like Gecko) Chrome/33.0.1750.170 Mobile Safari/537.36"
192.168.5.51 - - [02/Apr/2014:12:12:40 +0100] "GET /chat/php/ajax.php?action=getUsers HTTP/1.1" 200 634 "http://192.168.5.1/chat/ajax-chat.html" "Mozilla/5.0 (iPad; CPU OS 5_1_1 like Mac OS X) AppleWebKit/534.46 (KHTML, like Gecko) CriOS/28.0.1500.16 Mobile/9B206 Safari/7534.48.3"
192.168.5.51 - - [02/Apr/2014:12:12:40 +0100] "GET /avatar/fcd759b4816a490133627c7a05e8250a?size=30&default=http%3A%2F%2Fwww.gravatar.com%2Favatar%2Fad516503a11cd5ca435acc9bb6523536%3Fsize%3D30 HTTP/1.1" 404 1292 "http://192.168.5.1/chat/ajax-chat.html" "Mozilla/5.0 (iPad; CPU OS 5_1_1 like Mac OS X) AppleWebKit/534.46 (KHTML, like Gecko) CriOS/28.0.1500.16 Mobile/9B206 Safari/7534.48.3"
192.168.5.158 - - [02/Apr/2014:12:12:41 +0100] "\x16\x03\x01" 501 290 "-" "-"
192.168.5.173 - - [02/Apr/2014:12:12:41 +0100] "GET /moretab/1039/2/banner/en/banner@2x.png HTTP/1.1" 404 1291 "-" "-"
192.168.5.173 - - [02/Apr/2014:12:12:41 +0100] "GET /moretab/1039/2/banner/en/banner@2x.png HTTP/1.1" 404 1291 "-" "-"
192.168.5.148 - - [02/Apr/2014:12:12:42 +0100] "GET /chat/php/ajax.php?action=getChats&lastID=75 HTTP/1.1" 200 440 "http://192.168.5.1/chat/ajax-chat.html" "Mozilla/5.0 (Linux; Android 4.1.2; SHV-E210L Build/JZO54K) AppleWebKit/537.36 (KHTML, like Gecko) Chrome/33.0.1750.170 Mobile Safari/537.36"
192.168.5.237 - - [02/Apr/2014:12:12:42 +0100] "GET /ncsi.txt HTTP/1.1" 404 2036 "-" "Microsoft NCSI"
192.168.5.173 - - [02/Apr/2014:12:12:43 +0100] "GET /moretab/1003/1402/android/icon.png.120x120 HTTP/1.1" 404 1292 "-" "-"
192.168.5.51 - - [02/Apr/2014:12:12:44 +0100] "GET /chat/php/ajax.php?action=getChats&lastID=75 HTTP/1.1" 200 439 "http://192.168.5.1/chat/ajax-chat.html" "Mozilla/5.0 (iPad; CPU OS 5_1_1 like Mac OS X) AppleWebKit/534.46 (KHTML, like Gecko) CriOS/28.0.1500.16 Mobile/9B206 Safari/7534.48.3"
192.168.5.173 - - [02/Apr/2014:12:12:44 +0100] "GET /moretab/1027/12/android/icon.png.120x120 HTTP/1.1" 404 1291 "-" "-"
192.168.5.173 - - [02/Apr/2014:12:12:45 +0100] "GET /moretab/1003/1402/android/icon.png.120x120 HTTP/1.1" 404 1291 "-" "-"
192.168.5.173 - - [02/Apr/2014:12:12:48 +0100] "GET /r/talk/r/u678f6d26e46c0cf70e3a7b54081bbca8-1395873800436/460 HTTP/1.1" 404 1292 "-" "-"
192.168.5.158 - - [02/Apr/2014:12:12:49 +0100] "GET / HTTP/1.1" 304 210 "-" "Mozilla/5.0 (Linux; Android 4.2.2; GT-I9190 Build/JDQ39) AppleWebKit/537.36 (KHTML, like Gecko) Chrome/33.0.1750.170 Mobile Safari/537.36"
192.168.5.148 - - [02/Apr/2014:12:12:50 +0100] "\x16\x03\x01" 501 290 "-" "-"
192.168.5.148 - - [02/Apr/2014:12:12:51 +0100] "GET /chat/php/ajax.php?action=getUsers HTTP/1.1" 200 634 "http://192.168.5.1/chat/ajax-chat.html" "Mozilla/5.0 (Linux; Android 4.1.2; SHV-E210L Build/JZO54K) AppleWebKit/537.36 (KHTML, like Gecko) Chrome/33.0.1750.170 Mobile Safari/537.36"
192.168.5.148 - - [02/Apr/2014:12:12:51 +0100] "GET /avatar/fcd759b4816a490133627c7a05e8250a?size=30&default=http%3A%2F%2Fwww.gravatar.com%2Favatar%2Fad516503a11cd5ca435acc9bb6523536%3Fsize%3D30 HTTP/1.1" 404 1292 "http://192.168.5.1/chat/ajax-chat.html" "Mozilla/5.0 (Linux; Android 4.1.2; SHV-E210L Build/JZO54K) AppleWebKit/537.36 (KHTML, like Gecko) Chrome/33.0.1750.170 Mobile Safari/537.36"
192.168.5.148 - - [02/Apr/2014:12:12:52 +0100] "POST /chat/php/ajax.php?action=login HTTP/1.1" 200 586 "http://192.168.5.1/chat/ajax-chat.html" "Mozilla/5.0 (Linux; Android 4.1.2; SHV-E210L Build/JZO54K) AppleWebKit/537.36 (KHTML, like Gecko) Chrome/33.0.1750.170 Mobile Safari/537.36"
192.168.5.148 - - [02/Apr/2014:12:12:52 +0100] "GET /avatar/3ef51976a64982a10e42c31df0debec1?size=23&default=http%3A%2F%2Fwww.gravatar.com%2Favatar%2Fad516503a11cd5ca435acc9bb6523536%3Fsize%3D23 HTTP/1.1" 404 1291 "http://192.168.5.1/chat/ajax-chat.html" "Mozilla/5.0 (Linux; Android 4.1.2; SHV-E210L Build/JZO54K) AppleWebKit/537.36 (KHTML, like Gecko) Chrome/33.0.1750.170 Mobile Safari/537.36"
192.168.5.173 - - [02/Apr/2014:12:12:54 +0100] "GET /moretab/1039/2/android/icon.png.120x120 HTTP/1.1" 404 1292 "-" "-"
192.168.5.51 - - [02/Apr/2014:12:12:55 +0100] "GET /chat/php/ajax.php?action=getUsers HTTP/1.1" 200 672 "http://192.168.5.1/chat/ajax-chat.html" "Mozilla/5.0 (iPad; CPU OS 5_1_1 like Mac OS X) AppleWebKit/534.46 (KHTML, like Gecko) CriOS/28.0.1500.16 Mobile/9B206 Safari/7534.48.3"
192.168.5.51 - - [02/Apr/2014:12:12:55 +0100] "GET /avatar/fcd759b4816a490133627c7a05e8250a?size=30&default=http%3A%2F%2Fwww.gravatar.com%2Favatar%2Fad516503a11cd5ca435acc9bb6523536%3Fsize%3D30 HTTP/1.1" 404 1292 "http://192.168.5.1/chat/ajax-chat.html" "Mozilla/5.0 (iPad; CPU OS 5_1_1 like Mac OS X) AppleWebKit/534.46 (KHTML, like Gecko) CriOS/28.0.1500.16 Mobile/9B206 Safari/7534.48.3"
192.168.5.51 - - [02/Apr/2014:12:12:55 +0100] "GET /avatar/3ef51976a64982a10e42c31df0debec1?size=30&default=http%3A%2F%2Fwww.gravatar.com%2Favatar%2Fad516503a11cd5ca435acc9bb6523536%3Fsize%3D30 HTTP/1.1" 404 1292 "http://192.168.5.1/chat/ajax-chat.html" "Mozilla/5.0 (iPad; CPU OS 5_1_1 like Mac OS X) AppleWebKit/534.46 (KHTML, like Gecko) CriOS/28.0.1500.16 Mobile/9B206 Safari/7534.48.3"
192.168.5.148 - - [02/Apr/2014:12:12:57 +0100] "GET /chat/php/ajax.php?action=getChats&lastID=75 HTTP/1.1" 200 439 "http://192.168.5.1/chat/ajax-chat.html" "Mozilla/5.0 (Linux; Android 4.1.2; SHV-E210L Build/JZO54K) AppleWebKit/537.36 (KHTML, like Gecko) Chrome/33.0.1750.170 Mobile Safari/537.36"
192.168.5.51 - - [02/Apr/2014:12:12:59 +0100] "GET /chat/php/ajax.php?action=getChats&lastID=75 HTTP/1.1" 200 439 "http://192.168.5.1/chat/ajax-chat.html" "Mozilla/5.0 (iPad; CPU OS 5_1_1 like Mac OS X) AppleWebKit/534.46 (KHTML, like Gecko) CriOS/28.0.1500.16 Mobile/9B206 Safari/7534.48.3"
::1 - - [02/Apr/2014:12:13:03 +0100] "OPTIONS * HTTP/1.0" 200 126 "-" "Apache/2.2.22 (Debian) (internal dummy connection)"
192.168.5.158 - - [02/Apr/2014:12:13:04 +0100] "\x16\x03\x01" 501 290 "-" "-"
::1 - - [02/Apr/2014:12:13:05 +0100] "OPTIONS * HTTP/1.0" 200 126 "-" "Apache/2.2.22 (Debian) (internal dummy connection)"
192.168.5.173 - - [02/Apr/2014:12:13:05 +0100] "-" 408 0 "-" "-"
::1 - - [02/Apr/2014:12:13:06 +0100] "OPTIONS * HTTP/1.0" 200 126 "-" "Apache/2.2.22 (Debian) (internal dummy connection)"
192.168.5.148 - - [02/Apr/2014:12:13:06 +0100] "GET /chat/php/ajax.php?action=getUsers HTTP/1.1" 200 674 "http://192.168.5.1/chat/ajax-chat.html" "Mozilla/5.0 (Linux; Android 4.1.2; SHV-E210L Build/JZO54K) AppleWebKit/537.36 (KHTML, like Gecko) Chrome/33.0.1750.170 Mobile Safari/537.36"
192.168.5.148 - - [02/Apr/2014:12:13:07 +0100] "GET /avatar/3ef51976a64982a10e42c31df0debec1?size=30&default=http%3A%2F%2Fwww.gravatar.com%2Favatar%2Fad516503a11cd5ca435acc9bb6523536%3Fsize%3D30 HTTP/1.1" 404 1292 "http://192.168.5.1/chat/ajax-chat.html" "Mozilla/5.0 (Linux; Android 4.1.2; SHV-E210L Build/JZO54K) AppleWebKit/537.36 (KHTML, like Gecko) Chrome/33.0.1750.170 Mobile Safari/537.36"
192.168.5.148 - - [02/Apr/2014:12:13:07 +0100] "GET /avatar/fcd759b4816a490133627c7a05e8250a?size=30&default=http%3A%2F%2Fwww.gravatar.com%2Favatar%2Fad516503a11cd5ca435acc9bb6523536%3Fsize%3D30 HTTP/1.1" 404 1292 "http://192.168.5.1/chat/ajax-chat.html" "Mozilla/5.0 (Linux; Android 4.1.2; SHV-E210L Build/JZO54K) AppleWebKit/537.36 (KHTML, like Gecko) Chrome/33.0.1750.170 Mobile Safari/537.36"
192.168.5.237 - - [02/Apr/2014:12:13:10 +0100] "GET /ncsi.txt HTTP/1.1" 404 2036 "-" "Microsoft NCSI"
192.168.5.51 - - [02/Apr/2014:12:13:10 +0100] "GET /chat/php/ajax.php?action=getUsers HTTP/1.1" 200 674 "http://192.168.5.1/chat/ajax-chat.html" "Mozilla/5.0 (iPad; CPU OS 5_1_1 like Mac OS X) AppleWebKit/534.46 (KHTML, like Gecko) CriOS/28.0.1500.16 Mobile/9B206 Safari/7534.48.3"
192.168.5.148 - - [02/Apr/2014:12:13:10 +0100] "\x16\x03\x01" 501 290 "-" "-"
192.168.5.51 - - [02/Apr/2014:12:13:10 +0100] "GET /avatar/fcd759b4816a490133627c7a05e8250a?size=30&default=http%3A%2F%2Fwww.gravatar.com%2Favatar%2Fad516503a11cd5ca435acc9bb6523536%3Fsize%3D30 HTTP/1.1" 404 1292 "http://192.168.5.1/chat/ajax-chat.html" "Mozilla/5.0 (iPad; CPU OS 5_1_1 like Mac OS X) AppleWebKit/534.46 (KHTML, like Gecko) CriOS/28.0.1500.16 Mobile/9B206 Safari/7534.48.3"
192.168.5.51 - - [02/Apr/2014:12:13:11 +0100] "GET /avatar/3ef51976a64982a10e42c31df0debec1?size=30&default=http%3A%2F%2Fwww.gravatar.com%2Favatar%2Fad516503a11cd5ca435acc9bb6523536%3Fsize%3D30 HTTP/1.1" 404 1292 "http://192.168.5.1/chat/ajax-chat.html" "Mozilla/5.0 (iPad; CPU OS 5_1_1 like Mac OS X) AppleWebKit/534.46 (KHTML, like Gecko) CriOS/28.0.1500.16 Mobile/9B206 Safari/7534.48.3"
192.168.5.148 - - [02/Apr/2014:12:13:12 +0100] "GET /chat/php/ajax.php?action=getChats&lastID=75 HTTP/1.1" 200 440 "http://192.168.5.1/chat/ajax-chat.html" "Mozilla/5.0 (Linux; Android 4.1.2; SHV-E210L Build/JZO54K) AppleWebKit/537.36 (KHTML, like Gecko) Chrome/33.0.1750.170 Mobile Safari/537.36"
192.168.5.51 - - [02/Apr/2014:12:13:14 +0100] "GET /chat/php/ajax.php?action=getChats&lastID=75 HTTP/1.1" 200 439 "http://192.168.5.1/chat/ajax-chat.html" "Mozilla/5.0 (iPad; CPU OS 5_1_1 like Mac OS X) AppleWebKit/534.46 (KHTML, like Gecko) CriOS/28.0.1500.16 Mobile/9B206 Safari/7534.48.3"
192.168.5.18 - - [02/Apr/2014:12:13:19 +0100] "GET /ncsi.txt HTTP/1.1" 404 2073 "-" "WifiHotspot"
::1 - - [02/Apr/2014:12:13:20 +0100] "OPTIONS * HTTP/1.0" 200 126 "-" "Apache/2.2.22 (Debian) (internal dummy connection)"
::1 - - [02/Apr/2014:12:13:21 +0100] "OPTIONS * HTTP/1.0" 200 126 "-" "Apache/2.2.22 (Debian) (internal dummy connection)"
192.168.5.18 - - [02/Apr/2014:12:13:21 +0100] "GET /ncsi.txt HTTP/1.1" 404 2073 "-" "WifiHotspot"
192.168.5.148 - - [02/Apr/2014:12:13:22 +0100] "GET /chat/php/ajax.php?action=getUsers HTTP/1.1" 200 673 "http://192.168.5.1/chat/ajax-chat.html" "Mozilla/5.0 (Linux; Android 4.1.2; SHV-E210L Build/JZO54K) AppleWebKit/537.36 (KHTML, like Gecko) Chrome/33.0.1750.170 Mobile Safari/537.36"
192.168.5.148 - - [02/Apr/2014:12:13:22 +0100] "GET /avatar/fcd759b4816a490133627c7a05e8250a?size=30&default=http%3A%2F%2Fwww.gravatar.com%2Favatar%2Fad516503a11cd5ca435acc9bb6523536%3Fsize%3D30 HTTP/1.1" 404 1292 "http://192.168.5.1/chat/ajax-chat.html" "Mozilla/5.0 (Linux; Android 4.1.2; SHV-E210L Build/JZO54K) AppleWebKit/537.36 (KHTML, like Gecko) Chrome/33.0.1750.170 Mobile Safari/537.36"
192.168.5.148 - - [02/Apr/2014:12:13:22 +0100] "GET /avatar/3ef51976a64982a10e42c31df0debec1?size=30&default=http%3A%2F%2Fwww.gravatar.com%2Favatar%2Fad516503a11cd5ca435acc9bb6523536%3Fsize%3D30 HTTP/1.1" 404 1291 "http://192.168.5.1/chat/ajax-chat.html" "Mozilla/5.0 (Linux; Android 4.1.2; SHV-E210L Build/JZO54K) AppleWebKit/537.36 (KHTML, like Gecko) Chrome/33.0.1750.170 Mobile Safari/537.36"
192.168.5.18 - - [02/Apr/2014:12:13:22 +0100] "GET /ncsi.txt HTTP/1.1" 404 2073 "-" "WifiHotspot"
192.168.5.51 - - [02/Apr/2014:12:13:26 +0100] "GET /chat/php/ajax.php?action=getUsers HTTP/1.1" 200 673 "http://192.168.5.1/chat/ajax-chat.html" "Mozilla/5.0 (iPad; CPU OS 5_1_1 like Mac OS X) AppleWebKit/534.46 (KHTML, like Gecko) CriOS/28.0.1500.16 Mobile/9B206 Safari/7534.48.3"
192.168.5.51 - - [02/Apr/2014:12:13:26 +0100] "GET /avatar/fcd759b4816a490133627c7a05e8250a?size=30&default=http%3A%2F%2Fwww.gravatar.com%2Favatar%2Fad516503a11cd5ca435acc9bb6523536%3Fsize%3D30 HTTP/1.1" 404 1292 "http://192.168.5.1/chat/ajax-chat.html" "Mozilla/5.0 (iPad; CPU OS 5_1_1 like Mac OS X) AppleWebKit/534.46 (KHTML, like Gecko) CriOS/28.0.1500.16 Mobile/9B206 Safari/7534.48.3"
192.168.5.51 - - [02/Apr/2014:12:13:26 +0100] "GET /avatar/3ef51976a64982a10e42c31df0debec1?size=30&default=http%3A%2F%2Fwww.gravatar.com%2Favatar%2Fad516503a11cd5ca435acc9bb6523536%3Fsize%3D30 HTTP/1.1" 404 1291 "http://192.168.5.1/chat/ajax-chat.html" "Mozilla/5.0 (iPad; CPU OS 5_1_1 like Mac OS X) AppleWebKit/534.46 (KHTML, like Gecko) CriOS/28.0.1500.16 Mobile/9B206 Safari/7534.48.3"
192.168.5.158 - - [02/Apr/2014:12:13:27 +0100] "\x16\x03\x01" 501 290 "-" "-"
192.168.5.148 - - [02/Apr/2014:12:13:28 +0100] "GET /chat/php/ajax.php?action=getChats&lastID=75 HTTP/1.1" 200 440 "http://192.168.5.1/chat/ajax-chat.html" "Mozilla/5.0 (Linux; Android 4.1.2; SHV-E210L Build/JZO54K) AppleWebKit/537.36 (KHTML, like Gecko) Chrome/33.0.1750.170 Mobile Safari/537.36"
192.168.5.51 - - [02/Apr/2014:12:13:29 +0100] "GET /chat/php/ajax.php?action=getChats&lastID=75 HTTP/1.1" 200 439 "http://192.168.5.1/chat/ajax-chat.html" "Mozilla/5.0 (iPad; CPU OS 5_1_1 like Mac OS X) AppleWebKit/534.46 (KHTML, like Gecko) CriOS/28.0.1500.16 Mobile/9B206 Safari/7534.48.3"
192.168.5.148 - - [02/Apr/2014:12:13:31 +0100] "\x16\x03\x01" 501 290 "-" "-"
192.168.5.173 - - [02/Apr/2014:12:13:35 +0100] "GET /generate_204 HTTP/1.1" 200 2005 "-" "Dalvik/1.6.0 (Linux; U; Android 4.1.2; GT-S6310L Build/JZO54K)"
192.168.5.173 - - [02/Apr/2014:12:13:36 +0100] "GET /generate_204 HTTP/1.1" 200 2005 "-" "Dalvik/1.6.0 (Linux; U; Android 4.1.2; GT-S6310L Build/JZO54K)"
192.168.5.237 - - [02/Apr/2014:12:13:39 +0100] "GET /ncsi.txt HTTP/1.1" 404 2036 "-" "Microsoft NCSI"
192.168.5.51 - - [02/Apr/2014:12:13:41 +0100] "GET /chat/php/ajax.php?action=getUsers HTTP/1.1" 200 673 "http://192.168.5.1/chat/ajax-chat.html" "Mozilla/5.0 (iPad; CPU OS 5_1_1 like Mac OS X) AppleWebKit/534.46 (KHTML, like Gecko) CriOS/28.0.1500.16 Mobile/9B206 Safari/7534.48.3"
192.168.5.51 - - [02/Apr/2014:12:13:41 +0100] "GET /avatar/fcd759b4816a490133627c7a05e8250a?size=30&default=http%3A%2F%2Fwww.gravatar.com%2Favatar%2Fad516503a11cd5ca435acc9bb6523536%3Fsize%3D30 HTTP/1.1" 404 1292 "http://192.168.5.1/chat/ajax-chat.html" "Mozilla/5.0 (iPad; CPU OS 5_1_1 like Mac OS X) AppleWebKit/534.46 (KHTML, like Gecko) CriOS/28.0.1500.16 Mobile/9B206 Safari/7534.48.3"
192.168.5.51 - - [02/Apr/2014:12:13:41 +0100] "GET /avatar/3ef51976a64982a10e42c31df0debec1?size=30&default=http%3A%2F%2Fwww.gravatar.com%2Favatar%2Fad516503a11cd5ca435acc9bb6523536%3Fsize%3D30 HTTP/1.1" 404 1292 "http://192.168.5.1/chat/ajax-chat.html" "Mozilla/5.0 (iPad; CPU OS 5_1_1 like Mac OS X) AppleWebKit/534.46 (KHTML, like Gecko) CriOS/28.0.1500.16 Mobile/9B206 Safari/7534.48.3"
192.168.5.51 - - [02/Apr/2014:12:13:42 +0100] "GET /avatar/fcd759b4816a490133627c7a05e8250a?size=23&default=http%3A%2F%2Fwww.gravatar.com%2Favatar%2Fad516503a11cd5ca435acc9bb6523536%3Fsize%3D23 HTTP/1.1" 404 1291 "http://192.168.5.1/chat/ajax-chat.html" "Mozilla/5.0 (iPad; CPU OS 5_1_1 like Mac OS X) AppleWebKit/534.46 (KHTML, like Gecko) CriOS/28.0.1500.16 Mobile/9B206 Safari/7534.48.3"
192.168.5.51 - - [02/Apr/2014:12:13:42 +0100] "POST /chat/php/ajax.php?action=submitChat HTTP/1.1" 200 453 "http://192.168.5.1/chat/ajax-chat.html" "Mozilla/5.0 (iPad; CPU OS 5_1_1 like Mac OS X) AppleWebKit/534.46 (KHTML, like Gecko) CriOS/28.0.1500.16 Mobile/9B206 Safari/7534.48.3"
192.168.5.51 - - [02/Apr/2014:12:13:42 +0100] "GET /avatar/fcd759b4816a490133627c7a05e8250a?size=23&default=http%3A%2F%2Fwww.gravatar.com%2Favatar%2Fad516503a11cd5ca435acc9bb6523536%3Fsize%3D23 HTTP/1.1" 404 1291 "http://192.168.5.1/chat/ajax-chat.html" "Mozilla/5.0 (iPad; CPU OS 5_1_1 like Mac OS X) AppleWebKit/534.46 (KHTML, like Gecko) CriOS/28.0.1500.16 Mobile/9B206 Safari/7534.48.3"
192.168.5.148 - - [02/Apr/2014:12:13:43 +0100] "-" 408 0 "-" "-"
192.168.5.51 - - [02/Apr/2014:12:13:44 +0100] "GET /chat/php/ajax.php?action=getChats&lastID=75 HTTP/1.1" 200 696 "http://192.168.5.1/chat/ajax-chat.html" "Mozilla/5.0 (iPad; CPU OS 5_1_1 like Mac OS X) AppleWebKit/534.46 (KHTML, like Gecko) CriOS/28.0.1500.16 Mobile/9B206 Safari/7534.48.3"
192.168.5.51 - - [02/Apr/2014:12:13:44 +0100] "GET /avatar/fcd759b4816a490133627c7a05e8250a?size=23&default=http%3A%2F%2Fwww.gravatar.com%2Favatar%2Fad516503a11cd5ca435acc9bb6523536%3Fsize%3D23 HTTP/1.1" 404 1291 "http://192.168.5.1/chat/ajax-chat.html" "Mozilla/5.0 (iPad; CPU OS 5_1_1 like Mac OS X) AppleWebKit/534.46 (KHTML, like Gecko) CriOS/28.0.1500.16 Mobile/9B206 Safari/7534.48.3"
192.168.5.148 - - [02/Apr/2014:12:13:44 +0100] "GET /chat/php/ajax.php?action=getUsers HTTP/1.1" 200 673 "http://192.168.5.1/chat/ajax-chat.html" "Mozilla/5.0 (Linux; Android 4.1.2; SHV-E210L Build/JZO54K) AppleWebKit/537.36 (KHTML, like Gecko) Chrome/33.0.1750.170 Mobile Safari/537.36"
192.168.5.148 - - [02/Apr/2014:12:13:45 +0100] "GET /avatar/fcd759b4816a490133627c7a05e8250a?size=30&default=http%3A%2F%2Fwww.gravatar.com%2Favatar%2Fad516503a11cd5ca435acc9bb6523536%3Fsize%3D30 HTTP/1.1" 404 1292 "http://192.168.5.1/chat/ajax-chat.html" "Mozilla/5.0 (Linux; Android 4.1.2; SHV-E210L Build/JZO54K) AppleWebKit/537.36 (KHTML, like Gecko) Chrome/33.0.1750.170 Mobile Safari/537.36"
192.168.5.148 - - [02/Apr/2014:12:13:45 +0100] "GET /avatar/3ef51976a64982a10e42c31df0debec1?size=30&default=http%3A%2F%2Fwww.gravatar.com%2Favatar%2Fad516503a11cd5ca435acc9bb6523536%3Fsize%3D30 HTTP/1.1" 404 1292 "http://192.168.5.1/chat/ajax-chat.html" "Mozilla/5.0 (Linux; Android 4.1.2; SHV-E210L Build/JZO54K) AppleWebKit/537.36 (KHTML, like Gecko) Chrome/33.0.1750.170 Mobile Safari/537.36"
192.168.5.51 - - [02/Apr/2014:12:13:45 +0100] "GET /chat/php/ajax.php?action=getChats&lastID=76 HTTP/1.1" 200 439 "http://192.168.5.1/chat/ajax-chat.html" "Mozilla/5.0 (iPad; CPU OS 5_1_1 like Mac OS X) AppleWebKit/534.46 (KHTML, like Gecko) CriOS/28.0.1500.16 Mobile/9B206 Safari/7534.48.3"
192.168.5.51 - - [02/Apr/2014:12:13:46 +0100] "GET /chat/php/ajax.php?action=getChats&lastID=76 HTTP/1.1" 200 439 "http://192.168.5.1/chat/ajax-chat.html" "Mozilla/5.0 (iPad; CPU OS 5_1_1 like Mac OS X) AppleWebKit/534.46 (KHTML, like Gecko) CriOS/28.0.1500.16 Mobile/9B206 Safari/7534.48.3"
192.168.5.51 - - [02/Apr/2014:12:13:47 +0100] "GET /chat/php/ajax.php?action=getChats&lastID=76 HTTP/1.1" 200 439 "http://192.168.5.1/chat/ajax-chat.html" "Mozilla/5.0 (iPad; CPU OS 5_1_1 like Mac OS X) AppleWebKit/534.46 (KHTML, like Gecko) CriOS/28.0.1500.16 Mobile/9B206 Safari/7534.48.3"
192.168.5.173 - - [02/Apr/2014:12:13:49 +0100] "GET / HTTP/1.1" 200 1271 "-" "Mozilla/5.0 (Linux; U; Android; en-us; RareArtifact/AppBuilder) AppleWebKit/533.1 (KHTML, like Gecko) Version/4.0 Mobile Safari/533.1"
192.168.5.51 - - [02/Apr/2014:12:13:49 +0100] "GET /chat/php/ajax.php?action=getChats&lastID=76 HTTP/1.1" 200 439 "http://192.168.5.1/chat/ajax-chat.html" "Mozilla/5.0 (iPad; CPU OS 5_1_1 like Mac OS X) AppleWebKit/534.46 (KHTML, like Gecko) CriOS/28.0.1500.16 Mobile/9B206 Safari/7534.48.3"
192.168.5.51 - - [02/Apr/2014:12:13:51 +0100] "GET /chat/php/ajax.php?action=getChats&lastID=76 HTTP/1.1" 200 439 "http://192.168.5.1/chat/ajax-chat.html" "Mozilla/5.0 (iPad; CPU OS 5_1_1 like Mac OS X) AppleWebKit/534.46 (KHTML, like Gecko) CriOS/28.0.1500.16 Mobile/9B206 Safari/7534.48.3"
192.168.5.18 - - [02/Apr/2014:12:13:51 +0100] "GET /oapi/reqAd.jsp?adspace=65817219&pub=923866549&beacon=true&client=sdkwp7-190&format=IMG&ownid=4da0f0f6-2d41-4f61-a2f6-26c54a2eb656&response=XML&height=0&width=0&msisdnhash=16EF8DE0549C2BC26FD541118144109FB155D9EE0B498C66E3D0754B1FD25C&countrycode=CO&portrait=True&session=EF93B02146A0666E135067D7247EFEC47296EBD6DC3826B4FDE8B72BDEC3E654&adcount=1 HTTP/1.1" 404 2073 "-" "Mozilla/4.0 (compatible; MSIE 7.0; Windows Phone OS 7.0; Trident/3.1; IEMobile/7.0; NOKIA; RM-915_lta_lta_246)"
192.168.5.148 - - [02/Apr/2014:12:13:51 +0100] "\x16\x03\x01" 501 290 "-" "-"
192.168.5.148 - - [02/Apr/2014:12:13:52 +0100] "GET /chat/php/ajax.php?action=getChats&lastID=75 HTTP/1.1" 200 697 "http://192.168.5.1/chat/ajax-chat.html" "Mozilla/5.0 (Linux; Android 4.1.2; SHV-E210L Build/JZO54K) AppleWebKit/537.36 (KHTML, like Gecko) Chrome/33.0.1750.170 Mobile Safari/537.36"
192.168.5.148 - - [02/Apr/2014:12:13:52 +0100] "GET /avatar/fcd759b4816a490133627c7a05e8250a?size=23&default=http%3A%2F%2Fwww.gravatar.com%2Favatar%2Fad516503a11cd5ca435acc9bb6523536%3Fsize%3D23 HTTP/1.1" 404 1292 "http://192.168.5.1/chat/ajax-chat.html" "Mozilla/5.0 (Linux; Android 4.1.2; SHV-E210L Build/JZO54K) AppleWebKit/537.36 (KHTML, like Gecko) Chrome/33.0.1750.170 Mobile Safari/537.36"
192.168.5.18 - - [02/Apr/2014:12:13:53 +0100] "GET /simpleM2M/clientRequestWVBannerOnly?aid=na_FacebookWP8_WP&v=2.0.1-WP-S-1.0.8&po=659&hid=YwNUelorLGV6pcT9V7KVRXDYwxo=&w=480&h=800&l=CO&cid=35364689627&t=635320816495086237 HTTP/1.1" 404 2073 "-" "Mozilla/5.0 (compatible; MSIE 10.0; Windows Phone 8.0; Trident/6.0; IEMobile/10.0; ARM; Touch; NOKIA; Lumia 520)"
192.168.5.51 - - [02/Apr/2014:12:13:53 +0100] "GET /chat/php/ajax.php?action=getChats&lastID=76 HTTP/1.1" 200 439 "http://192.168.5.1/chat/ajax-chat.html" "Mozilla/5.0 (iPad; CPU OS 5_1_1 like Mac OS X) AppleWebKit/534.46 (KHTML, like Gecko) CriOS/28.0.1500.16 Mobile/9B206 Safari/7534.48.3"
192.168.5.148 - - [02/Apr/2014:12:13:53 +0100] "GET /chat/php/ajax.php?action=getChats&lastID=76 HTTP/1.1" 200 439 "http://192.168.5.1/chat/ajax-chat.html" "Mozilla/5.0 (Linux; Android 4.1.2; SHV-E210L Build/JZO54K) AppleWebKit/537.36 (KHTML, like Gecko) Chrome/33.0.1750.170 Mobile Safari/537.36"
192.168.5.148 - - [02/Apr/2014:12:13:54 +0100] "GET /chat/php/ajax.php?action=getChats&lastID=76 HTTP/1.1" 200 439 "http://192.168.5.1/chat/ajax-chat.html" "Mozilla/5.0 (Linux; Android 4.1.2; SHV-E210L Build/JZO54K) AppleWebKit/537.36 (KHTML, like Gecko) Chrome/33.0.1750.170 Mobile Safari/537.36"
192.168.5.51 - - [02/Apr/2014:12:13:55 +0100] "GET /chat/php/ajax.php?action=getChats&lastID=76 HTTP/1.1" 200 439 "http://192.168.5.1/chat/ajax-chat.html" "Mozilla/5.0 (iPad; CPU OS 5_1_1 like Mac OS X) AppleWebKit/534.46 (KHTML, like Gecko) CriOS/28.0.1500.16 Mobile/9B206 Safari/7534.48.3"
192.168.5.148 - - [02/Apr/2014:12:13:55 +0100] "GET /chat/php/ajax.php?action=getChats&lastID=76 HTTP/1.1" 200 439 "http://192.168.5.1/chat/ajax-chat.html" "Mozilla/5.0 (Linux; Android 4.1.2; SHV-E210L Build/JZO54K) AppleWebKit/537.36 (KHTML, like Gecko) Chrome/33.0.1750.170 Mobile Safari/537.36"
192.168.5.51 - - [02/Apr/2014:12:13:56 +0100] "GET /chat/php/ajax.php?action=getUsers HTTP/1.1" 200 673 "http://192.168.5.1/chat/ajax-chat.html" "Mozilla/5.0 (iPad; CPU OS 5_1_1 like Mac OS X) AppleWebKit/534.46 (KHTML, like Gecko) CriOS/28.0.1500.16 Mobile/9B206 Safari/7534.48.3"
192.168.5.51 - - [02/Apr/2014:12:13:56 +0100] "GET /avatar/fcd759b4816a490133627c7a05e8250a?size=30&default=http%3A%2F%2Fwww.gravatar.com%2Favatar%2Fad516503a11cd5ca435acc9bb6523536%3Fsize%3D30 HTTP/1.1" 404 1292 "http://192.168.5.1/chat/ajax-chat.html" "Mozilla/5.0 (iPad; CPU OS 5_1_1 like Mac OS X) AppleWebKit/534.46 (KHTML, like Gecko) CriOS/28.0.1500.16 Mobile/9B206 Safari/7534.48.3"
192.168.5.51 - - [02/Apr/2014:12:13:56 +0100] "GET /avatar/3ef51976a64982a10e42c31df0debec1?size=30&default=http%3A%2F%2Fwww.gravatar.com%2Favatar%2Fad516503a11cd5ca435acc9bb6523536%3Fsize%3D30 HTTP/1.1" 404 1292 "http://192.168.5.1/chat/ajax-chat.html" "Mozilla/5.0 (iPad; CPU OS 5_1_1 like Mac OS X) AppleWebKit/534.46 (KHTML, like Gecko) CriOS/28.0.1500.16 Mobile/9B206 Safari/7534.48.3"
192.168.5.148 - - [02/Apr/2014:12:13:56 +0100] "GET /chat/php/ajax.php?action=getChats&lastID=76 HTTP/1.1" 200 439 "http://192.168.5.1/chat/ajax-chat.html" "Mozilla/5.0 (Linux; Android 4.1.2; SHV-E210L Build/JZO54K) AppleWebKit/537.36 (KHTML, like Gecko) Chrome/33.0.1750.170 Mobile Safari/537.36"
192.168.5.51 - - [02/Apr/2014:12:13:57 +0100] "GET /chat/php/ajax.php?action=getChats&lastID=76 HTTP/1.1" 200 439 "http://192.168.5.1/chat/ajax-chat.html" "Mozilla/5.0 (iPad; CPU OS 5_1_1 like Mac OS X) AppleWebKit/534.46 (KHTML, like Gecko) CriOS/28.0.1500.16 Mobile/9B206 Safari/7534.48.3"
192.168.5.148 - - [02/Apr/2014:12:13:58 +0100] "GET /chat/php/ajax.php?action=getChats&lastID=76 HTTP/1.1" 200 439 "http://192.168.5.1/chat/ajax-chat.html" "Mozilla/5.0 (Linux; Android 4.1.2; SHV-E210L Build/JZO54K) AppleWebKit/537.36 (KHTML, like Gecko) Chrome/33.0.1750.170 Mobile Safari/537.36"
192.168.5.51 - - [02/Apr/2014:12:13:59 +0100] "GET /chat/php/ajax.php?action=getChats&lastID=76 HTTP/1.1" 200 439 "http://192.168.5.1/chat/ajax-chat.html" "Mozilla/5.0 (iPad; CPU OS 5_1_1 like Mac OS X) AppleWebKit/534.46 (KHTML, like Gecko) CriOS/28.0.1500.16 Mobile/9B206 Safari/7534.48.3"
192.168.5.148 - - [02/Apr/2014:12:14:00 +0100] "GET /chat/php/ajax.php?action=getChats&lastID=76 HTTP/1.1" 200 439 "http://192.168.5.1/chat/ajax-chat.html" "Mozilla/5.0 (Linux; Android 4.1.2; SHV-E210L Build/JZO54K) AppleWebKit/537.36 (KHTML, like Gecko) Chrome/33.0.1750.170 Mobile Safari/537.36"
192.168.5.51 - - [02/Apr/2014:12:14:01 +0100] "GET /chat/php/ajax.php?action=getChats&lastID=76 HTTP/1.1" 200 439 "http://192.168.5.1/chat/ajax-chat.html" "Mozilla/5.0 (iPad; CPU OS 5_1_1 like Mac OS X) AppleWebKit/534.46 (KHTML, like Gecko) CriOS/28.0.1500.16 Mobile/9B206 Safari/7534.48.3"
192.168.5.51 - - [02/Apr/2014:12:14:03 +0100] "GET /chat/php/ajax.php?action=getChats&lastID=76 HTTP/1.1" 200 439 "http://192.168.5.1/chat/ajax-chat.html" "Mozilla/5.0 (iPad; CPU OS 5_1_1 like Mac OS X) AppleWebKit/534.46 (KHTML, like Gecko) CriOS/28.0.1500.16 Mobile/9B206 Safari/7534.48.3"
192.168.5.51 - - [02/Apr/2014:12:14:08 +0100] "GET /chat/php/ajax.php?action=getChats&lastID=76 HTTP/1.1" 200 440 "http://192.168.5.1/chat/ajax-chat.html" "Mozilla/5.0 (iPad; CPU OS 5_1_1 like Mac OS X) AppleWebKit/534.46 (KHTML, like Gecko) CriOS/28.0.1500.16 Mobile/9B206 Safari/7534.48.3"
192.168.5.237 - - [02/Apr/2014:12:14:09 +0100] "GET /ncsi.txt HTTP/1.1" 404 2036 "-" "Microsoft NCSI"
192.168.5.51 - - [02/Apr/2014:12:14:11 +0100] "GET /chat/php/ajax.php?action=getUsers HTTP/1.1" 200 674 "http://192.168.5.1/chat/ajax-chat.html" "Mozilla/5.0 (iPad; CPU OS 5_1_1 like Mac OS X) AppleWebKit/534.46 (KHTML, like Gecko) CriOS/28.0.1500.16 Mobile/9B206 Safari/7534.48.3"
192.168.5.51 - - [02/Apr/2014:12:14:11 +0100] "GET /avatar/fcd759b4816a490133627c7a05e8250a?size=30&default=http%3A%2F%2Fwww.gravatar.com%2Favatar%2Fad516503a11cd5ca435acc9bb6523536%3Fsize%3D30 HTTP/1.1" 404 1292 "http://192.168.5.1/chat/ajax-chat.html" "Mozilla/5.0 (iPad; CPU OS 5_1_1 like Mac OS X) AppleWebKit/534.46 (KHTML, like Gecko) CriOS/28.0.1500.16 Mobile/9B206 Safari/7534.48.3"
192.168.5.51 - - [02/Apr/2014:12:14:11 +0100] "GET /avatar/3ef51976a64982a10e42c31df0debec1?size=30&default=http%3A%2F%2Fwww.gravatar.com%2Favatar%2Fad516503a11cd5ca435acc9bb6523536%3Fsize%3D30 HTTP/1.1" 404 1292 "http://192.168.5.1/chat/ajax-chat.html" "Mozilla/5.0 (iPad; CPU OS 5_1_1 like Mac OS X) AppleWebKit/534.46 (KHTML, like Gecko) CriOS/28.0.1500.16 Mobile/9B206 Safari/7534.48.3"
192.168.5.51 - - [02/Apr/2014:12:14:14 +0100] "GET /chat/php/ajax.php?action=getChats&lastID=76 HTTP/1.1" 200 439 "http://192.168.5.1/chat/ajax-chat.html" "Mozilla/5.0 (iPad; CPU OS 5_1_1 like Mac OS X) AppleWebKit/534.46 (KHTML, like Gecko) CriOS/28.0.1500.16 Mobile/9B206 Safari/7534.48.3"
192.168.5.51 - - [02/Apr/2014:12:14:19 +0100] "GET /chat/php/ajax.php?action=getChats&lastID=76 HTTP/1.1" 200 440 "http://192.168.5.1/chat/ajax-chat.html" "Mozilla/5.0 (iPad; CPU OS 5_1_1 like Mac OS X) AppleWebKit/534.46 (KHTML, like Gecko) CriOS/28.0.1500.16 Mobile/9B206 Safari/7534.48.3"
192.168.5.173 - - [02/Apr/2014:12:14:23 +0100] "GET /generate_204 HTTP/1.1" 200 2005 "-" "Dalvik/1.6.0 (Linux; U; Android 4.1.2; GT-S6310L Build/JZO54K)"
192.168.5.51 - - [02/Apr/2014:12:14:24 +0100] "GET /chat/php/ajax.php?action=getChats&lastID=76 HTTP/1.1" 200 440 "http://192.168.5.1/chat/ajax-chat.html" "Mozilla/5.0 (iPad; CPU OS 5_1_1 like Mac OS X) AppleWebKit/534.46 (KHTML, like Gecko) CriOS/28.0.1500.16 Mobile/9B206 Safari/7534.48.3"
192.168.5.171 - - [02/Apr/2014:12:14:25 +0100] "GET /generate_204 HTTP/1.1" 200 2005 "-" "Dalvik/1.6.0 (Linux; U; Android 4.4.2; XT1032 Build/KXB20.9-1.10-1.24-1.1)"
192.168.5.171 - - [02/Apr/2014:12:14:25 +0100] "GET /generate_204 HTTP/1.1" 200 2004 "-" "Dalvik/1.6.0 (Linux; U; Android 4.4.2; XT1032 Build/KXB20.9-1.10-1.24-1.1)"
192.168.5.51 - - [02/Apr/2014:12:14:26 +0100] "GET /chat/php/ajax.php?action=getUsers HTTP/1.1" 200 634 "http://192.168.5.1/chat/ajax-chat.html" "Mozilla/5.0 (iPad; CPU OS 5_1_1 like Mac OS X) AppleWebKit/534.46 (KHTML, like Gecko) CriOS/28.0.1500.16 Mobile/9B206 Safari/7534.48.3"
192.168.5.51 - - [02/Apr/2014:12:14:26 +0100] "GET /avatar/fcd759b4816a490133627c7a05e8250a?size=30&default=http%3A%2F%2Fwww.gravatar.com%2Favatar%2Fad516503a11cd5ca435acc9bb6523536%3Fsize%3D30 HTTP/1.1" 404 1292 "http://192.168.5.1/chat/ajax-chat.html" "Mozilla/5.0 (iPad; CPU OS 5_1_1 like Mac OS X) AppleWebKit/534.46 (KHTML, like Gecko) CriOS/28.0.1500.16 Mobile/9B206 Safari/7534.48.3"
192.168.5.51 - - [02/Apr/2014:12:14:29 +0100] "GET /chat/php/ajax.php?action=getChats&lastID=76 HTTP/1.1" 200 439 "http://192.168.5.1/chat/ajax-chat.html" "Mozilla/5.0 (iPad; CPU OS 5_1_1 like Mac OS X) AppleWebKit/534.46 (KHTML, like Gecko) CriOS/28.0.1500.16 Mobile/9B206 Safari/7534.48.3"
192.168.5.171 - - [02/Apr/2014:12:14:32 +0100] "GET /pagead/conversion/1001680686/?label=4dahCKKczAYQrt7R3QM&value=&muid=9X_TVcoXsuSsNn67AD4daQ&bundleid=com.google.android.youtube&appversion=5.5.27&osversion=4.4.2&sdkversion=ct-sdk-a-v1.1.0&remarketing_only=1&timestamp=1396484851&data=screen_name%3D%3CAndroid_YT_Open_App%3E HTTP/1.1" 404 1292 "-" "Dalvik/1.6.0 (Linux; U; Android 4.4.2; XT1032 Build/KXB20.9-1.10-1.24-1.1)"
192.168.5.51 - - [02/Apr/2014:12:14:34 +0100] "GET /chat/php/ajax.php?action=getChats&lastID=76 HTTP/1.1" 200 440 "http://192.168.5.1/chat/ajax-chat.html" "Mozilla/5.0 (iPad; CPU OS 5_1_1 like Mac OS X) AppleWebKit/534.46 (KHTML, like Gecko) CriOS/28.0.1500.16 Mobile/9B206 Safari/7534.48.3"
192.168.5.171 - - [02/Apr/2014:12:14:35 +0100] "GET /generate_204 HTTP/1.1" 200 2005 "-" "Dalvik/1.6.0 (Linux; U; Android 4.4.2; XT1032 Build/KXB20.9-1.10-1.24-1.1)"
192.168.5.237 - - [02/Apr/2014:12:14:38 +0100] "GET /ncsi.txt HTTP/1.1" 404 2036 "-" "Microsoft NCSI"
192.168.5.51 - - [02/Apr/2014:12:14:40 +0100] "GET /chat/php/ajax.php?action=getChats&lastID=76 HTTP/1.1" 200 440 "http://192.168.5.1/chat/ajax-chat.html" "Mozilla/5.0 (iPad; CPU OS 5_1_1 like Mac OS X) AppleWebKit/534.46 (KHTML, like Gecko) CriOS/28.0.1500.16 Mobile/9B206 Safari/7534.48.3"
192.168.5.51 - - [02/Apr/2014:12:14:42 +0100] "GET /chat/php/ajax.php?action=getUsers HTTP/1.1" 200 634 "http://192.168.5.1/chat/ajax-chat.html" "Mozilla/5.0 (iPad; CPU OS 5_1_1 like Mac OS X) AppleWebKit/534.46 (KHTML, like Gecko) CriOS/28.0.1500.16 Mobile/9B206 Safari/7534.48.3"
192.168.5.51 - - [02/Apr/2014:12:14:42 +0100] "GET /avatar/fcd759b4816a490133627c7a05e8250a?size=30&default=http%3A%2F%2Fwww.gravatar.com%2Favatar%2Fad516503a11cd5ca435acc9bb6523536%3Fsize%3D30 HTTP/1.1" 404 1292 "http://192.168.5.1/chat/ajax-chat.html" "Mozilla/5.0 (iPad; CPU OS 5_1_1 like Mac OS X) AppleWebKit/534.46 (KHTML, like Gecko) CriOS/28.0.1500.16 Mobile/9B206 Safari/7534.48.3"
192.168.5.171 - - [02/Apr/2014:12:14:43 +0100] "GET /generate_204 HTTP/1.1" 200 2005 "-" "Mozilla/5.0 (Linux; Android 4.4.2; XT1032 Build/KXB20.9-1.10-1.24-1.1) AppleWebKit/537.36 (KHTML, like Gecko) Chrome/33.0.1750.170 Mobile Safari/537.36"
192.168.5.51 - - [02/Apr/2014:12:14:43 +0100] "GET /avatar/fcd759b4816a490133627c7a05e8250a?size=23&default=http%3A%2F%2Fwww.gravatar.com%2Favatar%2Fad516503a11cd5ca435acc9bb6523536%3Fsize%3D23 HTTP/1.1" 404 1291 "http://192.168.5.1/chat/ajax-chat.html" "Mozilla/5.0 (iPad; CPU OS 5_1_1 like Mac OS X) AppleWebKit/534.46 (KHTML, like Gecko) CriOS/28.0.1500.16 Mobile/9B206 Safari/7534.48.3"
192.168.5.51 - - [02/Apr/2014:12:14:43 +0100] "POST /chat/php/ajax.php?action=submitChat HTTP/1.1" 200 453 "http://192.168.5.1/chat/ajax-chat.html" "Mozilla/5.0 (iPad; CPU OS 5_1_1 like Mac OS X) AppleWebKit/534.46 (KHTML, like Gecko) CriOS/28.0.1500.16 Mobile/9B206 Safari/7534.48.3"
192.168.5.51 - - [02/Apr/2014:12:14:43 +0100] "GET /avatar/fcd759b4816a490133627c7a05e8250a?size=23&default=http%3A%2F%2Fwww.gravatar.com%2Favatar%2Fad516503a11cd5ca435acc9bb6523536%3Fsize%3D23 HTTP/1.1" 404 1291 "http://192.168.5.1/chat/ajax-chat.html" "Mozilla/5.0 (iPad; CPU OS 5_1_1 like Mac OS X) AppleWebKit/534.46 (KHTML, like Gecko) CriOS/28.0.1500.16 Mobile/9B206 Safari/7534.48.3"
192.168.5.171 - - [02/Apr/2014:12:14:44 +0100] "GET /favicon.ico HTTP/1.1" 404 1291 "-" "Mozilla/5.0 (Linux; Android 4.4.2; XT1032 Build/KXB20.9-1.10-1.24-1.1) AppleWebKit/537.36 (KHTML, like Gecko) Chrome/33.0.1750.170 Mobile Safari/537.36"
192.168.5.171 - - [02/Apr/2014:12:14:44 +0100] "GET /sp/MTkyLjE2OC41LjE=/?u=0000000000000000979fe93352879065&f=11&i=1&m=8d0f84728040321c85e42ddf02760db2 HTTP/1.1" 404 1292 "-" "Dalvik/1.6.0 (Linux; U; Android 4.4.2; XT1032 Build/KXB20.9-1.10-1.24-1.1)"
192.168.5.51 - - [02/Apr/2014:12:14:45 +0100] "GET /chat/php/ajax.php?action=getChats&lastID=76 HTTP/1.1" 200 697 "http://192.168.5.1/chat/ajax-chat.html" "Mozilla/5.0 (iPad; CPU OS 5_1_1 like Mac OS X) AppleWebKit/534.46 (KHTML, like Gecko) CriOS/28.0.1500.16 Mobile/9B206 Safari/7534.48.3"
192.168.5.51 - - [02/Apr/2014:12:14:45 +0100] "GET /avatar/fcd759b4816a490133627c7a05e8250a?size=23&default=http%3A%2F%2Fwww.gravatar.com%2Favatar%2Fad516503a11cd5ca435acc9bb6523536%3Fsize%3D23 HTTP/1.1" 404 1291 "http://192.168.5.1/chat/ajax-chat.html" "Mozilla/5.0 (iPad; CPU OS 5_1_1 like Mac OS X) AppleWebKit/534.46 (KHTML, like Gecko) CriOS/28.0.1500.16 Mobile/9B206 Safari/7534.48.3"
192.168.5.51 - - [02/Apr/2014:12:14:46 +0100] "GET /chat/php/ajax.php?action=getChats&lastID=77 HTTP/1.1" 200 439 "http://192.168.5.1/chat/ajax-chat.html" "Mozilla/5.0 (iPad; CPU OS 5_1_1 like Mac OS X) AppleWebKit/534.46 (KHTML, like Gecko) CriOS/28.0.1500.16 Mobile/9B206 Safari/7534.48.3"
192.168.5.51 - - [02/Apr/2014:12:14:47 +0100] "GET /chat/php/ajax.php?action=getChats&lastID=77 HTTP/1.1" 200 439 "http://192.168.5.1/chat/ajax-chat.html" "Mozilla/5.0 (iPad; CPU OS 5_1_1 like Mac OS X) AppleWebKit/534.46 (KHTML, like Gecko) CriOS/28.0.1500.16 Mobile/9B206 Safari/7534.48.3"
192.168.5.51 - - [02/Apr/2014:12:14:48 +0100] "GET /chat/php/ajax.php?action=getChats&lastID=77 HTTP/1.1" 200 439 "http://192.168.5.1/chat/ajax-chat.html" "Mozilla/5.0 (iPad; CPU OS 5_1_1 like Mac OS X) AppleWebKit/534.46 (KHTML, like Gecko) CriOS/28.0.1500.16 Mobile/9B206 Safari/7534.48.3"
192.168.5.51 - - [02/Apr/2014:12:14:49 +0100] "GET /chat/php/ajax.php?action=getChats&lastID=77 HTTP/1.1" 200 439 "http://192.168.5.1/chat/ajax-chat.html" "Mozilla/5.0 (iPad; CPU OS 5_1_1 like Mac OS X) AppleWebKit/534.46 (KHTML, like Gecko) CriOS/28.0.1500.16 Mobile/9B206 Safari/7534.48.3"
192.168.5.171 - - [02/Apr/2014:12:14:50 +0100] "HEAD / HTTP/1.1" 200 338 "-" "Mozilla/5.0 (Linux; Android 4.4.2; XT1032 Build/KXB20.9-1.10-1.24-1.1) AppleWebKit/537.36 (KHTML, like Gecko) Chrome/33.0.1750.170 Mobile Safari/537.36"
192.168.5.51 - - [02/Apr/2014:12:14:51 +0100] "GET /chat/php/ajax.php?action=getChats&lastID=77 HTTP/1.1" 200 439 "http://192.168.5.1/chat/ajax-chat.html" "Mozilla/5.0 (iPad; CPU OS 5_1_1 like Mac OS X) AppleWebKit/534.46 (KHTML, like Gecko) CriOS/28.0.1500.16 Mobile/9B206 Safari/7534.48.3"
192.168.5.51 - - [02/Apr/2014:12:14:53 +0100] "GET /chat/php/ajax.php?action=getChats&lastID=77 HTTP/1.1" 200 439 "http://192.168.5.1/chat/ajax-chat.html" "Mozilla/5.0 (iPad; CPU OS 5_1_1 like Mac OS X) AppleWebKit/534.46 (KHTML, like Gecko) CriOS/28.0.1500.16 Mobile/9B206 Safari/7534.48.3"
192.168.5.171 - - [02/Apr/2014:12:14:54 +0100] "HEAD / HTTP/1.1" 200 338 "-" "Mozilla/5.0 (Linux; Android 4.4.2; XT1032 Build/KXB20.9-1.10-1.24-1.1) AppleWebKit/537.36 (KHTML, like Gecko) Chrome/33.0.1750.170 Mobile Safari/537.36"
192.168.5.148 - - [02/Apr/2014:12:14:55 +0100] "GET /generate_204 HTTP/1.1" 200 2005 "-" "Dalvik/1.6.0 (Linux; U; Android 4.1.2; SHV-E210L Build/JZO54K)"
